Archive member included because of file (symbol)

lib/MXBluePillF103C8/libcore.a(abi.o)
                              (--whole-archive)
lib/MXBluePillF103C8/libcore.a(hooks.o)
                              (--whole-archive)
lib/MXBluePillF103C8/libcore.a(IPAddress.o)
                              (--whole-archive)
lib/MXBluePillF103C8/libcore.a(itoa.o)
                              (--whole-archive)
lib/MXBluePillF103C8/libcore.a(main.o)
                              (--whole-archive)
lib/MXBluePillF103C8/libcore.a(new.o)
                              (--whole-archive)
lib/MXBluePillF103C8/libcore.a(Print.o)
                              (--whole-archive)
lib/MXBluePillF103C8/libcore.a(RingBuffer.o)
                              (--whole-archive)
lib/MXBluePillF103C8/libcore.a(dtostrf.o)
                              (--whole-archive)
lib/MXBluePillF103C8/libcore.a(Stream.o)
                              (--whole-archive)
lib/MXBluePillF103C8/libcore.a(syscalls_stm32.o)
                              (--whole-archive)
lib/MXBluePillF103C8/libcore.a(Tone.o)
                              (--whole-archive)
lib/MXBluePillF103C8/libcore.a(UARTClass.o)
                              (--whole-archive)
lib/MXBluePillF103C8/libcore.a(USARTClass.o)
                              (--whole-archive)
lib/MXBluePillF103C8/libcore.a(WInterrupts.o)
                              (--whole-archive)
lib/MXBluePillF103C8/libcore.a(wiring.o)
                              (--whole-archive)
lib/MXBluePillF103C8/libcore.a(wiring_analog.o)
                              (--whole-archive)
lib/MXBluePillF103C8/libcore.a(wiring_digital.o)
                              (--whole-archive)
lib/MXBluePillF103C8/libcore.a(wiring_pulse.o)
                              (--whole-archive)
lib/MXBluePillF103C8/libcore.a(wiring_shift.o)
                              (--whole-archive)
lib/MXBluePillF103C8/libcore.a(WMath.o)
                              (--whole-archive)
lib/MXBluePillF103C8/libcore.a(WString.o)
                              (--whole-archive)
lib/MXBluePillF103C8/libcore.a(startup_stm32f103xb.o)
                              (--whole-archive)
lib/MXBluePillF103C8/libcore.a(system_stm32f1xx.o)
                              (--whole-archive)
lib/MXBluePillF103C8/libcore.a(stm32f1xx_hal.o)
                              (--whole-archive)
lib/MXBluePillF103C8/libcore.a(stm32f1xx_hal_adc.o)
                              (--whole-archive)
lib/MXBluePillF103C8/libcore.a(stm32f1xx_hal_adc_ex.o)
                              (--whole-archive)
lib/MXBluePillF103C8/libcore.a(stm32f1xx_hal_can.o)
                              (--whole-archive)
lib/MXBluePillF103C8/libcore.a(stm32f1xx_hal_cec.o)
                              (--whole-archive)
lib/MXBluePillF103C8/libcore.a(stm32f1xx_hal_cortex.o)
                              (--whole-archive)
lib/MXBluePillF103C8/libcore.a(stm32f1xx_hal_crc.o)
                              (--whole-archive)
lib/MXBluePillF103C8/libcore.a(stm32f1xx_hal_dac.o)
                              (--whole-archive)
lib/MXBluePillF103C8/libcore.a(stm32f1xx_hal_dac_ex.o)
                              (--whole-archive)
lib/MXBluePillF103C8/libcore.a(stm32f1xx_hal_dma.o)
                              (--whole-archive)
lib/MXBluePillF103C8/libcore.a(stm32f1xx_hal_eth.o)
                              (--whole-archive)
lib/MXBluePillF103C8/libcore.a(stm32f1xx_hal_flash.o)
                              (--whole-archive)
lib/MXBluePillF103C8/libcore.a(stm32f1xx_hal_flash_ex.o)
                              (--whole-archive)
lib/MXBluePillF103C8/libcore.a(stm32f1xx_hal_gpio.o)
                              (--whole-archive)
lib/MXBluePillF103C8/libcore.a(stm32f1xx_hal_gpio_ex.o)
                              (--whole-archive)
lib/MXBluePillF103C8/libcore.a(stm32f1xx_hal_hcd.o)
                              (--whole-archive)
lib/MXBluePillF103C8/libcore.a(stm32f1xx_hal_i2c.o)
                              (--whole-archive)
lib/MXBluePillF103C8/libcore.a(stm32f1xx_hal_i2s.o)
                              (--whole-archive)
lib/MXBluePillF103C8/libcore.a(stm32f1xx_hal_irda.o)
                              (--whole-archive)
lib/MXBluePillF103C8/libcore.a(stm32f1xx_hal_iwdg.o)
                              (--whole-archive)
lib/MXBluePillF103C8/libcore.a(stm32f1xx_hal_msp_template.o)
                              (--whole-archive)
lib/MXBluePillF103C8/libcore.a(stm32f1xx_hal_nand.o)
                              (--whole-archive)
lib/MXBluePillF103C8/libcore.a(stm32f1xx_hal_nor.o)
                              (--whole-archive)
lib/MXBluePillF103C8/libcore.a(stm32f1xx_hal_pccard.o)
                              (--whole-archive)
lib/MXBluePillF103C8/libcore.a(stm32f1xx_hal_pcd.o)
                              (--whole-archive)
lib/MXBluePillF103C8/libcore.a(stm32f1xx_hal_pcd_ex.o)
                              (--whole-archive)
lib/MXBluePillF103C8/libcore.a(stm32f1xx_hal_pwr.o)
                              (--whole-archive)
[...]
Memory Configuration

Name             Origin             Length             Attributes
FLASH            0x08000000         0x00010000         xr
RAM              0x20000000         0x00005000         xrw
*default*        0x00000000         0xffffffff

Linker script and memory map

LOAD d:/electronics/gcc-arm-none-eabi-4_8-2014q3-20140805-win32/bin/../lib/gcc/arm-none-eabi/4.8.4/armv7-m/crti.o
LOAD d:/electronics/gcc-arm-none-eabi-4_8-2014q3-20140805-win32/bin/../lib/gcc/arm-none-eabi/4.8.4/armv7-m/crtbegin.o
LOAD d:/electronics/gcc-arm-none-eabi-4_8-2014q3-20140805-win32/bin/../lib/gcc/arm-none-eabi/4.8.4/../../../../arm-none-eabi/lib/armv7-m/crt0.o
LOAD examples\Blink\MXBluePillF103C8\obj\examples\Blink\Blink.o
LOAD lib/MXBluePillF103C8/libcore.a
LOAD d:/electronics/gcc-arm-none-eabi-4_8-2014q3-20140805-win32/bin/../lib/gcc/arm-none-eabi/4.8.4/../../../../arm-none-eabi/lib/armv7-m\libstdc++_s.a
LOAD d:/electronics/gcc-arm-none-eabi-4_8-2014q3-20140805-win32/bin/../lib/gcc/arm-none-eabi/4.8.4/../../../../arm-none-eabi/lib/armv7-m\libsupc++_s.a
LOAD d:/electronics/gcc-arm-none-eabi-4_8-2014q3-20140805-win32/bin/../lib/gcc/arm-none-eabi/4.8.4/../../../../arm-none-eabi/lib/armv7-m\libm.a
LOAD d:/electronics/gcc-arm-none-eabi-4_8-2014q3-20140805-win32/bin/../lib/gcc/arm-none-eabi/4.8.4/armv7-m\libgcc.a
LOAD d:/electronics/gcc-arm-none-eabi-4_8-2014q3-20140805-win32/bin/../lib/gcc/arm-none-eabi/4.8.4/../../../../arm-none-eabi/lib/armv7-m\libc_s.a
LOAD d:/electronics/gcc-arm-none-eabi-4_8-2014q3-20140805-win32/bin/../lib/gcc/arm-none-eabi/4.8.4/../../../../arm-none-eabi/lib/armv7-m\libnosys.a
START GROUP
LOAD d:/electronics/gcc-arm-none-eabi-4_8-2014q3-20140805-win32/bin/../lib/gcc/arm-none-eabi/4.8.4/armv7-m\libgcc.a
LOAD d:/electronics/gcc-arm-none-eabi-4_8-2014q3-20140805-win32/bin/../lib/gcc/arm-none-eabi/4.8.4/../../../../arm-none-eabi/lib/armv7-m\libc_s.a
END GROUP
START GROUP
LOAD d:/electronics/gcc-arm-none-eabi-4_8-2014q3-20140805-win32/bin/../lib/gcc/arm-none-eabi/4.8.4/armv7-m\libgcc.a
LOAD d:/electronics/gcc-arm-none-eabi-4_8-2014q3-20140805-win32/bin/../lib/gcc/arm-none-eabi/4.8.4/../../../../arm-none-eabi/lib/armv7-m\libc_s.a
END GROUP
LOAD d:/electronics/gcc-arm-none-eabi-4_8-2014q3-20140805-win32/bin/../lib/gcc/arm-none-eabi/4.8.4/armv7-m/crtend.o
LOAD d:/electronics/gcc-arm-none-eabi-4_8-2014q3-20140805-win32/bin/../lib/gcc/arm-none-eabi/4.8.4/armv7-m/crtn.o
                0x20005000                _estack = 0x20005000
                0x00000200                _Min_Heap_Size = 0x200
                0x00000400                _Min_Stack_Size = 0x400

.isr_vector     0x08000000      0x10c
                0x08000000                . = ALIGN (0x4)
 *(.isr_vector)
 .isr_vector    0x08000000      0x10c lib/MXBluePillF103C8/libcore.a(startup_stm32f103xb.o)
                0x08000000                g_pfnVectors
                0x0800010c                . = ALIGN (0x4)

.text           0x0800010c     0x288c
                0x0800010c                . = ALIGN (0x4)
 *(.text)
 .text          0x0800010c       0x54 d:/electronics/gcc-arm-none-eabi-4_8-2014q3-20140805-win32/bin/../lib/gcc/arm-none-eabi/4.8.4/armv7-m/crtbegin.o
 *(.text*)
 .text.loop     0x08000160       0x38 examples\Blink\MXBluePillF103C8\obj\examples\Blink\Blink.o
                0x08000160                loop
 .text.setup    0x08000198       0x1c examples\Blink\MXBluePillF103C8\obj\examples\Blink\Blink.o
                0x08000198                setup
 .text.__empty  0x080001b4        0x4 lib/MXBluePillF103C8/libcore.a(hooks.o)
                0x080001b4                yield
 .text._ZNK9IPAddress7printToER5Print
                0x080001b8       0x40 lib/MXBluePillF103C8/libcore.a(IPAddress.o)
                0x080001b8                IPAddress::printTo(Print&) const
 .text.startup._GLOBAL__sub_I__ZN9IPAddressC2Ev
                0x080001f8       0x1c lib/MXBluePillF103C8/libcore.a(IPAddress.o)
 .text.initVariant
                0x08000214        0x4 lib/MXBluePillF103C8/libcore.a(main.o)
                0x08000214                initVariant
 .text.startup.main
                0x08000218       0x34 lib/MXBluePillF103C8/libcore.a(main.o)
                0x08000218                main
 .text._ZN5Print5writeEPKhj
                0x0800024c       0x2c lib/MXBluePillF103C8/libcore.a(Print.o)
                0x0800024c                Print::write(unsigned char const*, unsigned int)
 .text._ZN5Print5printEc
                0x08000278        0xc lib/MXBluePillF103C8/libcore.a(Print.o)
                0x08000278                Print::print(char)
 .text._ZN5Print7printlnEPKc
                0x08000284       0x30 lib/MXBluePillF103C8/libcore.a(Print.o)
                0x08000284                Print::println(char const*)
 .text._ZN5Print11printNumberEmh
                0x080002b4       0x60 lib/MXBluePillF103C8/libcore.a(Print.o)
                0x080002b4                Print::printNumber(unsigned long, unsigned char)
 .text._ZN5Print5printEmi
                0x08000314       0x18 lib/MXBluePillF103C8/libcore.a(Print.o)
                0x08000314                Print::print(unsigned long, int)
 .text._ZN5Print5printEhi
                0x0800032c        0x4 lib/MXBluePillF103C8/libcore.a(Print.o)
                0x0800032c                Print::print(unsigned char, int)
 .text._ZN9UARTClasscvbEv
                0x08000330        0x4 lib/MXBluePillF103C8/libcore.a(UARTClass.o)
                0x08000330                UARTClass::operator bool()
 .text._ZN9UARTClass5beginEm
                0x08000334        0x8 lib/MXBluePillF103C8/libcore.a(UARTClass.o)
                0x08000334                UARTClass::begin(unsigned long)
 .text._ZN9UARTClass3endEv
                0x0800033c        0x8 lib/MXBluePillF103C8/libcore.a(UARTClass.o)
                0x0800033c                UARTClass::end()
 .text._ZN9UARTClass9availableEv
                0x08000344        0x8 lib/MXBluePillF103C8/libcore.a(UARTClass.o)
                0x08000344                UARTClass::available()
 .text._ZN9UARTClass4peekEv
                0x0800034c        0xc lib/MXBluePillF103C8/libcore.a(UARTClass.o)
                0x0800034c                UARTClass::peek()
 .text._ZN9UARTClass4readEv
                0x08000358        0xc lib/MXBluePillF103C8/libcore.a(UARTClass.o)
                0x08000358                UARTClass::read()
 .text._ZN9UARTClass5flushEv
                0x08000364        0x8 lib/MXBluePillF103C8/libcore.a(UARTClass.o)
                0x08000364                UARTClass::flush()
 .text._ZN9UARTClass5writeEh
                0x0800036c        0xc lib/MXBluePillF103C8/libcore.a(UARTClass.o)
                0x0800036c                UARTClass::write(unsigned char)
 .text._ZN9UARTClassC2E9uart_id_e
                0x08000378       0x1c lib/MXBluePillF103C8/libcore.a(UARTClass.o)
                0x08000378                UARTClass::UARTClass(uart_id_e)
                0x08000378                UARTClass::UARTClass(uart_id_e)
 .text._ZN10USARTClass5beginEm
                0x08000394        0x8 lib/MXBluePillF103C8/libcore.a(USARTClass.o)
                0x08000394                USARTClass::begin(unsigned long)
 .text._ZN10USARTClassC2E9uart_id_e
                0x0800039c       0x18 lib/MXBluePillF103C8/libcore.a(USARTClass.o)
                0x0800039c                USARTClass::USARTClass(uart_id_e)
                0x0800039c                USARTClass::USARTClass(uart_id_e)
 .text.delay    0x080003b4       0x20 lib/MXBluePillF103C8/libcore.a(wiring.o)
                0x080003b4                delay
 .text.pinMode  0x080003d4      0x108 lib/MXBluePillF103C8/libcore.a(wiring_digital.o)
                0x080003d4                pinMode
 .text.digitalWrite
                0x080004dc       0x24 lib/MXBluePillF103C8/libcore.a(wiring_digital.o)
                0x080004dc                digitalWrite
 .text.Reset_Handler
                0x08000500       0x50 lib/MXBluePillF103C8/libcore.a(startup_stm32f103xb.o)
                0x08000500                Reset_Handler
 .text.Default_Handler
                0x08000550        0x4 lib/MXBluePillF103C8/libcore.a(startup_stm32f103xb.o)
                0x08000550                RTC_Alarm_IRQHandler
                0x08000550                PVD_IRQHandler
                0x08000550                PendSV_Handler
                0x08000550                I2C2_EV_IRQHandler
                0x08000550                ADC1_2_IRQHandler
                0x08000550                SPI1_IRQHandler
                0x08000550                TAMPER_IRQHandler
                0x08000550                DMA1_Channel4_IRQHandler
                0x08000550                USART3_IRQHandler
                0x08000550                RTC_IRQHandler
                0x08000550                DMA1_Channel7_IRQHandler
                0x08000550                CAN1_RX1_IRQHandler
                0x08000550                DMA1_Channel6_IRQHandler
                0x08000550                RCC_IRQHandler
                0x08000550                TIM1_TRG_COM_IRQHandler
                0x08000550                DMA1_Channel1_IRQHandler
                0x08000550                Default_Handler
                0x08000550                SPI2_IRQHandler
                0x08000550                SVC_Handler
                0x08000550                DMA1_Channel5_IRQHandler
                0x08000550                USB_LP_CAN1_RX0_IRQHandler
                0x08000550                USB_HP_CAN1_TX_IRQHandler
                0x08000550                DMA1_Channel3_IRQHandler
                0x08000550                WWDG_IRQHandler
                0x08000550                TIM1_BRK_IRQHandler
                0x08000550                I2C2_ER_IRQHandler
                0x08000550                DMA1_Channel2_IRQHandler
                0x08000550                CAN1_SCE_IRQHandler
                0x08000550                FLASH_IRQHandler
                0x08000550                USBWakeUp_IRQHandler
 .text.SystemInit
                0x08000554       0x50 lib/MXBluePillF103C8/libcore.a(system_stm32f1xx.o)
                0x08000554                SystemInit
 .text.HAL_Init
                0x080005a4       0x24 lib/MXBluePillF103C8/libcore.a(stm32f1xx_hal.o)
                0x080005a4                HAL_Init
 .text.HAL_IncTick
                0x080005c8       0x10 lib/MXBluePillF103C8/libcore.a(stm32f1xx_hal.o)
                0x080005c8                HAL_IncTick
 .text.HAL_GetTick
                0x080005d8        0xc lib/MXBluePillF103C8/libcore.a(stm32f1xx_hal.o)
                0x080005d8                HAL_GetTick
 .text.HAL_Delay
                0x080005e4       0x1c lib/MXBluePillF103C8/libcore.a(stm32f1xx_hal.o)
                0x080005e4                HAL_Delay
 .text.HAL_NVIC_SetPriorityGrouping
                0x08000600       0x24 lib/MXBluePillF103C8/libcore.a(stm32f1xx_hal_cortex.o)
                0x08000600                HAL_NVIC_SetPriorityGrouping
 .text.HAL_NVIC_SetPriority
                0x08000624       0x70 lib/MXBluePillF103C8/libcore.a(stm32f1xx_hal_cortex.o)
                0x08000624                HAL_NVIC_SetPriority
 .text.HAL_NVIC_EnableIRQ
                0x08000694       0x18 lib/MXBluePillF103C8/libcore.a(stm32f1xx_hal_cortex.o)
                0x08000694                HAL_NVIC_EnableIRQ
 .text.HAL_SYSTICK_Config
                0x080006ac       0x34 lib/MXBluePillF103C8/libcore.a(stm32f1xx_hal_cortex.o)
                0x080006ac                HAL_SYSTICK_Config
 .text.HAL_NVIC_ClearPendingIRQ
                0x080006e0       0x18 lib/MXBluePillF103C8/libcore.a(stm32f1xx_hal_cortex.o)
                0x080006e0                HAL_NVIC_ClearPendingIRQ
 .text.HAL_SYSTICK_CLKSourceConfig
                0x080006f8       0x18 lib/MXBluePillF103C8/libcore.a(stm32f1xx_hal_cortex.o)
                0x080006f8                HAL_SYSTICK_CLKSourceConfig
 .text.HAL_GPIO_Init
                0x08000710      0x204 lib/MXBluePillF103C8/libcore.a(stm32f1xx_hal_gpio.o)
                0x08000710                HAL_GPIO_Init
 .text.HAL_GPIO_DeInit
                0x08000914      0x108 lib/MXBluePillF103C8/libcore.a(stm32f1xx_hal_gpio.o)
                0x08000914                HAL_GPIO_DeInit
 .text.HAL_GPIO_WritePin
                0x08000a1c        0x8 lib/MXBluePillF103C8/libcore.a(stm32f1xx_hal_gpio.o)
                0x08000a1c                HAL_GPIO_WritePin
 .text.HAL_GPIO_EXTI_IRQHandler
                0x08000a24       0x18 lib/MXBluePillF103C8/libcore.a(stm32f1xx_hal_gpio.o)
                0x08000a24                HAL_GPIO_EXTI_IRQHandler
 .text.I2C_WaitOnFlagUntilTimeout
                0x08000a3c       0x9c lib/MXBluePillF103C8/libcore.a(stm32f1xx_hal_i2c.o)
 .text.HAL_I2C_Slave_Receive_IT
                0x08000ad8       0x6c lib/MXBluePillF103C8/libcore.a(stm32f1xx_hal_i2c.o)
                0x08000ad8                HAL_I2C_Slave_Receive_IT
 .text.HAL_I2C_MasterTxCpltCallback
                0x08000b44        0x4 lib/MXBluePillF103C8/libcore.a(stm32f1xx_hal_i2c.o)
                0x08000b44                HAL_I2C_MasterTxCpltCallback
 .text.HAL_I2C_MasterRxCpltCallback
                0x08000b48        0x4 lib/MXBluePillF103C8/libcore.a(stm32f1xx_hal_i2c.o)
                0x08000b48                HAL_I2C_MasterRxCpltCallback
 .text.HAL_I2C_MemTxCpltCallback
                0x08000b4c        0x4 lib/MXBluePillF103C8/libcore.a(stm32f1xx_hal_i2c.o)
                0x08000b4c                HAL_I2C_MemTxCpltCallback
 .text.HAL_I2C_MemRxCpltCallback
                0x08000b50        0x4 lib/MXBluePillF103C8/libcore.a(stm32f1xx_hal_i2c.o)
                0x08000b50                HAL_I2C_MemRxCpltCallback
 .text.HAL_I2C_EV_IRQHandler
                0x08000b54      0x218 lib/MXBluePillF103C8/libcore.a(stm32f1xx_hal_i2c.o)
                0x08000b54                HAL_I2C_EV_IRQHandler
 .text.HAL_I2C_ER_IRQHandler
                0x08000d6c       0xec lib/MXBluePillF103C8/libcore.a(stm32f1xx_hal_i2c.o)
                0x08000d6c                HAL_I2C_ER_IRQHandler
 .text.HAL_MspInit
                0x08000e58        0x4 lib/MXBluePillF103C8/libcore.a(stm32f1xx_hal_msp_template.o)
                0x08000e58                HAL_MspInit
 .text.HAL_RCC_OscConfig
                0x08000e5c      0x574 lib/MXBluePillF103C8/libcore.a(stm32f1xx_hal_rcc.o)
                0x08000e5c                HAL_RCC_OscConfig
 .text.HAL_RCC_GetSysClockFreq
                0x080013d0       0x94 lib/MXBluePillF103C8/libcore.a(stm32f1xx_hal_rcc.o)
                0x080013d0                HAL_RCC_GetSysClockFreq
 .text.HAL_RCC_ClockConfig
                0x08001464      0x184 lib/MXBluePillF103C8/libcore.a(stm32f1xx_hal_rcc.o)
                0x08001464                HAL_RCC_ClockConfig
 .text.HAL_RCC_GetHCLKFreq
                0x080015e8        0xc lib/MXBluePillF103C8/libcore.a(stm32f1xx_hal_rcc.o)
                0x080015e8                HAL_RCC_GetHCLKFreq
 .text.HAL_RCC_GetPCLK1Freq
                0x080015f4       0x30 lib/MXBluePillF103C8/libcore.a(stm32f1xx_hal_rcc.o)
                0x080015f4                HAL_RCC_GetPCLK1Freq
 .text.HAL_RCC_GetPCLK2Freq
                0x08001624       0x30 lib/MXBluePillF103C8/libcore.a(stm32f1xx_hal_rcc.o)
                0x08001624                HAL_RCC_GetPCLK2Freq
 .text.HAL_TIM_PWM_DeInit
                0x08001654       0x3c lib/MXBluePillF103C8/libcore.a(stm32f1xx_hal_tim.o)
                0x08001654                HAL_TIM_PWM_DeInit
 .text.HAL_TIM_PWM_Stop
                0x08001690       0x6c lib/MXBluePillF103C8/libcore.a(stm32f1xx_hal_tim.o)
                0x08001690                HAL_TIM_PWM_Stop
 .text.HAL_TIM_IC_CaptureCallback
                0x080016fc        0x4 lib/MXBluePillF103C8/libcore.a(stm32f1xx_hal_tim.o)
                0x080016fc                HAL_TIM_IC_CaptureCallback
 .text.HAL_TIM_PWM_PulseFinishedCallback
                0x08001700        0x4 lib/MXBluePillF103C8/libcore.a(stm32f1xx_hal_tim.o)
                0x08001700                HAL_TIM_PWM_PulseFinishedCallback
 .text.HAL_TIM_TriggerCallback
                0x08001704        0x4 lib/MXBluePillF103C8/libcore.a(stm32f1xx_hal_tim.o)
                0x08001704                HAL_TIM_TriggerCallback
 .text.HAL_TIM_IRQHandler
                0x08001708      0x154 lib/MXBluePillF103C8/libcore.a(stm32f1xx_hal_tim.o)
                0x08001708                HAL_TIM_IRQHandler
 .text.HAL_TIMEx_PWMN_Stop
                0x0800185c       0x54 lib/MXBluePillF103C8/libcore.a(stm32f1xx_hal_tim_ex.o)
                0x0800185c                HAL_TIMEx_PWMN_Stop
 .text.HAL_TIMEx_CommutationCallback
                0x080018b0        0x4 lib/MXBluePillF103C8/libcore.a(stm32f1xx_hal_tim_ex.o)
                0x080018b0                HAL_TIMEx_CommutationCallback
 .text.HAL_TIMEx_BreakCallback
                0x080018b4        0x4 lib/MXBluePillF103C8/libcore.a(stm32f1xx_hal_tim_ex.o)
                0x080018b4                HAL_TIMEx_BreakCallback
 .text.UART_SetConfig
                0x080018b8      0x1ac lib/MXBluePillF103C8/libcore.a(stm32f1xx_hal_uart.o)
 .text.UART_WaitOnFlagUntilTimeout.constprop.0
                0x08001a64       0x60 lib/MXBluePillF103C8/libcore.a(stm32f1xx_hal_uart.o)
 .text.HAL_UART_Init
                0x08001ac4       0x5c lib/MXBluePillF103C8/libcore.a(stm32f1xx_hal_uart.o)
                0x08001ac4                HAL_UART_Init
 .text.HAL_UART_DeInit
                0x08001b20       0x34 lib/MXBluePillF103C8/libcore.a(stm32f1xx_hal_uart.o)
                0x08001b20                HAL_UART_DeInit
 .text.HAL_UART_Transmit
                0x08001b54       0xc4 lib/MXBluePillF103C8/libcore.a(stm32f1xx_hal_uart.o)
                0x08001b54                HAL_UART_Transmit
 .text.HAL_UART_Receive_IT
                0x08001c18       0x74 lib/MXBluePillF103C8/libcore.a(stm32f1xx_hal_uart.o)
                0x08001c18                HAL_UART_Receive_IT
 .text.HAL_UART_TxCpltCallback
                0x08001c8c        0x4 lib/MXBluePillF103C8/libcore.a(stm32f1xx_hal_uart.o)
                0x08001c8c                HAL_UART_TxCpltCallback
 .text.HAL_UART_IRQHandler
                0x08001c90      0x1c8 lib/MXBluePillF103C8/libcore.a(stm32f1xx_hal_uart.o)
                0x08001c90                HAL_UART_IRQHandler
 .text.TIM1_AF_PartialRemap
                0x08001e58       0x30 lib/MXBluePillF103C8/libcore.a(analog.o)
 .text.TIM2_AF_FullRemap
                0x08001e88       0x2c lib/MXBluePillF103C8/libcore.a(analog.o)
 .text.TIM3_AF_FullRemap
                0x08001eb4       0x2c lib/MXBluePillF103C8/libcore.a(analog.o)
 .text.TIM3_AF_PartialRemap
                0x08001ee0       0x30 lib/MXBluePillF103C8/libcore.a(analog.o)
 .text.TIM4_AF_NoRemap
                0x08001f10       0x2c lib/MXBluePillF103C8/libcore.a(analog.o)
 .text.dac_stop
                0x08001f3c        0x4 lib/MXBluePillF103C8/libcore.a(analog.o)
                0x08001f3c                dac_stop
 .text.HAL_TIM_PWM_MspDeInit
                0x08001f40        0x4 lib/MXBluePillF103C8/libcore.a(analog.o)
                0x08001f40                HAL_TIM_PWM_MspDeInit
 .text.pwm_stop
                0x08001f44       0x64 lib/MXBluePillF103C8/libcore.a(analog.o)
                0x08001f44                pwm_stop
 .text.GetCurrentMilli
                0x08001fa8        0x4 lib/MXBluePillF103C8/libcore.a(clock.o)
                0x08001fa8                GetCurrentMilli
 .text.SysTick_Handler
                0x08001fac        0x4 lib/MXBluePillF103C8/libcore.a(clock.o)
                0x08001fac                SysTick_Handler
 .text.HAL_InitTick
                0x08001fb0       0x28 lib/MXBluePillF103C8/libcore.a(clock.o)
                0x08001fb0                HAL_InitTick
 .text.digital_io_init
                0x08001fd8       0xa4 lib/MXBluePillF103C8/libcore.a(digital_io.o)
                0x08001fd8                digital_io_init
 .text.digital_io_write
                0x0800207c       0x10 lib/MXBluePillF103C8/libcore.a(digital_io.o)
                0x0800207c                digital_io_write
 .text.hw_config_init
                0x0800208c       0x84 lib/MXBluePillF103C8/libcore.a(hw_config.o)
                0x0800208c                hw_config_init
 .text.NMI_Handler
                0x08002110        0x4 lib/MXBluePillF103C8/libcore.a(hw_config.o)
                0x08002110                NMI_Handler
 .text.HardFault_Handler
                0x08002114        0x4 lib/MXBluePillF103C8/libcore.a(hw_config.o)
                0x08002114                HardFault_Handler
 .text.MemManage_Handler
                0x08002118        0x4 lib/MXBluePillF103C8/libcore.a(hw_config.o)
                0x08002118                MemManage_Handler
 .text.BusFault_Handler
                0x0800211c        0x4 lib/MXBluePillF103C8/libcore.a(hw_config.o)
                0x0800211c                BusFault_Handler
 .text.UsageFault_Handler
                0x08002120        0x4 lib/MXBluePillF103C8/libcore.a(hw_config.o)
                0x08002120                UsageFault_Handler
 .text.DebugMon_Handler
                0x08002124        0x4 lib/MXBluePillF103C8/libcore.a(hw_config.o)
                0x08002124                DebugMon_Handler
 .text.HAL_GPIO_EXTI_Callback
                0x08002128       0x2c lib/MXBluePillF103C8/libcore.a(interrupt.o)
                0x08002128                HAL_GPIO_EXTI_Callback
 .text.EXTI0_IRQHandler
                0x08002154        0x8 lib/MXBluePillF103C8/libcore.a(interrupt.o)
                0x08002154                EXTI0_IRQHandler
 .text.EXTI1_IRQHandler
                0x0800215c        0x8 lib/MXBluePillF103C8/libcore.a(interrupt.o)
                0x0800215c                EXTI1_IRQHandler
 .text.EXTI2_IRQHandler
                0x08002164        0x8 lib/MXBluePillF103C8/libcore.a(interrupt.o)
                0x08002164                EXTI2_IRQHandler
 .text.EXTI3_IRQHandler
                0x0800216c        0x8 lib/MXBluePillF103C8/libcore.a(interrupt.o)
                0x0800216c                EXTI3_IRQHandler
 .text.EXTI4_IRQHandler
                0x08002174        0x8 lib/MXBluePillF103C8/libcore.a(interrupt.o)
                0x08002174                EXTI4_IRQHandler
 .text.EXTI9_5_IRQHandler
                0x0800217c       0x18 lib/MXBluePillF103C8/libcore.a(interrupt.o)
                0x0800217c                EXTI9_5_IRQHandler
 .text.EXTI15_10_IRQHandler
                0x08002194       0x18 lib/MXBluePillF103C8/libcore.a(interrupt.o)
                0x08002194                EXTI15_10_IRQHandler
 .text.tim1_clock_enable
                0x080021ac       0x20 lib/MXBluePillF103C8/libcore.a(timer.o)
 .text.tim1_clock_reset
                0x080021cc       0x10 lib/MXBluePillF103C8/libcore.a(timer.o)
 .text.tim2_clock_enable
                0x080021dc       0x20 lib/MXBluePillF103C8/libcore.a(timer.o)
 .text.tim2_clock_reset
                0x080021fc       0x10 lib/MXBluePillF103C8/libcore.a(timer.o)
 .text.tim3_clock_enable
                0x0800220c       0x20 lib/MXBluePillF103C8/libcore.a(timer.o)
 .text.tim3_clock_reset
                0x0800222c       0x10 lib/MXBluePillF103C8/libcore.a(timer.o)
 .text.tim4_clock_enable
                0x0800223c       0x20 lib/MXBluePillF103C8/libcore.a(timer.o)
 .text.tim4_clock_reset
                0x0800225c       0x10 lib/MXBluePillF103C8/libcore.a(timer.o)
 .text.timer_disable_clock
                0x0800226c       0x34 lib/MXBluePillF103C8/libcore.a(timer.o)
                0x0800226c                timer_disable_clock
 .text.HAL_TIM_OC_DelayElapsedCallback
                0x080022a0       0x5c lib/MXBluePillF103C8/libcore.a(timer.o)
                0x080022a0                HAL_TIM_OC_DelayElapsedCallback
 .text.HAL_TIM_PeriodElapsedCallback
                0x080022fc       0x50 lib/MXBluePillF103C8/libcore.a(timer.o)
                0x080022fc                HAL_TIM_PeriodElapsedCallback
 .text.TIM1_UP_IRQHandler
                0x0800234c        0xc lib/MXBluePillF103C8/libcore.a(timer.o)
                0x0800234c                TIM1_UP_IRQHandler
 .text.TIM1_CC_IRQHandler
                0x08002358        0xc lib/MXBluePillF103C8/libcore.a(timer.o)
                0x08002358                TIM1_CC_IRQHandler
 .text.TIM2_IRQHandler
                0x08002364        0xc lib/MXBluePillF103C8/libcore.a(timer.o)
                0x08002364                TIM2_IRQHandler
 .text.TIM3_IRQHandler
                0x08002370        0xc lib/MXBluePillF103C8/libcore.a(timer.o)
                0x08002370                TIM3_IRQHandler
 .text.TIM4_IRQHandler
                0x0800237c        0xc lib/MXBluePillF103C8/libcore.a(timer.o)
                0x0800237c                TIM4_IRQHandler
 .text.i2c1_clk_enable
                0x08002388       0x20 lib/MXBluePillF103C8/libcore.a(twi.o)
 .text.i2c1_clk_disable
                0x080023a8       0x10 lib/MXBluePillF103C8/libcore.a(twi.o)
 .text.i2c1_scl_clk_enable
                0x080023b8       0x20 lib/MXBluePillF103C8/libcore.a(twi.o)
 .text.i2c1_sda_clk_enable
                0x080023d8       0x20 lib/MXBluePillF103C8/libcore.a(twi.o)
 .text.i2c1_scl_clk_disable
                0x080023f8       0x10 lib/MXBluePillF103C8/libcore.a(twi.o)
 .text.i2c1_sda_clk_disable
                0x08002408       0x10 lib/MXBluePillF103C8/libcore.a(twi.o)
 .text.i2c1_force_reset
                0x08002418       0x10 lib/MXBluePillF103C8/libcore.a(twi.o)
 .text.i2c1_release_reset
                0x08002428       0x10 lib/MXBluePillF103C8/libcore.a(twi.o)
 .text.i2c1_alternate
                0x08002438       0x2c lib/MXBluePillF103C8/libcore.a(twi.o)
 .text.HAL_I2C_SlaveTxCpltCallback
                0x08002464       0x30 lib/MXBluePillF103C8/libcore.a(twi.o)
                0x08002464                HAL_I2C_SlaveTxCpltCallback
 .text.HAL_I2C_SlaveRxCpltCallback
                0x08002494       0x58 lib/MXBluePillF103C8/libcore.a(twi.o)
                0x08002494                HAL_I2C_SlaveRxCpltCallback
 .text.HAL_I2C_ErrorCallback
                0x080024ec        0x4 lib/MXBluePillF103C8/libcore.a(twi.o)
                0x080024ec                HAL_I2C_ErrorCallback
 .text.I2C1_EV_IRQHandler
                0x080024f0        0xc lib/MXBluePillF103C8/libcore.a(twi.o)
                0x080024f0                I2C1_EV_IRQHandler
 .text.I2C1_ER_IRQHandler
                0x080024fc        0xc lib/MXBluePillF103C8/libcore.a(twi.o)
                0x080024fc                I2C1_ER_IRQHandler
 .text.usart1_clock_enable
                0x08002508       0x20 lib/MXBluePillF103C8/libcore.a(uart.o)
 .text.usart1_force_reset
                0x08002528       0x10 lib/MXBluePillF103C8/libcore.a(uart.o)
 .text.usart1_release_reset
                0x08002538       0x10 lib/MXBluePillF103C8/libcore.a(uart.o)
 .text.usart2_clock_enable
                0x08002548       0x20 lib/MXBluePillF103C8/libcore.a(uart.o)
 .text.usart2_force_reset
                0x08002568       0x10 lib/MXBluePillF103C8/libcore.a(uart.o)
 .text.usart2_release_reset
                0x08002578       0x10 lib/MXBluePillF103C8/libcore.a(uart.o)
 .text.gpioa_clock_enable
                0x08002588       0x20 lib/MXBluePillF103C8/libcore.a(uart.o)
 .text.USART1_AF_Remap
                0x080025a8       0x2c lib/MXBluePillF103C8/libcore.a(uart.o)
 .text.USART2_AF_Remap
                0x080025d4       0x2c lib/MXBluePillF103C8/libcore.a(uart.o)
 .text.HAL_UART_MspInit
                0x08002600       0x68 lib/MXBluePillF103C8/libcore.a(uart.o)
                0x08002600                HAL_UART_MspInit
 .text.HAL_UART_MspDeInit
                0x08002668       0x44 lib/MXBluePillF103C8/libcore.a(uart.o)
                0x08002668                HAL_UART_MspDeInit
 .text.uart_init
                0x080026ac       0x60 lib/MXBluePillF103C8/libcore.a(uart.o)
                0x080026ac                uart_init
 .text.uart_deinit
                0x0800270c       0x10 lib/MXBluePillF103C8/libcore.a(uart.o)
                0x0800270c                uart_deinit
 .text.uart_available
                0x0800271c       0x14 lib/MXBluePillF103C8/libcore.a(uart.o)
                0x0800271c                uart_available
 .text.uart_read
                0x08002730       0x54 lib/MXBluePillF103C8/libcore.a(uart.o)
                0x08002730                uart_read
 .text.uart_peek
                0x08002784       0x24 lib/MXBluePillF103C8/libcore.a(uart.o)
                0x08002784                uart_peek
 .text.uart_flush
                0x080027a8       0x1c lib/MXBluePillF103C8/libcore.a(uart.o)
                0x080027a8                uart_flush
 .text.uart_write
                0x080027c4       0x28 lib/MXBluePillF103C8/libcore.a(uart.o)
                0x080027c4                uart_write
 .text.HAL_UART_ErrorCallback
                0x080027ec       0x38 lib/MXBluePillF103C8/libcore.a(uart.o)
                0x080027ec                HAL_UART_ErrorCallback
 .text.HAL_UART_RxCpltCallback
                0x08002824       0x88 lib/MXBluePillF103C8/libcore.a(uart.o)
                0x08002824                HAL_UART_RxCpltCallback
 .text.USART1_IRQHandler
                0x080028ac       0x18 lib/MXBluePillF103C8/libcore.a(uart.o)
                0x080028ac                USART1_IRQHandler
 .text.USART2_IRQHandler
                0x080028c4       0x18 lib/MXBluePillF103C8/libcore.a(uart.o)
                0x080028c4                USART2_IRQHandler
 .text._Z11serialEventv
                0x080028dc        0x4 lib/MXBluePillF103C8/libcore.a(variant.o)
                0x080028dc                serialEvent()
 .text.init     0x080028e0        0x4 lib/MXBluePillF103C8/libcore.a(variant.o)
                0x080028e0                init
 .text.startup._GLOBAL__sub_I_g_APinDescription
                0x080028e4       0x2c lib/MXBluePillF103C8/libcore.a(variant.o)
 .text._Z14serialEventRunv
                0x08002910       0x14 lib/MXBluePillF103C8/libcore.a(variant.o)
                0x08002910                serialEventRun()
 .text.__libc_init_array
                0x08002924       0x4c d:/electronics/gcc-arm-none-eabi-4_8-2014q3-20140805-win32/bin/../lib/gcc/arm-none-eabi/4.8.4/../../../../arm-none-eabi/lib/armv7-m\libc_s.a(lib_a-init.o)
                0x08002924                __libc_init_array
 .text.strlen   0x08002970       0x10 d:/electronics/gcc-arm-none-eabi-4_8-2014q3-20140805-win32/bin/../lib/gcc/arm-none-eabi/4.8.4/../../../../arm-none-eabi/lib/armv7-m\libc_s.a(lib_a-strlen.o)
                0x08002970                strlen
 *(.glue_7)
 .glue_7        0x00000000        0x0 linker stubs
 *(.glue_7t)
 .glue_7t       0x00000000        0x0 linker stubs
 *(.eh_frame)
 .eh_frame      0x08002980        0x0 d:/electronics/gcc-arm-none-eabi-4_8-2014q3-20140805-win32/bin/../lib/gcc/arm-none-eabi/4.8.4/armv7-m/crtbegin.o
 *(.init)
 .init          0x08002980        0x4 d:/electronics/gcc-arm-none-eabi-4_8-2014q3-20140805-win32/bin/../lib/gcc/arm-none-eabi/4.8.4/armv7-m/crti.o
                0x08002980                _init
 .init          0x08002984        0x8 d:/electronics/gcc-arm-none-eabi-4_8-2014q3-20140805-win32/bin/../lib/gcc/arm-none-eabi/4.8.4/armv7-m/crtn.o
 *(.fini)
 .fini          0x0800298c        0x4 d:/electronics/gcc-arm-none-eabi-4_8-2014q3-20140805-win32/bin/../lib/gcc/arm-none-eabi/4.8.4/armv7-m/crti.o
                0x0800298c                _fini
 .fini          0x08002990        0x8 d:/electronics/gcc-arm-none-eabi-4_8-2014q3-20140805-win32/bin/../lib/gcc/arm-none-eabi/4.8.4/armv7-m/crtn.o
                0x08002998                . = ALIGN (0x4)
                0x08002998                _etext = .

.vfp11_veneer   0x08002998        0x0
 .vfp11_veneer  0x00000000        0x0 linker stubs

.v4_bx          0x08002998        0x0
 .v4_bx         0x00000000        0x0 linker stubs

.iplt           0x08002998        0x0
 .iplt          0x00000000        0x0 d:/electronics/gcc-arm-none-eabi-4_8-2014q3-20140805-win32/bin/../lib/gcc/arm-none-eabi/4.8.4/armv7-m/crtbegin.o

.rodata         0x08002998      0x37c
                0x08002998                . = ALIGN (0x4)
 *(.rodata)
 .rodata        0x08002998       0x14 lib/MXBluePillF103C8/libcore.a(stm32f1xx_hal_rcc.o)
 *(.rodata*)
 .rodata.str1.4
                0x080029ac        0x5 examples\Blink\MXBluePillF103C8\obj\examples\Blink\Blink.o
                                  0x8 (size before relaxing)
 *fill*         0x080029b1        0x7 
 .rodata._ZTV9IPAddress
                0x080029b8       0x10 lib/MXBluePillF103C8/libcore.a(IPAddress.o)
                0x080029b8                vtable for IPAddress
 .rodata.str1.4
                0x080029c8       0x14 lib/MXBluePillF103C8/libcore.a(Print.o)
 *fill*         0x080029dc        0x4 
 .rodata._ZTV9UARTClass
                0x080029e0       0x30 lib/MXBluePillF103C8/libcore.a(UARTClass.o)
                0x080029e0                vtable for UARTClass
 .rodata._ZTV10USARTClass
                0x08002a10       0x30 lib/MXBluePillF103C8/libcore.a(USARTClass.o)
                0x08002a10                vtable for USARTClass
 .rodata.AHBPrescTable
                0x08002a40       0x10 lib/MXBluePillF103C8/libcore.a(system_stm32f1xx.o)
                0x08002a40                AHBPrescTable
 .rodata.APBPrescTable
                0x08002a50        0x8 lib/MXBluePillF103C8/libcore.a(system_stm32f1xx.o)
                0x08002a50                APBPrescTable
 .rodata.g_APinDescription
                0x08002a58      0x2bc lib/MXBluePillF103C8/libcore.a(variant.o)
                0x08002a58                g_APinDescription
                0x08002d14                . = ALIGN (0x4)

.rel.dyn        0x08002d14        0x0
 .rel.iplt      0x00000000        0x0 d:/electronics/gcc-arm-none-eabi-4_8-2014q3-20140805-win32/bin/../lib/gcc/arm-none-eabi/4.8.4/armv7-m/crtbegin.o

.ARM.extab
 *(.ARM.extab* .gnu.linkonce.armextab.*)

.ARM            0x08002d14        0x0
                0x08002d14                __exidx_start = .
 *(.ARM.exidx*)
                0x08002d14                __exidx_end = .

.preinit_array  0x08002d14        0x0
                0x08002d14                PROVIDE (__preinit_array_start, .)
 *(.preinit_array*)
                0x08002d14                PROVIDE (__preinit_array_end, .)

.init_array     0x08002d14        0xc
                0x08002d14                PROVIDE (__init_array_start, .)
 *(SORT(.init_array.*))
 *(.init_array*)
 .init_array    0x08002d14        0x4 d:/electronics/gcc-arm-none-eabi-4_8-2014q3-20140805-win32/bin/../lib/gcc/arm-none-eabi/4.8.4/armv7-m/crtbegin.o
 .init_array    0x08002d18        0x4 lib/MXBluePillF103C8/libcore.a(IPAddress.o)
 .init_array    0x08002d1c        0x4 lib/MXBluePillF103C8/libcore.a(variant.o)
                0x08002d20                PROVIDE (__init_array_end, .)

.fini_array     0x08002d20        0x4
                0x08002d20                PROVIDE (__fini_array_start, .)
 *(SORT(.fini_array.*))
 *(.fini_array*)
 .fini_array    0x08002d20        0x4 d:/electronics/gcc-arm-none-eabi-4_8-2014q3-20140805-win32/bin/../lib/gcc/arm-none-eabi/4.8.4/armv7-m/crtbegin.o
                0x08002d24                PROVIDE (__fini_array_end, .)
                0x08002d24                _sidata = LOADADDR (.data)

.data           0x20000000      0xbf4 load address 0x08002d24
                0x20000000                . = ALIGN (0x4)
                0x20000000                _sdata = .
 *(.data)
 *(.data*)
 .data.SystemCoreClock
                0x20000000        0x4 lib/MXBluePillF103C8/libcore.a(system_stm32f1xx.o)
                0x20000000                SystemCoreClock
 .data.g_analog_config
                0x20000004      0x780 lib/MXBluePillF103C8/libcore.a(analog.o)
                0x20000004                g_analog_config
 .data.gpio_irq_conf
                0x20000784      0x140 lib/MXBluePillF103C8/libcore.a(interrupt.o)
 .data.g_timer_config
                0x200008c4       0xd0 lib/MXBluePillF103C8/libcore.a(timer.o)
 .data.g_i2c_init_info
                0x20000994       0xc0 lib/MXBluePillF103C8/libcore.a(twi.o)
 .data.g_uart_config
                0x20000a54      0x1a0 lib/MXBluePillF103C8/libcore.a(uart.o)
                0x20000bf4                . = ALIGN (0x4)
                0x20000bf4                _edata = .

.jcr            0x20000bf4        0x0 load address 0x08003918
 .jcr           0x20000bf4        0x0 d:/electronics/gcc-arm-none-eabi-4_8-2014q3-20140805-win32/bin/../lib/gcc/arm-none-eabi/4.8.4/armv7-m/crtbegin.o

.igot.plt       0x20000bf4        0x0 load address 0x08003918
 .igot.plt      0x00000000        0x0 d:/electronics/gcc-arm-none-eabi-4_8-2014q3-20140805-win32/bin/../lib/gcc/arm-none-eabi/4.8.4/armv7-m/crtbegin.o
                0x20000bf4                . = ALIGN (0x4)

.bss            0x20000bf4      0x7b4 load address 0x08003918
                0x20000bf4                _sbss = .
                0x20000bf4                __bss_start__ = _sbss
 *(.bss)
 .bss           0x20000bf4       0x1c d:/electronics/gcc-arm-none-eabi-4_8-2014q3-20140805-win32/bin/../lib/gcc/arm-none-eabi/4.8.4/armv7-m/crtbegin.o
 *(.bss*)
 .bss._ZL11INADDR_NONE
                0x20000c10        0x8 lib/MXBluePillF103C8/libcore.a(IPAddress.o)
 .bss.uwTick    0x20000c18        0x4 lib/MXBluePillF103C8/libcore.a(stm32f1xx_hal.o)
 .bss.g_TimerHandle
                0x20000c1c       0xf0 lib/MXBluePillF103C8/libcore.a(timer.o)
 .bss.g_UartHandle
                0x20000d0c       0x80 lib/MXBluePillF103C8/libcore.a(uart.o)
 .bss.Serial    0x20000d8c       0x14 lib/MXBluePillF103C8/libcore.a(variant.o)
                0x20000d8c                Serial
 .bss.Serial1   0x20000da0       0x14 lib/MXBluePillF103C8/libcore.a(variant.o)
                0x20000da0                Serial1
 .bss.Serial2   0x20000db4       0x14 lib/MXBluePillF103C8/libcore.a(variant.o)
                0x20000db4                Serial2
 *(COMMON)
 COMMON         0x20000dc8      0x334 lib/MXBluePillF103C8/libcore.a(wiring_analog.o)
                0x20000dc8                g_anOutputPinConfigured
                0x20001070                g_anInputPinConfigured
 COMMON         0x200010fc      0x2a8 lib/MXBluePillF103C8/libcore.a(wiring_digital.o)
                0x200010fc                g_digPinConfigured
 COMMON         0x200013a4        0x1 lib/MXBluePillF103C8/libcore.a(uart.o)
                0x200013a4                g_rx_data
                0x200013a8                . = ALIGN (0x4)
 *fill*         0x200013a5        0x3 
                0x200013a8                _ebss = .
                0x200013a8                __bss_end__ = _ebss

._user_heap_stack
                0x200013a8      0x600 load address 0x08003918
                0x200013a8                . = ALIGN (0x4)
                0x200013a8                PROVIDE (end, .)
                0x200013a8                PROVIDE (_end, .)
                0x200015a8                . = (. + _Min_Heap_Size)
 *fill*         0x200013a8      0x200 
                0x200019a8                . = (. + _Min_Stack_Size)
 *fill*         0x200015a8      0x400 
                0x200019a8                . = ALIGN (0x4)

/DISCARD/
 libc.a(*)
 libm.a(*)
 libgcc.a(*)

.ARM.attributes
                0x00000000       0x29
 *(.ARM.attributes)
 .ARM.attributes
                0x00000000       0x1d d:/electronics/gcc-arm-none-eabi-4_8-2014q3-20140805-win32/bin/../lib/gcc/arm-none-eabi/4.8.4/armv7-m/crti.o
 .ARM.attributes
                0x0000001d       0x2d d:/electronics/gcc-arm-none-eabi-4_8-2014q3-20140805-win32/bin/../lib/gcc/arm-none-eabi/4.8.4/armv7-m/crtbegin.o
 .ARM.attributes
                0x0000004a       0x33 examples\Blink\MXBluePillF103C8\obj\examples\Blink\Blink.o
 .ARM.attributes
                0x0000007d       0x33 lib/MXBluePillF103C8/libcore.a(hooks.o)
 .ARM.attributes
                0x000000b0       0x33 lib/MXBluePillF103C8/libcore.a(IPAddress.o)
 .ARM.attributes
                0x000000e3       0x33 lib/MXBluePillF103C8/libcore.a(main.o)
 .ARM.attributes
                0x00000116       0x33 lib/MXBluePillF103C8/libcore.a(Print.o)
 .ARM.attributes
                0x00000149       0x33 lib/MXBluePillF103C8/libcore.a(UARTClass.o)
 .ARM.attributes
                0x0000017c       0x33 lib/MXBluePillF103C8/libcore.a(USARTClass.o)
 .ARM.attributes
                0x000001af       0x33 lib/MXBluePillF103C8/libcore.a(wiring.o)
 .ARM.attributes
                0x000001e2       0x33 lib/MXBluePillF103C8/libcore.a(wiring_analog.o)
 .ARM.attributes
                0x00000215       0x33 lib/MXBluePillF103C8/libcore.a(wiring_digital.o)
 .ARM.attributes
                0x00000248       0x21 lib/MXBluePillF103C8/libcore.a(startup_stm32f103xb.o)
 .ARM.attributes
                0x00000269       0x33 lib/MXBluePillF103C8/libcore.a(system_stm32f1xx.o)
 .ARM.attributes
                0x0000029c       0x33 lib/MXBluePillF103C8/libcore.a(stm32f1xx_hal.o)
 .ARM.attributes
                0x000002cf       0x33 lib/MXBluePillF103C8/libcore.a(stm32f1xx_hal_cortex.o)
 .ARM.attributes
                0x00000302       0x33 lib/MXBluePillF103C8/libcore.a(stm32f1xx_hal_gpio.o)
 .ARM.attributes
                0x00000335       0x33 lib/MXBluePillF103C8/libcore.a(stm32f1xx_hal_i2c.o)
 .ARM.attributes
                0x00000368       0x33 lib/MXBluePillF103C8/libcore.a(stm32f1xx_hal_msp_template.o)
 .ARM.attributes
                0x0000039b       0x33 lib/MXBluePillF103C8/libcore.a(stm32f1xx_hal_rcc.o)
 .ARM.attributes
                0x000003ce       0x33 lib/MXBluePillF103C8/libcore.a(stm32f1xx_hal_tim.o)
 .ARM.attributes
                0x00000401       0x33 lib/MXBluePillF103C8/libcore.a(stm32f1xx_hal_tim_ex.o)
 .ARM.attributes
                0x00000434       0x33 lib/MXBluePillF103C8/libcore.a(stm32f1xx_hal_uart.o)
 .ARM.attributes
                0x00000467       0x33 lib/MXBluePillF103C8/libcore.a(analog.o)
 .ARM.attributes
                0x0000049a       0x33 lib/MXBluePillF103C8/libcore.a(clock.o)
 .ARM.attributes
                0x000004cd       0x33 lib/MXBluePillF103C8/libcore.a(digital_io.o)
 .ARM.attributes
                0x00000500       0x33 lib/MXBluePillF103C8/libcore.a(hw_config.o)
 .ARM.attributes
                0x00000533       0x33 lib/MXBluePillF103C8/libcore.a(interrupt.o)
 .ARM.attributes
                0x00000566       0x33 lib/MXBluePillF103C8/libcore.a(timer.o)
 .ARM.attributes
                0x00000599       0x33 lib/MXBluePillF103C8/libcore.a(twi.o)
 .ARM.attributes
                0x000005cc       0x33 lib/MXBluePillF103C8/libcore.a(uart.o)
 .ARM.attributes
                0x000005ff       0x33 lib/MXBluePillF103C8/libcore.a(variant.o)
 .ARM.attributes
                0x00000632       0x2d d:/electronics/gcc-arm-none-eabi-4_8-2014q3-20140805-win32/bin/../lib/gcc/arm-none-eabi/4.8.4/../../../../arm-none-eabi/lib/armv7-m\libc_s.a(lib_a-init.o)
 .ARM.attributes
                0x0000065f       0x2d d:/electronics/gcc-arm-none-eabi-4_8-2014q3-20140805-win32/bin/../lib/gcc/arm-none-eabi/4.8.4/../../../../arm-none-eabi/lib/armv7-m\libc_s.a(lib_a-strlen.o)
 .ARM.attributes
                0x0000068c       0x1d d:/electronics/gcc-arm-none-eabi-4_8-2014q3-20140805-win32/bin/../lib/gcc/arm-none-eabi/4.8.4/armv7-m/crtn.o
OUTPUT(examples\Blink\MXBluePillF103C8\Blink.sys elf32-littlearm)

.comment        0x00000000       0x70
 .comment       0x00000000       0x70 examples\Blink\MXBluePillF103C8\obj\examples\Blink\Blink.o
                                 0x71 (size before relaxing)
 .comment       0x00000000       0x71 lib/MXBluePillF103C8/libcore.a(hooks.o)
 .comment       0x00000000       0x71 lib/MXBluePillF103C8/libcore.a(IPAddress.o)
 .comment       0x00000000       0x71 lib/MXBluePillF103C8/libcore.a(main.o)
 .comment       0x00000000       0x71 lib/MXBluePillF103C8/libcore.a(Print.o)
 .comment       0x00000000       0x71 lib/MXBluePillF103C8/libcore.a(UARTClass.o)
 .comment       0x00000000       0x71 lib/MXBluePillF103C8/libcore.a(USARTClass.o)
 .comment       0x00000000       0x71 lib/MXBluePillF103C8/libcore.a(wiring.o)
 .comment       0x00000000       0x71 lib/MXBluePillF103C8/libcore.a(wiring_analog.o)
 .comment       0x00000000       0x71 lib/MXBluePillF103C8/libcore.a(wiring_digital.o)
 .comment       0x00000000       0x71 lib/MXBluePillF103C8/libcore.a(system_stm32f1xx.o)
 .comment       0x00000000       0x71 lib/MXBluePillF103C8/libcore.a(stm32f1xx_hal.o)
 .comment       0x00000000       0x71 lib/MXBluePillF103C8/libcore.a(stm32f1xx_hal_cortex.o)
 .comment       0x00000000       0x71 lib/MXBluePillF103C8/libcore.a(stm32f1xx_hal_gpio.o)
 .comment       0x00000000       0x71 lib/MXBluePillF103C8/libcore.a(stm32f1xx_hal_i2c.o)
 .comment       0x00000000       0x71 lib/MXBluePillF103C8/libcore.a(stm32f1xx_hal_msp_template.o)
 .comment       0x00000000       0x71 lib/MXBluePillF103C8/libcore.a(stm32f1xx_hal_rcc.o)
 .comment       0x00000000       0x71 lib/MXBluePillF103C8/libcore.a(stm32f1xx_hal_tim.o)
 .comment       0x00000000       0x71 lib/MXBluePillF103C8/libcore.a(stm32f1xx_hal_tim_ex.o)
 .comment       0x00000000       0x71 lib/MXBluePillF103C8/libcore.a(stm32f1xx_hal_uart.o)
 .comment       0x00000000       0x71 lib/MXBluePillF103C8/libcore.a(analog.o)
 .comment       0x00000000       0x71 lib/MXBluePillF103C8/libcore.a(clock.o)
 .comment       0x00000000       0x71 lib/MXBluePillF103C8/libcore.a(digital_io.o)
 .comment       0x00000000       0x71 lib/MXBluePillF103C8/libcore.a(hw_config.o)
 .comment       0x00000000       0x71 lib/MXBluePillF103C8/libcore.a(interrupt.o)
 .comment       0x00000000       0x71 lib/MXBluePillF103C8/libcore.a(timer.o)
 .comment       0x00000000       0x71 lib/MXBluePillF103C8/libcore.a(twi.o)
 .comment       0x00000000       0x71 lib/MXBluePillF103C8/libcore.a(uart.o)
 .comment       0x00000000       0x71 lib/MXBluePillF103C8/libcore.a(variant.o)

.debug_frame    0x00000000       0x4c
 .debug_frame   0x00000000       0x2c d:/electronics/gcc-arm-none-eabi-4_8-2014q3-20140805-win32/bin/../lib/gcc/arm-none-eabi/4.8.4/../../../../arm-none-eabi/lib/armv7-m\libc_s.a(lib_a-init.o)
 .debug_frame   0x0000002c       0x20 d:/electronics/gcc-arm-none-eabi-4_8-2014q3-20140805-win32/bin/../lib/gcc/arm-none-eabi/4.8.4/../../../../arm-none-eabi/lib/armv7-m\libc_s.a(lib_a-strlen.o)

Cross Reference Table

Symbol                                            File
ADC1_2_IRQHandler                                 lib/MXBluePillF103C8/libcore.a(startup_stm32f103xb.o)
ADC_ConversionStop_Disable                        lib/MXBluePillF103C8/libcore.a(stm32f1xx_hal_adc.o)
                                                  lib/MXBluePillF103C8/libcore.a(stm32f1xx_hal_adc_ex.o)
ADC_DMAConvCplt                                   lib/MXBluePillF103C8/libcore.a(stm32f1xx_hal_adc.o)
                                                  lib/MXBluePillF103C8/libcore.a(stm32f1xx_hal_adc_ex.o)
ADC_DMAError                                      lib/MXBluePillF103C8/libcore.a(stm32f1xx_hal_adc.o)
                                                  lib/MXBluePillF103C8/libcore.a(stm32f1xx_hal_adc_ex.o)
ADC_DMAHalfConvCplt                               lib/MXBluePillF103C8/libcore.a(stm32f1xx_hal_adc.o)
                                                  lib/MXBluePillF103C8/libcore.a(stm32f1xx_hal_adc_ex.o)
ADC_Enable                                        lib/MXBluePillF103C8/libcore.a(stm32f1xx_hal_adc.o)
                                                  lib/MXBluePillF103C8/libcore.a(stm32f1xx_hal_adc_ex.o)
AHBPrescTable                                     lib/MXBluePillF103C8/libcore.a(system_stm32f1xx.o)
                                                  lib/MXBluePillF103C8/libcore.a(system_stm32f1xx.o)
                                                  lib/MXBluePillF103C8/libcore.a(stm32f1xx_hal_rcc.o)
APBPrescTable                                     lib/MXBluePillF103C8/libcore.a(system_stm32f1xx.o)
                                                  lib/MXBluePillF103C8/libcore.a(system_stm32f1xx.o)
                                                  lib/MXBluePillF103C8/libcore.a(stm32f1xx_hal_rcc.o)
BusFault_Handler                                  lib/MXBluePillF103C8/libcore.a(hw_config.o)
                                                  lib/MXBluePillF103C8/libcore.a(startup_stm32f103xb.o)
CAN1_RX1_IRQHandler                               lib/MXBluePillF103C8/libcore.a(startup_stm32f103xb.o)
CAN1_SCE_IRQHandler                               lib/MXBluePillF103C8/libcore.a(startup_stm32f103xb.o)
CDC_Transmit_FS                                   lib/MXBluePillF103C8/libcore.a(usbd_cdc_if.o)
DMA1_Channel1_IRQHandler                          lib/MXBluePillF103C8/libcore.a(startup_stm32f103xb.o)
DMA1_Channel2_IRQHandler                          lib/MXBluePillF103C8/libcore.a(startup_stm32f103xb.o)
DMA1_Channel3_IRQHandler                          lib/MXBluePillF103C8/libcore.a(startup_stm32f103xb.o)
DMA1_Channel4_IRQHandler                          lib/MXBluePillF103C8/libcore.a(startup_stm32f103xb.o)
DMA1_Channel5_IRQHandler                          lib/MXBluePillF103C8/libcore.a(startup_stm32f103xb.o)
DMA1_Channel6_IRQHandler                          lib/MXBluePillF103C8/libcore.a(startup_stm32f103xb.o)
DMA1_Channel7_IRQHandler                          lib/MXBluePillF103C8/libcore.a(startup_stm32f103xb.o)
DebugMon_Handler                                  lib/MXBluePillF103C8/libcore.a(hw_config.o)
                                                  lib/MXBluePillF103C8/libcore.a(startup_stm32f103xb.o)
Default_Handler                                   lib/MXBluePillF103C8/libcore.a(startup_stm32f103xb.o)
EXTI0_IRQHandler                                  lib/MXBluePillF103C8/libcore.a(interrupt.o)
                                                  lib/MXBluePillF103C8/libcore.a(startup_stm32f103xb.o)
EXTI15_10_IRQHandler                              lib/MXBluePillF103C8/libcore.a(interrupt.o)
                                                  lib/MXBluePillF103C8/libcore.a(startup_stm32f103xb.o)
EXTI1_IRQHandler                                  lib/MXBluePillF103C8/libcore.a(interrupt.o)
                                                  lib/MXBluePillF103C8/libcore.a(startup_stm32f103xb.o)
EXTI2_IRQHandler                                  lib/MXBluePillF103C8/libcore.a(interrupt.o)
                                                  lib/MXBluePillF103C8/libcore.a(startup_stm32f103xb.o)
EXTI3_IRQHandler                                  lib/MXBluePillF103C8/libcore.a(interrupt.o)
                                                  lib/MXBluePillF103C8/libcore.a(startup_stm32f103xb.o)
EXTI4_IRQHandler                                  lib/MXBluePillF103C8/libcore.a(interrupt.o)
                                                  lib/MXBluePillF103C8/libcore.a(startup_stm32f103xb.o)
EXTI9_5_IRQHandler                                lib/MXBluePillF103C8/libcore.a(interrupt.o)
                                                  lib/MXBluePillF103C8/libcore.a(startup_stm32f103xb.o)
Error_Handler                                     lib/MXBluePillF103C8/libcore.a(usbd_conf.o)
FLASH_IRQHandler                                  lib/MXBluePillF103C8/libcore.a(startup_stm32f103xb.o)
FLASH_PageErase                                   lib/MXBluePillF103C8/libcore.a(stm32f1xx_hal_flash_ex.o)
                                                  lib/MXBluePillF103C8/libcore.a(stm32f1xx_hal_flash.o)
FLASH_WaitForLastOperation                        lib/MXBluePillF103C8/libcore.a(stm32f1xx_hal_flash.o)
                                                  lib/MXBluePillF103C8/libcore.a(stm32f1xx_hal_flash_ex.o)
FS_Desc                                           lib/MXBluePillF103C8/libcore.a(usbd_desc.o)
                                                  lib/MXBluePillF103C8/libcore.a(usb_device.o)
GetCurrentMicro                                   lib/MXBluePillF103C8/libcore.a(clock.o)
                                                  lib/MXBluePillF103C8/libcore.a(wiring.o)
GetCurrentMilli                                   lib/MXBluePillF103C8/libcore.a(clock.o)
                                                  lib/MXBluePillF103C8/libcore.a(wiring.o)
HAL_ADCEx_Calibration_Start                       lib/MXBluePillF103C8/libcore.a(stm32f1xx_hal_adc_ex.o)
                                                  lib/MXBluePillF103C8/libcore.a(analog.o)
HAL_ADCEx_InjectedConfigChannel                   lib/MXBluePillF103C8/libcore.a(stm32f1xx_hal_adc_ex.o)
HAL_ADCEx_InjectedConvCpltCallback                lib/MXBluePillF103C8/libcore.a(stm32f1xx_hal_adc_ex.o)
                                                  lib/MXBluePillF103C8/libcore.a(stm32f1xx_hal_adc.o)
HAL_ADCEx_InjectedGetValue                        lib/MXBluePillF103C8/libcore.a(stm32f1xx_hal_adc_ex.o)
HAL_ADCEx_InjectedPollForConversion               lib/MXBluePillF103C8/libcore.a(stm32f1xx_hal_adc_ex.o)
HAL_ADCEx_InjectedStart                           lib/MXBluePillF103C8/libcore.a(stm32f1xx_hal_adc_ex.o)
HAL_ADCEx_InjectedStart_IT                        lib/MXBluePillF103C8/libcore.a(stm32f1xx_hal_adc_ex.o)
HAL_ADCEx_InjectedStop                            lib/MXBluePillF103C8/libcore.a(stm32f1xx_hal_adc_ex.o)
HAL_ADCEx_InjectedStop_IT                         lib/MXBluePillF103C8/libcore.a(stm32f1xx_hal_adc_ex.o)
HAL_ADCEx_MultiModeConfigChannel                  lib/MXBluePillF103C8/libcore.a(stm32f1xx_hal_adc_ex.o)
HAL_ADCEx_MultiModeGetValue                       lib/MXBluePillF103C8/libcore.a(stm32f1xx_hal_adc_ex.o)
HAL_ADCEx_MultiModeStart_DMA                      lib/MXBluePillF103C8/libcore.a(stm32f1xx_hal_adc_ex.o)
HAL_ADCEx_MultiModeStop_DMA                       lib/MXBluePillF103C8/libcore.a(stm32f1xx_hal_adc_ex.o)
HAL_ADC_AnalogWDGConfig                           lib/MXBluePillF103C8/libcore.a(stm32f1xx_hal_adc.o)
HAL_ADC_ConfigChannel                             lib/MXBluePillF103C8/libcore.a(stm32f1xx_hal_adc.o)
                                                  lib/MXBluePillF103C8/libcore.a(analog.o)
HAL_ADC_ConvCpltCallback                          lib/MXBluePillF103C8/libcore.a(stm32f1xx_hal_adc.o)
HAL_ADC_ConvHalfCpltCallback                      lib/MXBluePillF103C8/libcore.a(stm32f1xx_hal_adc.o)
HAL_ADC_DeInit                                    lib/MXBluePillF103C8/libcore.a(stm32f1xx_hal_adc.o)
                                                  lib/MXBluePillF103C8/libcore.a(analog.o)
HAL_ADC_ErrorCallback                             lib/MXBluePillF103C8/libcore.a(stm32f1xx_hal_adc.o)
HAL_ADC_GetError                                  lib/MXBluePillF103C8/libcore.a(stm32f1xx_hal_adc.o)
HAL_ADC_GetState                                  lib/MXBluePillF103C8/libcore.a(stm32f1xx_hal_adc.o)
                                                  lib/MXBluePillF103C8/libcore.a(analog.o)
HAL_ADC_GetValue                                  lib/MXBluePillF103C8/libcore.a(stm32f1xx_hal_adc.o)
                                                  lib/MXBluePillF103C8/libcore.a(analog.o)
HAL_ADC_IRQHandler                                lib/MXBluePillF103C8/libcore.a(stm32f1xx_hal_adc.o)
HAL_ADC_Init                                      lib/MXBluePillF103C8/libcore.a(stm32f1xx_hal_adc.o)
                                                  lib/MXBluePillF103C8/libcore.a(analog.o)
HAL_ADC_LevelOutOfWindowCallback                  lib/MXBluePillF103C8/libcore.a(stm32f1xx_hal_adc.o)
HAL_ADC_MspDeInit                                 lib/MXBluePillF103C8/libcore.a(stm32f1xx_hal_adc.o)
HAL_ADC_MspInit                                   lib/MXBluePillF103C8/libcore.a(analog.o)
                                                  lib/MXBluePillF103C8/libcore.a(stm32f1xx_hal_adc.o)
HAL_ADC_PollForConversion                         lib/MXBluePillF103C8/libcore.a(stm32f1xx_hal_adc.o)
                                                  lib/MXBluePillF103C8/libcore.a(analog.o)
HAL_ADC_PollForEvent                              lib/MXBluePillF103C8/libcore.a(stm32f1xx_hal_adc.o)
HAL_ADC_Start                                     lib/MXBluePillF103C8/libcore.a(stm32f1xx_hal_adc.o)
                                                  lib/MXBluePillF103C8/libcore.a(analog.o)
HAL_ADC_Start_DMA                                 lib/MXBluePillF103C8/libcore.a(stm32f1xx_hal_adc.o)
HAL_ADC_Start_IT                                  lib/MXBluePillF103C8/libcore.a(stm32f1xx_hal_adc.o)
HAL_ADC_Stop                                      lib/MXBluePillF103C8/libcore.a(stm32f1xx_hal_adc.o)
                                                  lib/MXBluePillF103C8/libcore.a(analog.o)
HAL_ADC_Stop_DMA                                  lib/MXBluePillF103C8/libcore.a(stm32f1xx_hal_adc.o)
HAL_ADC_Stop_IT                                   lib/MXBluePillF103C8/libcore.a(stm32f1xx_hal_adc.o)
HAL_DBGMCU_DisableDBGSleepMode                    lib/MXBluePillF103C8/libcore.a(stm32f1xx_hal.o)
HAL_DBGMCU_DisableDBGStandbyMode                  lib/MXBluePillF103C8/libcore.a(stm32f1xx_hal.o)
HAL_DBGMCU_DisableDBGStopMode                     lib/MXBluePillF103C8/libcore.a(stm32f1xx_hal.o)
HAL_DBGMCU_EnableDBGSleepMode                     lib/MXBluePillF103C8/libcore.a(stm32f1xx_hal.o)
HAL_DBGMCU_EnableDBGStandbyMode                   lib/MXBluePillF103C8/libcore.a(stm32f1xx_hal.o)
HAL_DBGMCU_EnableDBGStopMode                      lib/MXBluePillF103C8/libcore.a(stm32f1xx_hal.o)
HAL_DMA_Abort                                     lib/MXBluePillF103C8/libcore.a(stm32f1xx_hal_dma.o)
                                                  lib/MXBluePillF103C8/libcore.a(stm32f1xx_hal_uart.o)
                                                  lib/MXBluePillF103C8/libcore.a(stm32f1xx_hal_tim.o)
                                                  lib/MXBluePillF103C8/libcore.a(stm32f1xx_hal_spi.o)
                                                  lib/MXBluePillF103C8/libcore.a(stm32f1xx_hal_adc_ex.o)
                                                  lib/MXBluePillF103C8/libcore.a(stm32f1xx_hal_adc.o)
HAL_DMA_DeInit                                    lib/MXBluePillF103C8/libcore.a(stm32f1xx_hal_dma.o)
HAL_DMA_GetError                                  lib/MXBluePillF103C8/libcore.a(stm32f1xx_hal_dma.o)
HAL_DMA_GetState                                  lib/MXBluePillF103C8/libcore.a(stm32f1xx_hal_dma.o)
HAL_DMA_IRQHandler                                lib/MXBluePillF103C8/libcore.a(stm32f1xx_hal_dma.o)
HAL_DMA_Init                                      lib/MXBluePillF103C8/libcore.a(stm32f1xx_hal_dma.o)
HAL_DMA_PollForTransfer                           lib/MXBluePillF103C8/libcore.a(stm32f1xx_hal_dma.o)
HAL_DMA_Start                                     lib/MXBluePillF103C8/libcore.a(stm32f1xx_hal_dma.o)
HAL_DMA_Start_IT                                  lib/MXBluePillF103C8/libcore.a(stm32f1xx_hal_dma.o)
                                                  lib/MXBluePillF103C8/libcore.a(stm32f1xx_hal_uart.o)
                                                  lib/MXBluePillF103C8/libcore.a(stm32f1xx_hal_tim_ex.o)
                                                  lib/MXBluePillF103C8/libcore.a(stm32f1xx_hal_tim.o)
                                                  lib/MXBluePillF103C8/libcore.a(stm32f1xx_hal_spi.o)
                                                  lib/MXBluePillF103C8/libcore.a(stm32f1xx_hal_i2c.o)
                                                  lib/MXBluePillF103C8/libcore.a(stm32f1xx_hal_adc_ex.o)
                                                  lib/MXBluePillF103C8/libcore.a(stm32f1xx_hal_adc.o)
HAL_DeInit                                        lib/MXBluePillF103C8/libcore.a(stm32f1xx_hal.o)
HAL_Delay                                         lib/MXBluePillF103C8/libcore.a(stm32f1xx_hal.o)
                                                  lib/MXBluePillF103C8/libcore.a(usbd_conf.o)
                                                  lib/MXBluePillF103C8/libcore.a(stm32f1xx_hal_rcc.o)
HAL_FLASHEx_Erase                                 lib/MXBluePillF103C8/libcore.a(stm32f1xx_hal_flash_ex.o)
                                                  lib/MXBluePillF103C8/libcore.a(stm32_eeprom.o)
HAL_FLASHEx_Erase_IT                              lib/MXBluePillF103C8/libcore.a(stm32f1xx_hal_flash_ex.o)
HAL_FLASHEx_OBErase                               lib/MXBluePillF103C8/libcore.a(stm32f1xx_hal_flash_ex.o)
HAL_FLASHEx_OBGetConfig                           lib/MXBluePillF103C8/libcore.a(stm32f1xx_hal_flash_ex.o)
HAL_FLASHEx_OBGetUserData                         lib/MXBluePillF103C8/libcore.a(stm32f1xx_hal_flash_ex.o)
HAL_FLASHEx_OBProgram                             lib/MXBluePillF103C8/libcore.a(stm32f1xx_hal_flash_ex.o)
HAL_FLASH_EndOfOperationCallback                  lib/MXBluePillF103C8/libcore.a(stm32f1xx_hal_flash.o)
HAL_FLASH_GetError                                lib/MXBluePillF103C8/libcore.a(stm32f1xx_hal_flash.o)
HAL_FLASH_IRQHandler                              lib/MXBluePillF103C8/libcore.a(stm32f1xx_hal_flash.o)
HAL_FLASH_Lock                                    lib/MXBluePillF103C8/libcore.a(stm32f1xx_hal_flash.o)
                                                  lib/MXBluePillF103C8/libcore.a(stm32_eeprom.o)
HAL_FLASH_OB_Launch                               lib/MXBluePillF103C8/libcore.a(stm32f1xx_hal_flash.o)
HAL_FLASH_OB_Lock                                 lib/MXBluePillF103C8/libcore.a(stm32f1xx_hal_flash.o)
HAL_FLASH_OB_Unlock                               lib/MXBluePillF103C8/libcore.a(stm32f1xx_hal_flash.o)
HAL_FLASH_OperationErrorCallback                  lib/MXBluePillF103C8/libcore.a(stm32f1xx_hal_flash.o)
HAL_FLASH_Program                                 lib/MXBluePillF103C8/libcore.a(stm32f1xx_hal_flash.o)
                                                  lib/MXBluePillF103C8/libcore.a(stm32_eeprom.o)
HAL_FLASH_Program_IT                              lib/MXBluePillF103C8/libcore.a(stm32f1xx_hal_flash.o)
HAL_FLASH_Unlock                                  lib/MXBluePillF103C8/libcore.a(stm32f1xx_hal_flash.o)
                                                  lib/MXBluePillF103C8/libcore.a(stm32_eeprom.o)
HAL_GPIOEx_ConfigEventout                         lib/MXBluePillF103C8/libcore.a(stm32f1xx_hal_gpio_ex.o)
HAL_GPIOEx_DisableEventout                        lib/MXBluePillF103C8/libcore.a(stm32f1xx_hal_gpio_ex.o)
HAL_GPIOEx_EnableEventout                         lib/MXBluePillF103C8/libcore.a(stm32f1xx_hal_gpio_ex.o)
HAL_GPIO_DeInit                                   lib/MXBluePillF103C8/libcore.a(stm32f1xx_hal_gpio.o)
                                                  lib/MXBluePillF103C8/libcore.a(uart.o)
                                                  lib/MXBluePillF103C8/libcore.a(spi_com.o)
HAL_GPIO_EXTI_Callback                            lib/MXBluePillF103C8/libcore.a(interrupt.o)
                                                  lib/MXBluePillF103C8/libcore.a(stm32f1xx_hal_gpio.o)
HAL_GPIO_EXTI_IRQHandler                          lib/MXBluePillF103C8/libcore.a(stm32f1xx_hal_gpio.o)
                                                  lib/MXBluePillF103C8/libcore.a(interrupt.o)
HAL_GPIO_Init                                     lib/MXBluePillF103C8/libcore.a(stm32f1xx_hal_gpio.o)
                                                  lib/MXBluePillF103C8/libcore.a(uart.o)
                                                  lib/MXBluePillF103C8/libcore.a(twi.o)
                                                  lib/MXBluePillF103C8/libcore.a(spi_com.o)
                                                  lib/MXBluePillF103C8/libcore.a(interrupt.o)
                                                  lib/MXBluePillF103C8/libcore.a(digital_io.o)
                                                  lib/MXBluePillF103C8/libcore.a(analog.o)
                                                  lib/MXBluePillF103C8/libcore.a(stm32f1xx_hal_rcc.o)
HAL_GPIO_LockPin                                  lib/MXBluePillF103C8/libcore.a(stm32f1xx_hal_gpio.o)
HAL_GPIO_ReadPin                                  lib/MXBluePillF103C8/libcore.a(stm32f1xx_hal_gpio.o)
                                                  lib/MXBluePillF103C8/libcore.a(uart_emul.o)
                                                  lib/MXBluePillF103C8/libcore.a(digital_io.o)
HAL_GPIO_TogglePin                                lib/MXBluePillF103C8/libcore.a(stm32f1xx_hal_gpio.o)
HAL_GPIO_WritePin                                 lib/MXBluePillF103C8/libcore.a(stm32f1xx_hal_gpio.o)
                                                  lib/MXBluePillF103C8/libcore.a(uart_emul.o)
                                                  lib/MXBluePillF103C8/libcore.a(digital_io.o)
HAL_GetDEVID                                      lib/MXBluePillF103C8/libcore.a(stm32f1xx_hal.o)
HAL_GetHalVersion                                 lib/MXBluePillF103C8/libcore.a(stm32f1xx_hal.o)
HAL_GetREVID                                      lib/MXBluePillF103C8/libcore.a(stm32f1xx_hal.o)
HAL_GetTick                                       lib/MXBluePillF103C8/libcore.a(stm32f1xx_hal.o)
                                                  lib/MXBluePillF103C8/libcore.a(clock.o)
                                                  lib/MXBluePillF103C8/libcore.a(stm32f1xx_hal_uart.o)
                                                  lib/MXBluePillF103C8/libcore.a(stm32f1xx_hal_spi.o)
                                                  lib/MXBluePillF103C8/libcore.a(stm32f1xx_hal_rcc_ex.o)
                                                  lib/MXBluePillF103C8/libcore.a(stm32f1xx_hal_rcc.o)
                                                  lib/MXBluePillF103C8/libcore.a(stm32f1xx_hal_i2c.o)
                                                  lib/MXBluePillF103C8/libcore.a(stm32f1xx_hal_flash.o)
                                                  lib/MXBluePillF103C8/libcore.a(stm32f1xx_hal_dma.o)
                                                  lib/MXBluePillF103C8/libcore.a(stm32f1xx_hal_adc_ex.o)
                                                  lib/MXBluePillF103C8/libcore.a(stm32f1xx_hal_adc.o)
HAL_HalfDuplex_EnableReceiver                     lib/MXBluePillF103C8/libcore.a(stm32f1xx_hal_uart.o)
HAL_HalfDuplex_EnableTransmitter                  lib/MXBluePillF103C8/libcore.a(stm32f1xx_hal_uart.o)
HAL_HalfDuplex_Init                               lib/MXBluePillF103C8/libcore.a(stm32f1xx_hal_uart.o)
HAL_I2C_DeInit                                    lib/MXBluePillF103C8/libcore.a(stm32f1xx_hal_i2c.o)
                                                  lib/MXBluePillF103C8/libcore.a(twi.o)
HAL_I2C_ER_IRQHandler                             lib/MXBluePillF103C8/libcore.a(stm32f1xx_hal_i2c.o)
                                                  lib/MXBluePillF103C8/libcore.a(twi.o)
HAL_I2C_EV_IRQHandler                             lib/MXBluePillF103C8/libcore.a(stm32f1xx_hal_i2c.o)
                                                  lib/MXBluePillF103C8/libcore.a(twi.o)
HAL_I2C_ErrorCallback                             lib/MXBluePillF103C8/libcore.a(twi.o)
                                                  lib/MXBluePillF103C8/libcore.a(stm32f1xx_hal_i2c.o)
HAL_I2C_GetError                                  lib/MXBluePillF103C8/libcore.a(stm32f1xx_hal_i2c.o)
HAL_I2C_GetState                                  lib/MXBluePillF103C8/libcore.a(stm32f1xx_hal_i2c.o)
HAL_I2C_Init                                      lib/MXBluePillF103C8/libcore.a(stm32f1xx_hal_i2c.o)
                                                  lib/MXBluePillF103C8/libcore.a(twi.o)
HAL_I2C_IsDeviceReady                             lib/MXBluePillF103C8/libcore.a(stm32f1xx_hal_i2c.o)
                                                  lib/MXBluePillF103C8/libcore.a(twi.o)
HAL_I2C_MasterRxCpltCallback                      lib/MXBluePillF103C8/libcore.a(stm32f1xx_hal_i2c.o)
HAL_I2C_MasterTxCpltCallback                      lib/MXBluePillF103C8/libcore.a(stm32f1xx_hal_i2c.o)
HAL_I2C_Master_Receive                            lib/MXBluePillF103C8/libcore.a(stm32f1xx_hal_i2c.o)
                                                  lib/MXBluePillF103C8/libcore.a(twi.o)
HAL_I2C_Master_Receive_DMA                        lib/MXBluePillF103C8/libcore.a(stm32f1xx_hal_i2c.o)
HAL_I2C_Master_Receive_IT                         lib/MXBluePillF103C8/libcore.a(stm32f1xx_hal_i2c.o)
HAL_I2C_Master_Transmit                           lib/MXBluePillF103C8/libcore.a(stm32f1xx_hal_i2c.o)
                                                  lib/MXBluePillF103C8/libcore.a(twi.o)
HAL_I2C_Master_Transmit_DMA                       lib/MXBluePillF103C8/libcore.a(stm32f1xx_hal_i2c.o)
HAL_I2C_Master_Transmit_IT                        lib/MXBluePillF103C8/libcore.a(stm32f1xx_hal_i2c.o)
HAL_I2C_MemRxCpltCallback                         lib/MXBluePillF103C8/libcore.a(stm32f1xx_hal_i2c.o)
HAL_I2C_MemTxCpltCallback                         lib/MXBluePillF103C8/libcore.a(stm32f1xx_hal_i2c.o)
HAL_I2C_Mem_Read                                  lib/MXBluePillF103C8/libcore.a(stm32f1xx_hal_i2c.o)
HAL_I2C_Mem_Read_DMA                              lib/MXBluePillF103C8/libcore.a(stm32f1xx_hal_i2c.o)
HAL_I2C_Mem_Read_IT                               lib/MXBluePillF103C8/libcore.a(stm32f1xx_hal_i2c.o)
HAL_I2C_Mem_Write                                 lib/MXBluePillF103C8/libcore.a(stm32f1xx_hal_i2c.o)
HAL_I2C_Mem_Write_DMA                             lib/MXBluePillF103C8/libcore.a(stm32f1xx_hal_i2c.o)
HAL_I2C_Mem_Write_IT                              lib/MXBluePillF103C8/libcore.a(stm32f1xx_hal_i2c.o)
HAL_I2C_MspDeInit                                 lib/MXBluePillF103C8/libcore.a(stm32f1xx_hal_i2c.o)
HAL_I2C_MspInit                                   lib/MXBluePillF103C8/libcore.a(stm32f1xx_hal_i2c.o)
HAL_I2C_SlaveRxCpltCallback                       lib/MXBluePillF103C8/libcore.a(twi.o)
                                                  lib/MXBluePillF103C8/libcore.a(stm32f1xx_hal_i2c.o)
HAL_I2C_SlaveTxCpltCallback                       lib/MXBluePillF103C8/libcore.a(twi.o)
                                                  lib/MXBluePillF103C8/libcore.a(stm32f1xx_hal_i2c.o)
HAL_I2C_Slave_Receive                             lib/MXBluePillF103C8/libcore.a(stm32f1xx_hal_i2c.o)
HAL_I2C_Slave_Receive_DMA                         lib/MXBluePillF103C8/libcore.a(stm32f1xx_hal_i2c.o)
HAL_I2C_Slave_Receive_IT                          lib/MXBluePillF103C8/libcore.a(stm32f1xx_hal_i2c.o)
                                                  lib/MXBluePillF103C8/libcore.a(twi.o)
HAL_I2C_Slave_Transmit                            lib/MXBluePillF103C8/libcore.a(stm32f1xx_hal_i2c.o)
HAL_I2C_Slave_Transmit_DMA                        lib/MXBluePillF103C8/libcore.a(stm32f1xx_hal_i2c.o)
HAL_I2C_Slave_Transmit_IT                         lib/MXBluePillF103C8/libcore.a(stm32f1xx_hal_i2c.o)
HAL_IncTick                                       lib/MXBluePillF103C8/libcore.a(stm32f1xx_hal.o)
                                                  lib/MXBluePillF103C8/libcore.a(clock.o)
HAL_Init                                          lib/MXBluePillF103C8/libcore.a(stm32f1xx_hal.o)
                                                  lib/MXBluePillF103C8/libcore.a(hw_config.o)
HAL_InitTick                                      lib/MXBluePillF103C8/libcore.a(clock.o)
                                                  lib/MXBluePillF103C8/libcore.a(stm32f1xx_hal.o)
                                                  lib/MXBluePillF103C8/libcore.a(stm32f1xx_hal_rcc.o)
HAL_LIN_Init                                      lib/MXBluePillF103C8/libcore.a(stm32f1xx_hal_uart.o)
HAL_LIN_SendBreak                                 lib/MXBluePillF103C8/libcore.a(stm32f1xx_hal_uart.o)
HAL_MspDeInit                                     lib/MXBluePillF103C8/libcore.a(stm32f1xx_hal_msp_template.o)
                                                  lib/MXBluePillF103C8/libcore.a(stm32f1xx_hal.o)
HAL_MspInit                                       lib/MXBluePillF103C8/libcore.a(stm32f1xx_hal_msp_template.o)
                                                  lib/MXBluePillF103C8/libcore.a(stm32f1xx_hal.o)
HAL_MultiProcessor_EnterMuteMode                  lib/MXBluePillF103C8/libcore.a(stm32f1xx_hal_uart.o)
HAL_MultiProcessor_ExitMuteMode                   lib/MXBluePillF103C8/libcore.a(stm32f1xx_hal_uart.o)
HAL_MultiProcessor_Init                           lib/MXBluePillF103C8/libcore.a(stm32f1xx_hal_uart.o)
HAL_NVIC_ClearPendingIRQ                          lib/MXBluePillF103C8/libcore.a(stm32f1xx_hal_cortex.o)
                                                  lib/MXBluePillF103C8/libcore.a(uart.o)
HAL_NVIC_DisableIRQ                               lib/MXBluePillF103C8/libcore.a(stm32f1xx_hal_cortex.o)
                                                  lib/MXBluePillF103C8/libcore.a(usbd_conf.o)
                                                  lib/MXBluePillF103C8/libcore.a(twi.o)
                                                  lib/MXBluePillF103C8/libcore.a(timer.o)
                                                  lib/MXBluePillF103C8/libcore.a(interrupt.o)
HAL_NVIC_EnableIRQ                                lib/MXBluePillF103C8/libcore.a(stm32f1xx_hal_cortex.o)
                                                  lib/MXBluePillF103C8/libcore.a(usbd_conf.o)
                                                  lib/MXBluePillF103C8/libcore.a(uart.o)
                                                  lib/MXBluePillF103C8/libcore.a(twi.o)
                                                  lib/MXBluePillF103C8/libcore.a(timer.o)
                                                  lib/MXBluePillF103C8/libcore.a(interrupt.o)
HAL_NVIC_GetActive                                lib/MXBluePillF103C8/libcore.a(stm32f1xx_hal_cortex.o)
HAL_NVIC_GetPendingIRQ                            lib/MXBluePillF103C8/libcore.a(stm32f1xx_hal_cortex.o)
HAL_NVIC_GetPriority                              lib/MXBluePillF103C8/libcore.a(stm32f1xx_hal_cortex.o)
HAL_NVIC_GetPriorityGrouping                      lib/MXBluePillF103C8/libcore.a(stm32f1xx_hal_cortex.o)
HAL_NVIC_SetPendingIRQ                            lib/MXBluePillF103C8/libcore.a(stm32f1xx_hal_cortex.o)
HAL_NVIC_SetPriority                              lib/MXBluePillF103C8/libcore.a(stm32f1xx_hal_cortex.o)
                                                  lib/MXBluePillF103C8/libcore.a(usbd_conf.o)
                                                  lib/MXBluePillF103C8/libcore.a(uart.o)
                                                  lib/MXBluePillF103C8/libcore.a(twi.o)
                                                  lib/MXBluePillF103C8/libcore.a(timer.o)
                                                  lib/MXBluePillF103C8/libcore.a(interrupt.o)
                                                  lib/MXBluePillF103C8/libcore.a(hw_config.o)
                                                  lib/MXBluePillF103C8/libcore.a(clock.o)
                                                  lib/MXBluePillF103C8/libcore.a(stm32f1xx_hal.o)
HAL_NVIC_SetPriorityGrouping                      lib/MXBluePillF103C8/libcore.a(stm32f1xx_hal_cortex.o)
                                                  lib/MXBluePillF103C8/libcore.a(stm32f1xx_hal.o)
HAL_NVIC_SystemReset                              lib/MXBluePillF103C8/libcore.a(stm32f1xx_hal_cortex.o)
                                                  lib/MXBluePillF103C8/libcore.a(stm32f1xx_hal_flash.o)
HAL_PCDEx_PMAConfig                               lib/MXBluePillF103C8/libcore.a(stm32f1xx_hal_pcd_ex.o)
                                                  lib/MXBluePillF103C8/libcore.a(usbd_conf.o)
HAL_PCDEx_SetConnectionState                      lib/MXBluePillF103C8/libcore.a(usbd_conf.o)
                                                  lib/MXBluePillF103C8/libcore.a(stm32f1xx_hal_pcd_ex.o)
                                                  lib/MXBluePillF103C8/libcore.a(stm32f1xx_hal_pcd.o)
HAL_PCD_ActivateRemoteWakeup                      lib/MXBluePillF103C8/libcore.a(stm32f1xx_hal_pcd.o)
HAL_PCD_ConnectCallback                           lib/MXBluePillF103C8/libcore.a(usbd_conf.o)
                                                  lib/MXBluePillF103C8/libcore.a(stm32f1xx_hal_pcd.o)
HAL_PCD_DataInStageCallback                       lib/MXBluePillF103C8/libcore.a(usbd_conf.o)
                                                  lib/MXBluePillF103C8/libcore.a(stm32f1xx_hal_pcd.o)
HAL_PCD_DataOutStageCallback                      lib/MXBluePillF103C8/libcore.a(usbd_conf.o)
                                                  lib/MXBluePillF103C8/libcore.a(stm32f1xx_hal_pcd.o)
HAL_PCD_DeActivateRemoteWakeup                    lib/MXBluePillF103C8/libcore.a(stm32f1xx_hal_pcd.o)
HAL_PCD_DeInit                                    lib/MXBluePillF103C8/libcore.a(stm32f1xx_hal_pcd.o)
                                                  lib/MXBluePillF103C8/libcore.a(usbd_conf.o)
HAL_PCD_DevConnect                                lib/MXBluePillF103C8/libcore.a(stm32f1xx_hal_pcd.o)
HAL_PCD_DevDisconnect                             lib/MXBluePillF103C8/libcore.a(stm32f1xx_hal_pcd.o)
HAL_PCD_DisconnectCallback                        lib/MXBluePillF103C8/libcore.a(usbd_conf.o)
                                                  lib/MXBluePillF103C8/libcore.a(stm32f1xx_hal_pcd.o)
HAL_PCD_EP_Close                                  lib/MXBluePillF103C8/libcore.a(stm32f1xx_hal_pcd.o)
                                                  lib/MXBluePillF103C8/libcore.a(usbd_conf.o)
HAL_PCD_EP_ClrStall                               lib/MXBluePillF103C8/libcore.a(stm32f1xx_hal_pcd.o)
                                                  lib/MXBluePillF103C8/libcore.a(usbd_conf.o)
HAL_PCD_EP_Flush                                  lib/MXBluePillF103C8/libcore.a(stm32f1xx_hal_pcd.o)
                                                  lib/MXBluePillF103C8/libcore.a(usbd_conf.o)
HAL_PCD_EP_GetRxCount                             lib/MXBluePillF103C8/libcore.a(stm32f1xx_hal_pcd.o)
                                                  lib/MXBluePillF103C8/libcore.a(usbd_conf.o)
HAL_PCD_EP_Open                                   lib/MXBluePillF103C8/libcore.a(stm32f1xx_hal_pcd.o)
                                                  lib/MXBluePillF103C8/libcore.a(usbd_conf.o)
HAL_PCD_EP_Receive                                lib/MXBluePillF103C8/libcore.a(stm32f1xx_hal_pcd.o)
                                                  lib/MXBluePillF103C8/libcore.a(usbd_conf.o)
HAL_PCD_EP_SetStall                               lib/MXBluePillF103C8/libcore.a(stm32f1xx_hal_pcd.o)
                                                  lib/MXBluePillF103C8/libcore.a(usbd_conf.o)
HAL_PCD_EP_Transmit                               lib/MXBluePillF103C8/libcore.a(stm32f1xx_hal_pcd.o)
                                                  lib/MXBluePillF103C8/libcore.a(usbd_conf.o)
HAL_PCD_GetState                                  lib/MXBluePillF103C8/libcore.a(stm32f1xx_hal_pcd.o)
HAL_PCD_IRQHandler                                lib/MXBluePillF103C8/libcore.a(stm32f1xx_hal_pcd.o)
HAL_PCD_ISOINIncompleteCallback                   lib/MXBluePillF103C8/libcore.a(usbd_conf.o)
                                                  lib/MXBluePillF103C8/libcore.a(stm32f1xx_hal_pcd.o)
HAL_PCD_ISOOUTIncompleteCallback                  lib/MXBluePillF103C8/libcore.a(usbd_conf.o)
                                                  lib/MXBluePillF103C8/libcore.a(stm32f1xx_hal_pcd.o)
HAL_PCD_Init                                      lib/MXBluePillF103C8/libcore.a(stm32f1xx_hal_pcd.o)
                                                  lib/MXBluePillF103C8/libcore.a(usbd_conf.o)
HAL_PCD_MspDeInit                                 lib/MXBluePillF103C8/libcore.a(usbd_conf.o)
                                                  lib/MXBluePillF103C8/libcore.a(stm32f1xx_hal_pcd.o)
HAL_PCD_MspInit                                   lib/MXBluePillF103C8/libcore.a(usbd_conf.o)
                                                  lib/MXBluePillF103C8/libcore.a(stm32f1xx_hal_pcd.o)
HAL_PCD_ResetCallback                             lib/MXBluePillF103C8/libcore.a(usbd_conf.o)
                                                  lib/MXBluePillF103C8/libcore.a(stm32f1xx_hal_pcd.o)
HAL_PCD_ResumeCallback                            lib/MXBluePillF103C8/libcore.a(usbd_conf.o)
                                                  lib/MXBluePillF103C8/libcore.a(stm32f1xx_hal_pcd.o)
HAL_PCD_SOFCallback                               lib/MXBluePillF103C8/libcore.a(usbd_conf.o)
                                                  lib/MXBluePillF103C8/libcore.a(stm32f1xx_hal_pcd.o)
HAL_PCD_SetAddress                                lib/MXBluePillF103C8/libcore.a(stm32f1xx_hal_pcd.o)
                                                  lib/MXBluePillF103C8/libcore.a(usbd_conf.o)
HAL_PCD_SetupStageCallback                        lib/MXBluePillF103C8/libcore.a(usbd_conf.o)
                                                  lib/MXBluePillF103C8/libcore.a(stm32f1xx_hal_pcd.o)
HAL_PCD_Start                                     lib/MXBluePillF103C8/libcore.a(stm32f1xx_hal_pcd.o)
                                                  lib/MXBluePillF103C8/libcore.a(usbd_conf.o)
HAL_PCD_Stop                                      lib/MXBluePillF103C8/libcore.a(stm32f1xx_hal_pcd.o)
                                                  lib/MXBluePillF103C8/libcore.a(usbd_conf.o)
HAL_PCD_SuspendCallback                           lib/MXBluePillF103C8/libcore.a(usbd_conf.o)
                                                  lib/MXBluePillF103C8/libcore.a(stm32f1xx_hal_pcd.o)
HAL_PPP_MspDeInit                                 lib/MXBluePillF103C8/libcore.a(stm32f1xx_hal_msp_template.o)
HAL_PPP_MspInit                                   lib/MXBluePillF103C8/libcore.a(stm32f1xx_hal_msp_template.o)
HAL_RCCEx_GetPeriphCLKConfig                      lib/MXBluePillF103C8/libcore.a(stm32f1xx_hal_rcc_ex.o)
HAL_RCCEx_GetPeriphCLKFreq                        lib/MXBluePillF103C8/libcore.a(stm32f1xx_hal_rcc_ex.o)
                                                  lib/MXBluePillF103C8/libcore.a(stm32f1xx_hal_adc_ex.o)
                                                  lib/MXBluePillF103C8/libcore.a(stm32f1xx_hal_adc.o)
HAL_RCCEx_PeriphCLKConfig                         lib/MXBluePillF103C8/libcore.a(stm32f1xx_hal_rcc_ex.o)
HAL_RCC_CSSCallback                               lib/MXBluePillF103C8/libcore.a(stm32f1xx_hal_rcc.o)
HAL_RCC_ClockConfig                               lib/MXBluePillF103C8/libcore.a(stm32f1xx_hal_rcc.o)
                                                  lib/MXBluePillF103C8/libcore.a(hw_config.o)
HAL_RCC_DeInit                                    lib/MXBluePillF103C8/libcore.a(stm32f1xx_hal_rcc.o)
HAL_RCC_DisableCSS                                lib/MXBluePillF103C8/libcore.a(stm32f1xx_hal_rcc.o)
HAL_RCC_EnableCSS                                 lib/MXBluePillF103C8/libcore.a(stm32f1xx_hal_rcc.o)
HAL_RCC_GetClockConfig                            lib/MXBluePillF103C8/libcore.a(stm32f1xx_hal_rcc.o)
HAL_RCC_GetHCLKFreq                               lib/MXBluePillF103C8/libcore.a(stm32f1xx_hal_rcc.o)
                                                  lib/MXBluePillF103C8/libcore.a(uart.o)
                                                  lib/MXBluePillF103C8/libcore.a(timer.o)
                                                  lib/MXBluePillF103C8/libcore.a(hw_config.o)
                                                  lib/MXBluePillF103C8/libcore.a(clock.o)
                                                  lib/MXBluePillF103C8/libcore.a(stm32f1xx_hal.o)
HAL_RCC_GetOscConfig                              lib/MXBluePillF103C8/libcore.a(stm32f1xx_hal_rcc.o)
HAL_RCC_GetPCLK1Freq                              lib/MXBluePillF103C8/libcore.a(stm32f1xx_hal_rcc.o)
                                                  lib/MXBluePillF103C8/libcore.a(uart_emul.o)
                                                  lib/MXBluePillF103C8/libcore.a(stm32f1xx_hal_uart.o)
                                                  lib/MXBluePillF103C8/libcore.a(stm32f1xx_hal_i2c.o)
HAL_RCC_GetPCLK2Freq                              lib/MXBluePillF103C8/libcore.a(stm32f1xx_hal_rcc.o)
                                                  lib/MXBluePillF103C8/libcore.a(spi_com.o)
                                                  lib/MXBluePillF103C8/libcore.a(stm32f1xx_hal_uart.o)
                                                  lib/MXBluePillF103C8/libcore.a(stm32f1xx_hal_rcc_ex.o)
HAL_RCC_GetSysClockFreq                           lib/MXBluePillF103C8/libcore.a(stm32f1xx_hal_rcc.o)
                                                  lib/MXBluePillF103C8/libcore.a(uart_emul.o)
HAL_RCC_MCOConfig                                 lib/MXBluePillF103C8/libcore.a(stm32f1xx_hal_rcc.o)
HAL_RCC_NMI_IRQHandler                            lib/MXBluePillF103C8/libcore.a(stm32f1xx_hal_rcc.o)
HAL_RCC_OscConfig                                 lib/MXBluePillF103C8/libcore.a(stm32f1xx_hal_rcc.o)
                                                  lib/MXBluePillF103C8/libcore.a(hw_config.o)
HAL_ResumeTick                                    lib/MXBluePillF103C8/libcore.a(stm32f1xx_hal.o)
HAL_SPI_DMAPause                                  lib/MXBluePillF103C8/libcore.a(stm32f1xx_hal_spi.o)
HAL_SPI_DMAResume                                 lib/MXBluePillF103C8/libcore.a(stm32f1xx_hal_spi.o)
HAL_SPI_DMAStop                                   lib/MXBluePillF103C8/libcore.a(stm32f1xx_hal_spi.o)
HAL_SPI_DeInit                                    lib/MXBluePillF103C8/libcore.a(stm32f1xx_hal_spi.o)
                                                  lib/MXBluePillF103C8/libcore.a(spi_com.o)
HAL_SPI_ErrorCallback                             lib/MXBluePillF103C8/libcore.a(stm32f1xx_hal_spi.o)
HAL_SPI_GetError                                  lib/MXBluePillF103C8/libcore.a(stm32f1xx_hal_spi.o)
HAL_SPI_GetState                                  lib/MXBluePillF103C8/libcore.a(stm32f1xx_hal_spi.o)
HAL_SPI_IRQHandler                                lib/MXBluePillF103C8/libcore.a(stm32f1xx_hal_spi.o)
HAL_SPI_Init                                      lib/MXBluePillF103C8/libcore.a(stm32f1xx_hal_spi_ex.o)
                                                  lib/MXBluePillF103C8/libcore.a(stm32f1xx_hal_spi.o)
                                                  lib/MXBluePillF103C8/libcore.a(spi_com.o)
HAL_SPI_MspDeInit                                 lib/MXBluePillF103C8/libcore.a(stm32f1xx_hal_spi.o)
HAL_SPI_MspInit                                   lib/MXBluePillF103C8/libcore.a(spi_com.o)
                                                  lib/MXBluePillF103C8/libcore.a(stm32f1xx_hal_spi.o)
                                                  lib/MXBluePillF103C8/libcore.a(stm32f1xx_hal_spi_ex.o)
HAL_SPI_Receive                                   lib/MXBluePillF103C8/libcore.a(stm32f1xx_hal_spi.o)
HAL_SPI_Receive_DMA                               lib/MXBluePillF103C8/libcore.a(stm32f1xx_hal_spi.o)
HAL_SPI_Receive_IT                                lib/MXBluePillF103C8/libcore.a(stm32f1xx_hal_spi.o)
HAL_SPI_RxCpltCallback                            lib/MXBluePillF103C8/libcore.a(stm32f1xx_hal_spi.o)
HAL_SPI_RxHalfCpltCallback                        lib/MXBluePillF103C8/libcore.a(stm32f1xx_hal_spi.o)
HAL_SPI_Transmit                                  lib/MXBluePillF103C8/libcore.a(stm32f1xx_hal_spi.o)
                                                  lib/MXBluePillF103C8/libcore.a(spi_com.o)
HAL_SPI_TransmitReceive                           lib/MXBluePillF103C8/libcore.a(stm32f1xx_hal_spi.o)
                                                  lib/MXBluePillF103C8/libcore.a(spi_com.o)
HAL_SPI_TransmitReceive_DMA                       lib/MXBluePillF103C8/libcore.a(stm32f1xx_hal_spi.o)
HAL_SPI_TransmitReceive_IT                        lib/MXBluePillF103C8/libcore.a(stm32f1xx_hal_spi.o)
HAL_SPI_Transmit_DMA                              lib/MXBluePillF103C8/libcore.a(stm32f1xx_hal_spi.o)
HAL_SPI_Transmit_IT                               lib/MXBluePillF103C8/libcore.a(stm32f1xx_hal_spi.o)
HAL_SPI_TxCpltCallback                            lib/MXBluePillF103C8/libcore.a(stm32f1xx_hal_spi.o)
HAL_SPI_TxHalfCpltCallback                        lib/MXBluePillF103C8/libcore.a(stm32f1xx_hal_spi.o)
HAL_SPI_TxRxCpltCallback                          lib/MXBluePillF103C8/libcore.a(stm32f1xx_hal_spi.o)
HAL_SPI_TxRxHalfCpltCallback                      lib/MXBluePillF103C8/libcore.a(stm32f1xx_hal_spi.o)
HAL_SYSTICK_CLKSourceConfig                       lib/MXBluePillF103C8/libcore.a(stm32f1xx_hal_cortex.o)
                                                  lib/MXBluePillF103C8/libcore.a(hw_config.o)
HAL_SYSTICK_Callback                              lib/MXBluePillF103C8/libcore.a(stm32f1xx_hal_cortex.o)
HAL_SYSTICK_Config                                lib/MXBluePillF103C8/libcore.a(stm32f1xx_hal_cortex.o)
                                                  lib/MXBluePillF103C8/libcore.a(hw_config.o)
                                                  lib/MXBluePillF103C8/libcore.a(clock.o)
                                                  lib/MXBluePillF103C8/libcore.a(stm32f1xx_hal.o)
HAL_SYSTICK_IRQHandler                            lib/MXBluePillF103C8/libcore.a(stm32f1xx_hal_cortex.o)
HAL_SuspendTick                                   lib/MXBluePillF103C8/libcore.a(stm32f1xx_hal.o)
HAL_TIMEx_BreakCallback                           lib/MXBluePillF103C8/libcore.a(stm32f1xx_hal_tim_ex.o)
                                                  lib/MXBluePillF103C8/libcore.a(stm32f1xx_hal_tim.o)
HAL_TIMEx_CommutationCallback                     lib/MXBluePillF103C8/libcore.a(stm32f1xx_hal_tim_ex.o)
                                                  lib/MXBluePillF103C8/libcore.a(stm32f1xx_hal_tim.o)
HAL_TIMEx_ConfigBreakDeadTime                     lib/MXBluePillF103C8/libcore.a(stm32f1xx_hal_tim_ex.o)
HAL_TIMEx_ConfigCommutationEvent                  lib/MXBluePillF103C8/libcore.a(stm32f1xx_hal_tim_ex.o)
HAL_TIMEx_ConfigCommutationEvent_DMA              lib/MXBluePillF103C8/libcore.a(stm32f1xx_hal_tim_ex.o)
HAL_TIMEx_ConfigCommutationEvent_IT               lib/MXBluePillF103C8/libcore.a(stm32f1xx_hal_tim_ex.o)
HAL_TIMEx_HallSensor_DeInit                       lib/MXBluePillF103C8/libcore.a(stm32f1xx_hal_tim_ex.o)
HAL_TIMEx_HallSensor_GetState                     lib/MXBluePillF103C8/libcore.a(stm32f1xx_hal_tim_ex.o)
HAL_TIMEx_HallSensor_Init                         lib/MXBluePillF103C8/libcore.a(stm32f1xx_hal_tim_ex.o)
HAL_TIMEx_HallSensor_MspDeInit                    lib/MXBluePillF103C8/libcore.a(stm32f1xx_hal_tim_ex.o)
HAL_TIMEx_HallSensor_MspInit                      lib/MXBluePillF103C8/libcore.a(stm32f1xx_hal_tim_ex.o)
HAL_TIMEx_HallSensor_Start                        lib/MXBluePillF103C8/libcore.a(stm32f1xx_hal_tim_ex.o)
HAL_TIMEx_HallSensor_Start_DMA                    lib/MXBluePillF103C8/libcore.a(stm32f1xx_hal_tim_ex.o)
HAL_TIMEx_HallSensor_Start_IT                     lib/MXBluePillF103C8/libcore.a(stm32f1xx_hal_tim_ex.o)
HAL_TIMEx_HallSensor_Stop                         lib/MXBluePillF103C8/libcore.a(stm32f1xx_hal_tim_ex.o)
HAL_TIMEx_HallSensor_Stop_DMA                     lib/MXBluePillF103C8/libcore.a(stm32f1xx_hal_tim_ex.o)
HAL_TIMEx_HallSensor_Stop_IT                      lib/MXBluePillF103C8/libcore.a(stm32f1xx_hal_tim_ex.o)
HAL_TIMEx_MasterConfigSynchronization             lib/MXBluePillF103C8/libcore.a(stm32f1xx_hal_tim_ex.o)
HAL_TIMEx_OCN_Start                               lib/MXBluePillF103C8/libcore.a(stm32f1xx_hal_tim_ex.o)
HAL_TIMEx_OCN_Start_DMA                           lib/MXBluePillF103C8/libcore.a(stm32f1xx_hal_tim_ex.o)
HAL_TIMEx_OCN_Start_IT                            lib/MXBluePillF103C8/libcore.a(stm32f1xx_hal_tim_ex.o)
HAL_TIMEx_OCN_Stop                                lib/MXBluePillF103C8/libcore.a(stm32f1xx_hal_tim_ex.o)
HAL_TIMEx_OCN_Stop_DMA                            lib/MXBluePillF103C8/libcore.a(stm32f1xx_hal_tim_ex.o)
HAL_TIMEx_OCN_Stop_IT                             lib/MXBluePillF103C8/libcore.a(stm32f1xx_hal_tim_ex.o)
HAL_TIMEx_OnePulseN_Start                         lib/MXBluePillF103C8/libcore.a(stm32f1xx_hal_tim_ex.o)
HAL_TIMEx_OnePulseN_Start_IT                      lib/MXBluePillF103C8/libcore.a(stm32f1xx_hal_tim_ex.o)
HAL_TIMEx_OnePulseN_Stop                          lib/MXBluePillF103C8/libcore.a(stm32f1xx_hal_tim_ex.o)
HAL_TIMEx_OnePulseN_Stop_IT                       lib/MXBluePillF103C8/libcore.a(stm32f1xx_hal_tim_ex.o)
HAL_TIMEx_PWMN_Start                              lib/MXBluePillF103C8/libcore.a(stm32f1xx_hal_tim_ex.o)
                                                  lib/MXBluePillF103C8/libcore.a(analog.o)
HAL_TIMEx_PWMN_Start_DMA                          lib/MXBluePillF103C8/libcore.a(stm32f1xx_hal_tim_ex.o)
HAL_TIMEx_PWMN_Start_IT                           lib/MXBluePillF103C8/libcore.a(stm32f1xx_hal_tim_ex.o)
HAL_TIMEx_PWMN_Stop                               lib/MXBluePillF103C8/libcore.a(stm32f1xx_hal_tim_ex.o)
                                                  lib/MXBluePillF103C8/libcore.a(analog.o)
HAL_TIMEx_PWMN_Stop_DMA                           lib/MXBluePillF103C8/libcore.a(stm32f1xx_hal_tim_ex.o)
HAL_TIMEx_PWMN_Stop_IT                            lib/MXBluePillF103C8/libcore.a(stm32f1xx_hal_tim_ex.o)
HAL_TIM_Base_DeInit                               lib/MXBluePillF103C8/libcore.a(stm32f1xx_hal_tim.o)
                                                  lib/MXBluePillF103C8/libcore.a(timer.o)
HAL_TIM_Base_GetState                             lib/MXBluePillF103C8/libcore.a(stm32f1xx_hal_tim.o)
HAL_TIM_Base_Init                                 lib/MXBluePillF103C8/libcore.a(stm32f1xx_hal_tim.o)
                                                  lib/MXBluePillF103C8/libcore.a(timer.o)
HAL_TIM_Base_MspDeInit                            lib/MXBluePillF103C8/libcore.a(timer.o)
                                                  lib/MXBluePillF103C8/libcore.a(stm32f1xx_hal_tim.o)
HAL_TIM_Base_MspInit                              lib/MXBluePillF103C8/libcore.a(timer.o)
                                                  lib/MXBluePillF103C8/libcore.a(stm32f1xx_hal_tim.o)
HAL_TIM_Base_Start                                lib/MXBluePillF103C8/libcore.a(stm32f1xx_hal_tim.o)
HAL_TIM_Base_Start_DMA                            lib/MXBluePillF103C8/libcore.a(stm32f1xx_hal_tim.o)
HAL_TIM_Base_Start_IT                             lib/MXBluePillF103C8/libcore.a(stm32f1xx_hal_tim.o)
                                                  lib/MXBluePillF103C8/libcore.a(timer.o)
HAL_TIM_Base_Stop                                 lib/MXBluePillF103C8/libcore.a(stm32f1xx_hal_tim.o)