Archive member included because of file (symbol)

halmx_2/variants/STM32F103C-BluePill/static_libs/libstm32f103c_gcc_rel.a(abi.o)
                              (--whole-archive)
halmx_2/variants/STM32F103C-BluePill/static_libs/libstm32f103c_gcc_rel.a(hooks.o)
                              (--whole-archive)
halmx_2/variants/STM32F103C-BluePill/static_libs/libstm32f103c_gcc_rel.a(IPAddress.o)
                              (--whole-archive)
halmx_2/variants/STM32F103C-BluePill/static_libs/libstm32f103c_gcc_rel.a(itoa.o)
                              (--whole-archive)
halmx_2/variants/STM32F103C-BluePill/static_libs/libstm32f103c_gcc_rel.a(main.o)
                              (--whole-archive)
halmx_2/variants/STM32F103C-BluePill/static_libs/libstm32f103c_gcc_rel.a(new.o)
                              (--whole-archive)
halmx_2/variants/STM32F103C-BluePill/static_libs/libstm32f103c_gcc_rel.a(Print.o)
                              (--whole-archive)
halmx_2/variants/STM32F103C-BluePill/static_libs/libstm32f103c_gcc_rel.a(RingBuffer.o)
                              (--whole-archive)
halmx_2/variants/STM32F103C-BluePill/static_libs/libstm32f103c_gcc_rel.a(dtostrf.o)
                              (--whole-archive)
halmx_2/variants/STM32F103C-BluePill/static_libs/libstm32f103c_gcc_rel.a(Stream.o)
                              (--whole-archive)
halmx_2/variants/STM32F103C-BluePill/static_libs/libstm32f103c_gcc_rel.a(syscalls_stm32.o)
                              (--whole-archive)
halmx_2/variants/STM32F103C-BluePill/static_libs/libstm32f103c_gcc_rel.a(Tone.o)
                              (--whole-archive)
halmx_2/variants/STM32F103C-BluePill/static_libs/libstm32f103c_gcc_rel.a(UARTClass.o)
                              (--whole-archive)
halmx_2/variants/STM32F103C-BluePill/static_libs/libstm32f103c_gcc_rel.a(USARTClass.o)
                              (--whole-archive)
halmx_2/variants/STM32F103C-BluePill/static_libs/libstm32f103c_gcc_rel.a(USBSerial.o)
                              (--whole-archive)
halmx_2/variants/STM32F103C-BluePill/static_libs/libstm32f103c_gcc_rel.a(WInterrupts.o)
                              (--whole-archive)
halmx_2/variants/STM32F103C-BluePill/static_libs/libstm32f103c_gcc_rel.a(wiring.o)
                              (--whole-archive)
halmx_2/variants/STM32F103C-BluePill/static_libs/libstm32f103c_gcc_rel.a(wiring_analog.o)
                              (--whole-archive)
halmx_2/variants/STM32F103C-BluePill/static_libs/libstm32f103c_gcc_rel.a(wiring_digital.o)
                              (--whole-archive)
halmx_2/variants/STM32F103C-BluePill/static_libs/libstm32f103c_gcc_rel.a(wiring_pulse.o)
                              (--whole-archive)
halmx_2/variants/STM32F103C-BluePill/static_libs/libstm32f103c_gcc_rel.a(wiring_shift.o)
                              (--whole-archive)
halmx_2/variants/STM32F103C-BluePill/static_libs/libstm32f103c_gcc_rel.a(WMath.o)
                              (--whole-archive)
halmx_2/variants/STM32F103C-BluePill/static_libs/libstm32f103c_gcc_rel.a(WString.o)
                              (--whole-archive)
halmx_2/variants/STM32F103C-BluePill/static_libs/libstm32f103c_gcc_rel.a(startup_stm32f103xb.o)
                              (--whole-archive)
halmx_2/variants/STM32F103C-BluePill/static_libs/libstm32f103c_gcc_rel.a(stm32f1xx_hal.o)
                              (--whole-archive)
halmx_2/variants/STM32F103C-BluePill/static_libs/libstm32f103c_gcc_rel.a(stm32f1xx_hal_adc.o)
                              (--whole-archive)
halmx_2/variants/STM32F103C-BluePill/static_libs/libstm32f103c_gcc_rel.a(stm32f1xx_hal_adc_ex.o)
                              (--whole-archive)
halmx_2/variants/STM32F103C-BluePill/static_libs/libstm32f103c_gcc_rel.a(stm32f1xx_hal_can.o)
                              (--whole-archive)
halmx_2/variants/STM32F103C-BluePill/static_libs/libstm32f103c_gcc_rel.a(stm32f1xx_hal_cec.o)
                              (--whole-archive)
halmx_2/variants/STM32F103C-BluePill/static_libs/libstm32f103c_gcc_rel.a(stm32f1xx_hal_cortex.o)
                              (--whole-archive)
halmx_2/variants/STM32F103C-BluePill/static_libs/libstm32f103c_gcc_rel.a(stm32f1xx_hal_crc.o)
                              (--whole-archive)
halmx_2/variants/STM32F103C-BluePill/static_libs/libstm32f103c_gcc_rel.a(stm32f1xx_hal_dac.o)
                              (--whole-archive)
halmx_2/variants/STM32F103C-BluePill/static_libs/libstm32f103c_gcc_rel.a(stm32f1xx_hal_dac_ex.o)
                              (--whole-archive)
halmx_2/variants/STM32F103C-BluePill/static_libs/libstm32f103c_gcc_rel.a(stm32f1xx_hal_dma.o)
                              (--whole-archive)
halmx_2/variants/STM32F103C-BluePill/static_libs/libstm32f103c_gcc_rel.a(stm32f1xx_hal_eth.o)
                              (--whole-archive)
halmx_2/variants/STM32F103C-BluePill/static_libs/libstm32f103c_gcc_rel.a(stm32f1xx_hal_flash.o)
                              (--whole-archive)
[...]
Memory Configuration

Name             Origin             Length             Attributes
FLASH            0x08000000         0x00010000         xr
RAM              0x20000000         0x00005000         xrw
*default*        0x00000000         0xffffffff

Linker script and memory map

LOAD d:/electronics/gcc-arm-none-eabi-4_8-2014q3-20140805-win32/bin/../lib/gcc/arm-none-eabi/4.8.4/armv7-m/crti.o
LOAD d:/electronics/gcc-arm-none-eabi-4_8-2014q3-20140805-win32/bin/../lib/gcc/arm-none-eabi/4.8.4/armv7-m/crtbegin.o
LOAD d:/electronics/gcc-arm-none-eabi-4_8-2014q3-20140805-win32/bin/../lib/gcc/arm-none-eabi/4.8.4/../../../../arm-none-eabi/lib/armv7-m/crt0.o
LOAD examples\Blink\MXBluePillF103C8\obj\examples\Blink\Blink.o
LOAD examples\Blink\MXBluePillF103C8\obj\halmx_2\variants\STM32F103C-BluePill\variant.o
LOAD halmx_2/variants/STM32F103C-BluePill/static_libs/libstm32f103c_gcc_rel.a
LOAD d:/electronics/gcc-arm-none-eabi-4_8-2014q3-20140805-win32/bin/../lib/gcc/arm-none-eabi/4.8.4/../../../../arm-none-eabi/lib/armv7-m\libstdc++_s.a
LOAD d:/electronics/gcc-arm-none-eabi-4_8-2014q3-20140805-win32/bin/../lib/gcc/arm-none-eabi/4.8.4/../../../../arm-none-eabi/lib/armv7-m\libsupc++_s.a
LOAD d:/electronics/gcc-arm-none-eabi-4_8-2014q3-20140805-win32/bin/../lib/gcc/arm-none-eabi/4.8.4/armv7-m\libgcc.a
LOAD d:/electronics/gcc-arm-none-eabi-4_8-2014q3-20140805-win32/bin/../lib/gcc/arm-none-eabi/4.8.4/../../../../arm-none-eabi/lib/armv7-m\libnosys.a
LOAD d:/electronics/gcc-arm-none-eabi-4_8-2014q3-20140805-win32/bin/../lib/gcc/arm-none-eabi/4.8.4/../../../../arm-none-eabi/lib/armv7-m\libstdc++_s.a
LOAD d:/electronics/gcc-arm-none-eabi-4_8-2014q3-20140805-win32/bin/../lib/gcc/arm-none-eabi/4.8.4/../../../../arm-none-eabi/lib/armv7-m\libm.a
LOAD d:/electronics/gcc-arm-none-eabi-4_8-2014q3-20140805-win32/bin/../lib/gcc/arm-none-eabi/4.8.4/../../../../arm-none-eabi/lib/armv7-m\libc_s.a
START GROUP
LOAD d:/electronics/gcc-arm-none-eabi-4_8-2014q3-20140805-win32/bin/../lib/gcc/arm-none-eabi/4.8.4/armv7-m\libgcc.a
LOAD d:/electronics/gcc-arm-none-eabi-4_8-2014q3-20140805-win32/bin/../lib/gcc/arm-none-eabi/4.8.4/../../../../arm-none-eabi/lib/armv7-m\libc_s.a
END GROUP
START GROUP
LOAD d:/electronics/gcc-arm-none-eabi-4_8-2014q3-20140805-win32/bin/../lib/gcc/arm-none-eabi/4.8.4/armv7-m\libgcc.a
LOAD d:/electronics/gcc-arm-none-eabi-4_8-2014q3-20140805-win32/bin/../lib/gcc/arm-none-eabi/4.8.4/../../../../arm-none-eabi/lib/armv7-m\libc_s.a
END GROUP
LOAD d:/electronics/gcc-arm-none-eabi-4_8-2014q3-20140805-win32/bin/../lib/gcc/arm-none-eabi/4.8.4/armv7-m/crtend.o
LOAD d:/electronics/gcc-arm-none-eabi-4_8-2014q3-20140805-win32/bin/../lib/gcc/arm-none-eabi/4.8.4/armv7-m/crtn.o
                0x20005000                _estack = 0x20005000
                0x00000200                _Min_Heap_Size = 0x200
                0x00000400                _Min_Stack_Size = 0x400

.isr_vector     0x08000000      0x10c
                0x08000000                . = ALIGN (0x4)
 *(.isr_vector)
 .isr_vector    0x08000000      0x10c halmx_2/variants/STM32F103C-BluePill/static_libs/libstm32f103c_gcc_rel.a(startup_stm32f103xb.o)
                0x08000000                g_pfnVectors
                0x0800010c                . = ALIGN (0x4)

.text           0x0800010c     0x4ab8
                0x0800010c                . = ALIGN (0x4)
 *(.text)
 .text          0x0800010c       0x54 d:/electronics/gcc-arm-none-eabi-4_8-2014q3-20140805-win32/bin/../lib/gcc/arm-none-eabi/4.8.4/armv7-m/crtbegin.o
 *(.text*)
 .text.setup    0x08000160        0x8 examples\Blink\MXBluePillF103C8\obj\examples\Blink\Blink.o
                0x08000160                setup
 .text.loop     0x08000168       0x28 examples\Blink\MXBluePillF103C8\obj\examples\Blink\Blink.o
                0x08000168                loop
 .text._Z11serialEventv
                0x08000190        0x4 examples\Blink\MXBluePillF103C8\obj\halmx_2\variants\STM32F103C-BluePill\variant.o
                0x08000190                serialEvent()
 .text.USBSerial_Rx_Handler
                0x08000194       0x10 examples\Blink\MXBluePillF103C8\obj\halmx_2\variants\STM32F103C-BluePill\variant.o
                0x08000194                USBSerial_Rx_Handler
 .text.init     0x080001a4        0x4 examples\Blink\MXBluePillF103C8\obj\halmx_2\variants\STM32F103C-BluePill\variant.o
                0x080001a4                init
 .text.initVariant
                0x080001a8       0x10 examples\Blink\MXBluePillF103C8\obj\halmx_2\variants\STM32F103C-BluePill\variant.o
                0x080001a8                initVariant
 .text.startup._GLOBAL__sub_I_g_APinDescription
                0x080001b8       0x28 examples\Blink\MXBluePillF103C8\obj\halmx_2\variants\STM32F103C-BluePill\variant.o
 .text._Z14serialEventRunv
                0x080001e0       0x14 examples\Blink\MXBluePillF103C8\obj\halmx_2\variants\STM32F103C-BluePill\variant.o
                0x080001e0                serialEventRun()
 .text.__empty  0x080001f4        0x4 halmx_2/variants/STM32F103C-BluePill/static_libs/libstm32f103c_gcc_rel.a(hooks.o)
                0x080001f4                yield
 .text._ZNK9IPAddress7printToER5Print
                0x080001f8       0x40 halmx_2/variants/STM32F103C-BluePill/static_libs/libstm32f103c_gcc_rel.a(IPAddress.o)
                0x080001f8                IPAddress::printTo(Print&) const
 .text.startup._GLOBAL__sub_I__ZN9IPAddressC2Ev
                0x08000238       0x1c halmx_2/variants/STM32F103C-BluePill/static_libs/libstm32f103c_gcc_rel.a(IPAddress.o)
 .text.startup.main
                0x08000254       0x44 halmx_2/variants/STM32F103C-BluePill/static_libs/libstm32f103c_gcc_rel.a(main.o)
                0x08000254                main
 .text._ZN5Print5writeEPKhj
                0x08000298       0x2c halmx_2/variants/STM32F103C-BluePill/static_libs/libstm32f103c_gcc_rel.a(Print.o)
                0x08000298                Print::write(unsigned char const*, unsigned int)
 .text._ZN5Print5printEc
                0x080002c4        0xc halmx_2/variants/STM32F103C-BluePill/static_libs/libstm32f103c_gcc_rel.a(Print.o)
                0x080002c4                Print::print(char)
 .text._ZN5Print11printNumberEmh
                0x080002d0       0x60 halmx_2/variants/STM32F103C-BluePill/static_libs/libstm32f103c_gcc_rel.a(Print.o)
                0x080002d0                Print::printNumber(unsigned long, unsigned char)
 .text._ZN5Print5printEmi
                0x08000330       0x18 halmx_2/variants/STM32F103C-BluePill/static_libs/libstm32f103c_gcc_rel.a(Print.o)
                0x08000330                Print::print(unsigned long, int)
 .text._ZN5Print5printEhi
                0x08000348        0x4 halmx_2/variants/STM32F103C-BluePill/static_libs/libstm32f103c_gcc_rel.a(Print.o)
                0x08000348                Print::print(unsigned char, int)
 .text._ZN9UARTClasscvbEv
                0x0800034c        0x4 halmx_2/variants/STM32F103C-BluePill/static_libs/libstm32f103c_gcc_rel.a(UARTClass.o)
                0x0800034c                UARTClass::operator bool()
 .text._ZN9UARTClass5beginEm
                0x08000350        0x8 halmx_2/variants/STM32F103C-BluePill/static_libs/libstm32f103c_gcc_rel.a(UARTClass.o)
                0x08000350                UARTClass::begin(unsigned long)
 .text._ZN9UARTClass3endEv
                0x08000358        0x8 halmx_2/variants/STM32F103C-BluePill/static_libs/libstm32f103c_gcc_rel.a(UARTClass.o)
                0x08000358                UARTClass::end()
 .text._ZN9UARTClass9availableEv
                0x08000360        0x8 halmx_2/variants/STM32F103C-BluePill/static_libs/libstm32f103c_gcc_rel.a(UARTClass.o)
                0x08000360                UARTClass::available()
 .text._ZN9UARTClass4peekEv
                0x08000368        0xc halmx_2/variants/STM32F103C-BluePill/static_libs/libstm32f103c_gcc_rel.a(UARTClass.o)
                0x08000368                UARTClass::peek()
 .text._ZN9UARTClass4readEv
                0x08000374        0xc halmx_2/variants/STM32F103C-BluePill/static_libs/libstm32f103c_gcc_rel.a(UARTClass.o)
                0x08000374                UARTClass::read()
 .text._ZN9UARTClass5flushEv
                0x08000380        0x8 halmx_2/variants/STM32F103C-BluePill/static_libs/libstm32f103c_gcc_rel.a(UARTClass.o)
                0x08000380                UARTClass::flush()
 .text._ZN9UARTClass5writeEh
                0x08000388        0xc halmx_2/variants/STM32F103C-BluePill/static_libs/libstm32f103c_gcc_rel.a(UARTClass.o)
                0x08000388                UARTClass::write(unsigned char)
 .text._ZN9UARTClassC2E9uart_id_e
                0x08000394       0x1c halmx_2/variants/STM32F103C-BluePill/static_libs/libstm32f103c_gcc_rel.a(UARTClass.o)
                0x08000394                UARTClass::UARTClass(uart_id_e)
                0x08000394                UARTClass::UARTClass(uart_id_e)
 .text._ZN10USARTClass5beginEm
                0x080003b0        0x8 halmx_2/variants/STM32F103C-BluePill/static_libs/libstm32f103c_gcc_rel.a(USARTClass.o)
                0x080003b0                USARTClass::begin(unsigned long)
 .text._ZN10USARTClassC2E9uart_id_e
                0x080003b8       0x18 halmx_2/variants/STM32F103C-BluePill/static_libs/libstm32f103c_gcc_rel.a(USARTClass.o)
                0x080003b8                USARTClass::USARTClass(uart_id_e)
                0x080003b8                USARTClass::USARTClass(uart_id_e)
 .text._ZN9USBSerial17availableForWriteEv
                0x080003d0        0x4 halmx_2/variants/STM32F103C-BluePill/static_libs/libstm32f103c_gcc_rel.a(USBSerial.o)
                0x080003d0                USBSerial::availableForWrite()
 .text._ZN9USBSerial9availableEv
                0x080003d4       0x10 halmx_2/variants/STM32F103C-BluePill/static_libs/libstm32f103c_gcc_rel.a(USBSerial.o)
                0x080003d4                USBSerial::available()
 .text._ZN9USBSerial4peekEv
                0x080003e4       0x24 halmx_2/variants/STM32F103C-BluePill/static_libs/libstm32f103c_gcc_rel.a(USBSerial.o)
                0x080003e4                USBSerial::peek()
 .text._ZN9USBSerial4readEv
                0x08000408       0x34 halmx_2/variants/STM32F103C-BluePill/static_libs/libstm32f103c_gcc_rel.a(USBSerial.o)
                0x08000408                USBSerial::read()
 .text._ZN9USBSerial5flushEv
                0x0800043c        0x4 halmx_2/variants/STM32F103C-BluePill/static_libs/libstm32f103c_gcc_rel.a(USBSerial.o)
                0x0800043c                USBSerial::flush()
 .text._ZN9USBSerial5writeEh
                0x08000440       0x1c halmx_2/variants/STM32F103C-BluePill/static_libs/libstm32f103c_gcc_rel.a(USBSerial.o)
                0x08000440                USBSerial::write(unsigned char)
 .text._ZN9USBSerial5writeEPKhj
                0x0800045c       0x38 halmx_2/variants/STM32F103C-BluePill/static_libs/libstm32f103c_gcc_rel.a(USBSerial.o)
                0x0800045c                USBSerial::write(unsigned char const*, unsigned int)
 .text._ZN9USBSerialC2Ev
                0x08000494       0x24 halmx_2/variants/STM32F103C-BluePill/static_libs/libstm32f103c_gcc_rel.a(USBSerial.o)
                0x08000494                USBSerial::USBSerial()
                0x08000494                USBSerial::USBSerial()
 .text._ZN9USBSerial4initEv
                0x080004b8       0x6c halmx_2/variants/STM32F103C-BluePill/static_libs/libstm32f103c_gcc_rel.a(USBSerial.o)
                0x080004b8                USBSerial::init()
 .text._ZN9USBSerial5beginEm
                0x08000524        0x4 halmx_2/variants/STM32F103C-BluePill/static_libs/libstm32f103c_gcc_rel.a(USBSerial.o)
                0x08000524                USBSerial::begin(unsigned long)
 .text._ZN9USBSerial13CDC_RxHandlerEPht
                0x08000528       0x40 halmx_2/variants/STM32F103C-BluePill/static_libs/libstm32f103c_gcc_rel.a(USBSerial.o)
                0x08000528                USBSerial::CDC_RxHandler(unsigned char*, unsigned short)
 .text.millis   0x08000568        0x4 halmx_2/variants/STM32F103C-BluePill/static_libs/libstm32f103c_gcc_rel.a(wiring.o)
                0x08000568                millis
 .text.delay    0x0800056c       0x20 halmx_2/variants/STM32F103C-BluePill/static_libs/libstm32f103c_gcc_rel.a(wiring.o)
                0x0800056c                delay
 .text.pinMode  0x0800058c      0x108 halmx_2/variants/STM32F103C-BluePill/static_libs/libstm32f103c_gcc_rel.a(wiring_digital.o)
                0x0800058c                pinMode
 .text.digitalWrite
                0x08000694       0x24 halmx_2/variants/STM32F103C-BluePill/static_libs/libstm32f103c_gcc_rel.a(wiring_digital.o)
                0x08000694                digitalWrite
 .text.Reset_Handler
                0x080006b8       0x50 halmx_2/variants/STM32F103C-BluePill/static_libs/libstm32f103c_gcc_rel.a(startup_stm32f103xb.o)
                0x080006b8                Reset_Handler
 .text.Default_Handler
                0x08000708        0x4 halmx_2/variants/STM32F103C-BluePill/static_libs/libstm32f103c_gcc_rel.a(startup_stm32f103xb.o)
                0x08000708                RTC_Alarm_IRQHandler
                0x08000708                PVD_IRQHandler
                0x08000708                PendSV_Handler
                0x08000708                I2C2_EV_IRQHandler
                0x08000708                ADC1_2_IRQHandler
                0x08000708                SPI1_IRQHandler
                0x08000708                TAMPER_IRQHandler
                0x08000708                DMA1_Channel4_IRQHandler
                0x08000708                USART3_IRQHandler
                0x08000708                RTC_IRQHandler
                0x08000708                DMA1_Channel7_IRQHandler
                0x08000708                CAN1_RX1_IRQHandler
                0x08000708                DMA1_Channel6_IRQHandler
                0x08000708                RCC_IRQHandler
                0x08000708                TIM1_TRG_COM_IRQHandler
                0x08000708                DMA1_Channel1_IRQHandler
                0x08000708                Default_Handler
                0x08000708                SPI2_IRQHandler
                0x08000708                SVC_Handler
                0x08000708                DMA1_Channel5_IRQHandler
                0x08000708                USB_HP_CAN1_TX_IRQHandler
                0x08000708                DMA1_Channel3_IRQHandler
                0x08000708                WWDG_IRQHandler
                0x08000708                TIM1_BRK_IRQHandler
                0x08000708                I2C2_ER_IRQHandler
                0x08000708                DMA1_Channel2_IRQHandler
                0x08000708                CAN1_SCE_IRQHandler
                0x08000708                FLASH_IRQHandler
                0x08000708                USBWakeUp_IRQHandler
 .text.HAL_Init
                0x0800070c       0x24 halmx_2/variants/STM32F103C-BluePill/static_libs/libstm32f103c_gcc_rel.a(stm32f1xx_hal.o)
                0x0800070c                HAL_Init
 .text.HAL_IncTick
                0x08000730       0x10 halmx_2/variants/STM32F103C-BluePill/static_libs/libstm32f103c_gcc_rel.a(stm32f1xx_hal.o)
                0x08000730                HAL_IncTick
 .text.HAL_GetTick
                0x08000740        0xc halmx_2/variants/STM32F103C-BluePill/static_libs/libstm32f103c_gcc_rel.a(stm32f1xx_hal.o)
                0x08000740                HAL_GetTick
 .text.HAL_Delay
                0x0800074c       0x1c halmx_2/variants/STM32F103C-BluePill/static_libs/libstm32f103c_gcc_rel.a(stm32f1xx_hal.o)
                0x0800074c                HAL_Delay
 .text.HAL_NVIC_SetPriorityGrouping
                0x08000768       0x24 halmx_2/variants/STM32F103C-BluePill/static_libs/libstm32f103c_gcc_rel.a(stm32f1xx_hal_cortex.o)
                0x08000768                HAL_NVIC_SetPriorityGrouping
 .text.HAL_NVIC_SetPriority
                0x0800078c       0x70 halmx_2/variants/STM32F103C-BluePill/static_libs/libstm32f103c_gcc_rel.a(stm32f1xx_hal_cortex.o)
                0x0800078c                HAL_NVIC_SetPriority
 .text.HAL_NVIC_EnableIRQ
                0x080007fc       0x18 halmx_2/variants/STM32F103C-BluePill/static_libs/libstm32f103c_gcc_rel.a(stm32f1xx_hal_cortex.o)
                0x080007fc                HAL_NVIC_EnableIRQ
 .text.HAL_NVIC_SystemReset
                0x08000814       0x24 halmx_2/variants/STM32F103C-BluePill/static_libs/libstm32f103c_gcc_rel.a(stm32f1xx_hal_cortex.o)
                0x08000814                HAL_NVIC_SystemReset
 .text.HAL_SYSTICK_Config
                0x08000838       0x34 halmx_2/variants/STM32F103C-BluePill/static_libs/libstm32f103c_gcc_rel.a(stm32f1xx_hal_cortex.o)
                0x08000838                HAL_SYSTICK_Config
 .text.HAL_NVIC_ClearPendingIRQ
                0x0800086c       0x18 halmx_2/variants/STM32F103C-BluePill/static_libs/libstm32f103c_gcc_rel.a(stm32f1xx_hal_cortex.o)
                0x0800086c                HAL_NVIC_ClearPendingIRQ
 .text.HAL_SYSTICK_CLKSourceConfig
                0x08000884       0x18 halmx_2/variants/STM32F103C-BluePill/static_libs/libstm32f103c_gcc_rel.a(stm32f1xx_hal_cortex.o)
                0x08000884                HAL_SYSTICK_CLKSourceConfig
 .text.HAL_GPIO_Init
                0x0800089c      0x204 halmx_2/variants/STM32F103C-BluePill/static_libs/libstm32f103c_gcc_rel.a(stm32f1xx_hal_gpio.o)
                0x0800089c                HAL_GPIO_Init
 .text.HAL_GPIO_DeInit
                0x08000aa0      0x108 halmx_2/variants/STM32F103C-BluePill/static_libs/libstm32f103c_gcc_rel.a(stm32f1xx_hal_gpio.o)
                0x08000aa0                HAL_GPIO_DeInit
 .text.HAL_GPIO_WritePin
                0x08000ba8        0x8 halmx_2/variants/STM32F103C-BluePill/static_libs/libstm32f103c_gcc_rel.a(stm32f1xx_hal_gpio.o)
                0x08000ba8                HAL_GPIO_WritePin
 .text.HAL_GPIO_EXTI_IRQHandler
                0x08000bb0       0x18 halmx_2/variants/STM32F103C-BluePill/static_libs/libstm32f103c_gcc_rel.a(stm32f1xx_hal_gpio.o)
                0x08000bb0                HAL_GPIO_EXTI_IRQHandler
 .text.I2C_WaitOnFlagUntilTimeout
                0x08000bc8       0x9c halmx_2/variants/STM32F103C-BluePill/static_libs/libstm32f103c_gcc_rel.a(stm32f1xx_hal_i2c.o)
 .text.HAL_I2C_Slave_Receive_IT
                0x08000c64       0x6c halmx_2/variants/STM32F103C-BluePill/static_libs/libstm32f103c_gcc_rel.a(stm32f1xx_hal_i2c.o)
                0x08000c64                HAL_I2C_Slave_Receive_IT
 .text.HAL_I2C_MasterTxCpltCallback
                0x08000cd0        0x4 halmx_2/variants/STM32F103C-BluePill/static_libs/libstm32f103c_gcc_rel.a(stm32f1xx_hal_i2c.o)
                0x08000cd0                HAL_I2C_MasterTxCpltCallback
 .text.HAL_I2C_MasterRxCpltCallback
                0x08000cd4        0x4 halmx_2/variants/STM32F103C-BluePill/static_libs/libstm32f103c_gcc_rel.a(stm32f1xx_hal_i2c.o)
                0x08000cd4                HAL_I2C_MasterRxCpltCallback
 .text.HAL_I2C_MemTxCpltCallback
                0x08000cd8        0x4 halmx_2/variants/STM32F103C-BluePill/static_libs/libstm32f103c_gcc_rel.a(stm32f1xx_hal_i2c.o)
                0x08000cd8                HAL_I2C_MemTxCpltCallback
 .text.HAL_I2C_MemRxCpltCallback
                0x08000cdc        0x4 halmx_2/variants/STM32F103C-BluePill/static_libs/libstm32f103c_gcc_rel.a(stm32f1xx_hal_i2c.o)
                0x08000cdc                HAL_I2C_MemRxCpltCallback
 .text.HAL_I2C_EV_IRQHandler
                0x08000ce0      0x218 halmx_2/variants/STM32F103C-BluePill/static_libs/libstm32f103c_gcc_rel.a(stm32f1xx_hal_i2c.o)
                0x08000ce0                HAL_I2C_EV_IRQHandler
 .text.HAL_I2C_ER_IRQHandler
                0x08000ef8       0xec halmx_2/variants/STM32F103C-BluePill/static_libs/libstm32f103c_gcc_rel.a(stm32f1xx_hal_i2c.o)
                0x08000ef8                HAL_I2C_ER_IRQHandler
 .text.HAL_MspInit
                0x08000fe4        0x4 halmx_2/variants/STM32F103C-BluePill/static_libs/libstm32f103c_gcc_rel.a(stm32f1xx_hal_msp_template.o)
                0x08000fe4                HAL_MspInit
 .text.HAL_PCD_Init
                0x08000fe8       0xe0 halmx_2/variants/STM32F103C-BluePill/static_libs/libstm32f103c_gcc_rel.a(stm32f1xx_hal_pcd.o)
                0x08000fe8                HAL_PCD_Init
 .text.HAL_PCD_Start
                0x080010c8       0x30 halmx_2/variants/STM32F103C-BluePill/static_libs/libstm32f103c_gcc_rel.a(stm32f1xx_hal_pcd.o)
                0x080010c8                HAL_PCD_Start
 .text.HAL_PCD_SetAddress
                0x080010f8       0x28 halmx_2/variants/STM32F103C-BluePill/static_libs/libstm32f103c_gcc_rel.a(stm32f1xx_hal_pcd.o)
                0x080010f8                HAL_PCD_SetAddress
 .text.HAL_PCD_EP_Open
                0x08001120       0x4c halmx_2/variants/STM32F103C-BluePill/static_libs/libstm32f103c_gcc_rel.a(stm32f1xx_hal_pcd.o)
                0x08001120                HAL_PCD_EP_Open
 .text.HAL_PCD_EP_Close
                0x0800116c       0x48 halmx_2/variants/STM32F103C-BluePill/static_libs/libstm32f103c_gcc_rel.a(stm32f1xx_hal_pcd.o)
                0x0800116c                HAL_PCD_EP_Close
 .text.HAL_PCD_EP_Receive
                0x080011b4       0x3c halmx_2/variants/STM32F103C-BluePill/static_libs/libstm32f103c_gcc_rel.a(stm32f1xx_hal_pcd.o)
                0x080011b4                HAL_PCD_EP_Receive
 .text.HAL_PCD_EP_GetRxCount
                0x080011f0       0x10 halmx_2/variants/STM32F103C-BluePill/static_libs/libstm32f103c_gcc_rel.a(stm32f1xx_hal_pcd.o)
                0x080011f0                HAL_PCD_EP_GetRxCount
 .text.HAL_PCD_EP_Transmit
                0x08001200       0x3c halmx_2/variants/STM32F103C-BluePill/static_libs/libstm32f103c_gcc_rel.a(stm32f1xx_hal_pcd.o)
                0x08001200                HAL_PCD_EP_Transmit
 .text.HAL_PCD_IRQHandler
                0x0800123c      0x554 halmx_2/variants/STM32F103C-BluePill/static_libs/libstm32f103c_gcc_rel.a(stm32f1xx_hal_pcd.o)
                0x0800123c                HAL_PCD_IRQHandler
 .text.HAL_PCD_EP_SetStall
                0x08001790       0x58 halmx_2/variants/STM32F103C-BluePill/static_libs/libstm32f103c_gcc_rel.a(stm32f1xx_hal_pcd.o)
                0x08001790                HAL_PCD_EP_SetStall
 .text.HAL_PCD_EP_ClrStall
                0x080017e8       0x4c halmx_2/variants/STM32F103C-BluePill/static_libs/libstm32f103c_gcc_rel.a(stm32f1xx_hal_pcd.o)
                0x080017e8                HAL_PCD_EP_ClrStall
 .text.HAL_PCDEx_PMAConfig
                0x08001834       0x34 halmx_2/variants/STM32F103C-BluePill/static_libs/libstm32f103c_gcc_rel.a(stm32f1xx_hal_pcd_ex.o)
                0x08001834                HAL_PCDEx_PMAConfig
 .text.HAL_RCC_OscConfig
                0x08001868      0x574 halmx_2/variants/STM32F103C-BluePill/static_libs/libstm32f103c_gcc_rel.a(stm32f1xx_hal_rcc.o)
                0x08001868                HAL_RCC_OscConfig
 .text.HAL_RCC_GetSysClockFreq
                0x08001ddc       0x94 halmx_2/variants/STM32F103C-BluePill/static_libs/libstm32f103c_gcc_rel.a(stm32f1xx_hal_rcc.o)
                0x08001ddc                HAL_RCC_GetSysClockFreq
 .text.HAL_RCC_ClockConfig
                0x08001e70      0x184 halmx_2/variants/STM32F103C-BluePill/static_libs/libstm32f103c_gcc_rel.a(stm32f1xx_hal_rcc.o)
                0x08001e70                HAL_RCC_ClockConfig
 .text.HAL_RCC_GetHCLKFreq
                0x08001ff4        0xc halmx_2/variants/STM32F103C-BluePill/static_libs/libstm32f103c_gcc_rel.a(stm32f1xx_hal_rcc.o)
                0x08001ff4                HAL_RCC_GetHCLKFreq
 .text.HAL_RCC_GetPCLK1Freq
                0x08002000       0x30 halmx_2/variants/STM32F103C-BluePill/static_libs/libstm32f103c_gcc_rel.a(stm32f1xx_hal_rcc.o)
                0x08002000                HAL_RCC_GetPCLK1Freq
 .text.HAL_RCC_GetPCLK2Freq
                0x08002030       0x30 halmx_2/variants/STM32F103C-BluePill/static_libs/libstm32f103c_gcc_rel.a(stm32f1xx_hal_rcc.o)
                0x08002030                HAL_RCC_GetPCLK2Freq
 .text.HAL_RCCEx_PeriphCLKConfig
                0x08002060      0x12c halmx_2/variants/STM32F103C-BluePill/static_libs/libstm32f103c_gcc_rel.a(stm32f1xx_hal_rcc_ex.o)
                0x08002060                HAL_RCCEx_PeriphCLKConfig
 .text.HAL_TIM_PWM_DeInit
                0x0800218c       0x3c halmx_2/variants/STM32F103C-BluePill/static_libs/libstm32f103c_gcc_rel.a(stm32f1xx_hal_tim.o)
                0x0800218c                HAL_TIM_PWM_DeInit
 .text.HAL_TIM_PWM_Stop
                0x080021c8       0x6c halmx_2/variants/STM32F103C-BluePill/static_libs/libstm32f103c_gcc_rel.a(stm32f1xx_hal_tim.o)
                0x080021c8                HAL_TIM_PWM_Stop
 .text.HAL_TIM_IC_CaptureCallback
                0x08002234        0x4 halmx_2/variants/STM32F103C-BluePill/static_libs/libstm32f103c_gcc_rel.a(stm32f1xx_hal_tim.o)
                0x08002234                HAL_TIM_IC_CaptureCallback
 .text.HAL_TIM_PWM_PulseFinishedCallback
                0x08002238        0x4 halmx_2/variants/STM32F103C-BluePill/static_libs/libstm32f103c_gcc_rel.a(stm32f1xx_hal_tim.o)
                0x08002238                HAL_TIM_PWM_PulseFinishedCallback
 .text.HAL_TIM_TriggerCallback
                0x0800223c        0x4 halmx_2/variants/STM32F103C-BluePill/static_libs/libstm32f103c_gcc_rel.a(stm32f1xx_hal_tim.o)
                0x0800223c                HAL_TIM_TriggerCallback
 .text.HAL_TIM_IRQHandler
                0x08002240      0x154 halmx_2/variants/STM32F103C-BluePill/static_libs/libstm32f103c_gcc_rel.a(stm32f1xx_hal_tim.o)
                0x08002240                HAL_TIM_IRQHandler
 .text.HAL_TIMEx_PWMN_Stop
                0x08002394       0x54 halmx_2/variants/STM32F103C-BluePill/static_libs/libstm32f103c_gcc_rel.a(stm32f1xx_hal_tim_ex.o)
                0x08002394                HAL_TIMEx_PWMN_Stop
 .text.HAL_TIMEx_CommutationCallback
                0x080023e8        0x4 halmx_2/variants/STM32F103C-BluePill/static_libs/libstm32f103c_gcc_rel.a(stm32f1xx_hal_tim_ex.o)
                0x080023e8                HAL_TIMEx_CommutationCallback
 .text.HAL_TIMEx_BreakCallback
                0x080023ec        0x4 halmx_2/variants/STM32F103C-BluePill/static_libs/libstm32f103c_gcc_rel.a(stm32f1xx_hal_tim_ex.o)
                0x080023ec                HAL_TIMEx_BreakCallback
 .text.UART_SetConfig
                0x080023f0      0x1ac halmx_2/variants/STM32F103C-BluePill/static_libs/libstm32f103c_gcc_rel.a(stm32f1xx_hal_uart.o)
 .text.UART_WaitOnFlagUntilTimeout.constprop.0
                0x0800259c       0x60 halmx_2/variants/STM32F103C-BluePill/static_libs/libstm32f103c_gcc_rel.a(stm32f1xx_hal_uart.o)
 .text.HAL_UART_Init
                0x080025fc       0x5c halmx_2/variants/STM32F103C-BluePill/static_libs/libstm32f103c_gcc_rel.a(stm32f1xx_hal_uart.o)
                0x080025fc                HAL_UART_Init
 .text.HAL_UART_DeInit
                0x08002658       0x34 halmx_2/variants/STM32F103C-BluePill/static_libs/libstm32f103c_gcc_rel.a(stm32f1xx_hal_uart.o)
                0x08002658                HAL_UART_DeInit
 .text.HAL_UART_Transmit
                0x0800268c       0xc4 halmx_2/variants/STM32F103C-BluePill/static_libs/libstm32f103c_gcc_rel.a(stm32f1xx_hal_uart.o)
                0x0800268c                HAL_UART_Transmit
 .text.HAL_UART_Receive_IT
                0x08002750       0x74 halmx_2/variants/STM32F103C-BluePill/static_libs/libstm32f103c_gcc_rel.a(stm32f1xx_hal_uart.o)
                0x08002750                HAL_UART_Receive_IT
 .text.HAL_UART_TxCpltCallback
                0x080027c4        0x4 halmx_2/variants/STM32F103C-BluePill/static_libs/libstm32f103c_gcc_rel.a(stm32f1xx_hal_uart.o)
                0x080027c4                HAL_UART_TxCpltCallback
 .text.HAL_UART_IRQHandler
                0x080027c8      0x1c8 halmx_2/variants/STM32F103C-BluePill/static_libs/libstm32f103c_gcc_rel.a(stm32f1xx_hal_uart.o)
                0x080027c8                HAL_UART_IRQHandler
 .text.USB_CoreInit
                0x08002990       0x10 halmx_2/variants/STM32F103C-BluePill/static_libs/libstm32f103c_gcc_rel.a(stm32f1xx_ll_usb.o)
                0x08002990                USB_CoreInit
 .text.USB_EnableGlobalInt
                0x080029a0       0x14 halmx_2/variants/STM32F103C-BluePill/static_libs/libstm32f103c_gcc_rel.a(stm32f1xx_ll_usb.o)
                0x080029a0                USB_EnableGlobalInt
 .text.USB_DisableGlobalInt
                0x080029b4       0x14 halmx_2/variants/STM32F103C-BluePill/static_libs/libstm32f103c_gcc_rel.a(stm32f1xx_ll_usb.o)
                0x080029b4                USB_DisableGlobalInt
 .text.USB_SetCurrentMode
                0x080029c8        0x4 halmx_2/variants/STM32F103C-BluePill/static_libs/libstm32f103c_gcc_rel.a(stm32f1xx_ll_usb.o)
                0x080029c8                USB_SetCurrentMode
 .text.USB_DevInit
                0x080029cc       0x28 halmx_2/variants/STM32F103C-BluePill/static_libs/libstm32f103c_gcc_rel.a(stm32f1xx_ll_usb.o)
                0x080029cc                USB_DevInit
 .text.USB_ActivateEndpoint
                0x080029f4      0x348 halmx_2/variants/STM32F103C-BluePill/static_libs/libstm32f103c_gcc_rel.a(stm32f1xx_ll_usb.o)
                0x080029f4                USB_ActivateEndpoint
 .text.USB_DeactivateEndpoint
                0x08002d3c      0x1d8 halmx_2/variants/STM32F103C-BluePill/static_libs/libstm32f103c_gcc_rel.a(stm32f1xx_ll_usb.o)
                0x08002d3c                USB_DeactivateEndpoint
 .text.USB_EPStartXfer
                0x08002f14      0x280 halmx_2/variants/STM32F103C-BluePill/static_libs/libstm32f103c_gcc_rel.a(stm32f1xx_ll_usb.o)
                0x08002f14                USB_EPStartXfer
 .text.USB_EPSetStall
                0x08003194       0x74 halmx_2/variants/STM32F103C-BluePill/static_libs/libstm32f103c_gcc_rel.a(stm32f1xx_ll_usb.o)
                0x08003194                USB_EPSetStall
 .text.USB_EPClearStall
                0x08003208       0xa8 halmx_2/variants/STM32F103C-BluePill/static_libs/libstm32f103c_gcc_rel.a(stm32f1xx_ll_usb.o)
                0x08003208                USB_EPClearStall
 .text.USB_SetDevAddress
                0x080032b0        0xc halmx_2/variants/STM32F103C-BluePill/static_libs/libstm32f103c_gcc_rel.a(stm32f1xx_ll_usb.o)
                0x080032b0                USB_SetDevAddress
 .text.USB_DevConnect
                0x080032bc        0x4 halmx_2/variants/STM32F103C-BluePill/static_libs/libstm32f103c_gcc_rel.a(stm32f1xx_ll_usb.o)
                0x080032bc                USB_DevConnect
 .text.USB_DevDisconnect
                0x080032c0        0x4 halmx_2/variants/STM32F103C-BluePill/static_libs/libstm32f103c_gcc_rel.a(stm32f1xx_ll_usb.o)
                0x080032c0                USB_DevDisconnect
 .text.USB_ReadInterrupts
                0x080032c4        0x8 halmx_2/variants/STM32F103C-BluePill/static_libs/libstm32f103c_gcc_rel.a(stm32f1xx_ll_usb.o)
                0x080032c4                USB_ReadInterrupts
 .text.USB_EP0_OutStart
                0x080032cc        0x4 halmx_2/variants/STM32F103C-BluePill/static_libs/libstm32f103c_gcc_rel.a(stm32f1xx_ll_usb.o)
                0x080032cc                USB_EP0_OutStart
 .text.USB_WritePMA
                0x080032d0       0x38 halmx_2/variants/STM32F103C-BluePill/static_libs/libstm32f103c_gcc_rel.a(stm32f1xx_ll_usb.o)
                0x080032d0                USB_WritePMA
 .text.USB_ReadPMA
                0x08003308       0x1c halmx_2/variants/STM32F103C-BluePill/static_libs/libstm32f103c_gcc_rel.a(stm32f1xx_ll_usb.o)
                0x08003308                USB_ReadPMA
 .text.USBD_CDC_DataIn
                0x08003324       0x14 halmx_2/variants/STM32F103C-BluePill/static_libs/libstm32f103c_gcc_rel.a(usbd_cdc.o)
 .text.USBD_CDC_EP0_RxReady
                0x08003338       0x28 halmx_2/variants/STM32F103C-BluePill/static_libs/libstm32f103c_gcc_rel.a(usbd_cdc.o)
 .text.USBD_CDC_GetFSCfgDesc
                0x08003360        0xc halmx_2/variants/STM32F103C-BluePill/static_libs/libstm32f103c_gcc_rel.a(usbd_cdc.o)
 .text.USBD_CDC_GetHSCfgDesc
                0x0800336c        0xc halmx_2/variants/STM32F103C-BluePill/static_libs/libstm32f103c_gcc_rel.a(usbd_cdc.o)
 .text.USBD_CDC_GetOtherSpeedCfgDesc
                0x08003378        0xc halmx_2/variants/STM32F103C-BluePill/static_libs/libstm32f103c_gcc_rel.a(usbd_cdc.o)
 .text.USBD_CDC_GetDeviceQualifierDescriptor
                0x08003384        0xc halmx_2/variants/STM32F103C-BluePill/static_libs/libstm32f103c_gcc_rel.a(usbd_cdc.o)
                0x08003384                USBD_CDC_GetDeviceQualifierDescriptor
 .text.USBD_CDC_DataOut
                0x08003390       0x30 halmx_2/variants/STM32F103C-BluePill/static_libs/libstm32f103c_gcc_rel.a(usbd_cdc.o)
 .text.USBD_CDC_Setup
                0x080033c0       0x70 halmx_2/variants/STM32F103C-BluePill/static_libs/libstm32f103c_gcc_rel.a(usbd_cdc.o)
 .text.USBD_CDC_DeInit
                0x08003430       0x3c halmx_2/variants/STM32F103C-BluePill/static_libs/libstm32f103c_gcc_rel.a(usbd_cdc.o)
 .text.USBD_CDC_Init
                0x0800346c       0x8c halmx_2/variants/STM32F103C-BluePill/static_libs/libstm32f103c_gcc_rel.a(usbd_cdc.o)
 .text.USBD_CDC_RegisterInterface
                0x080034f8       0x10 halmx_2/variants/STM32F103C-BluePill/static_libs/libstm32f103c_gcc_rel.a(usbd_cdc.o)
                0x080034f8                USBD_CDC_RegisterInterface
 .text.USBD_CDC_SetTxBuffer
                0x08003508       0x10 halmx_2/variants/STM32F103C-BluePill/static_libs/libstm32f103c_gcc_rel.a(usbd_cdc.o)
                0x08003508                USBD_CDC_SetTxBuffer
 .text.USBD_CDC_SetRxBuffer
                0x08003518        0xc halmx_2/variants/STM32F103C-BluePill/static_libs/libstm32f103c_gcc_rel.a(usbd_cdc.o)
                0x08003518                USBD_CDC_SetRxBuffer
 .text.USBD_CDC_TransmitPacket
                0x08003524       0x30 halmx_2/variants/STM32F103C-BluePill/static_libs/libstm32f103c_gcc_rel.a(usbd_cdc.o)
                0x08003524                USBD_CDC_TransmitPacket
 .text.USBD_CDC_ReceivePacket
                0x08003554       0x2c halmx_2/variants/STM32F103C-BluePill/static_libs/libstm32f103c_gcc_rel.a(usbd_cdc.o)
                0x08003554                USBD_CDC_ReceivePacket
 .text.USBD_Init
                0x08003580       0x2c halmx_2/variants/STM32F103C-BluePill/static_libs/libstm32f103c_gcc_rel.a(usbd_core.o)
                0x08003580                USBD_Init
 .text.USBD_RegisterClass
                0x080035ac       0x10 halmx_2/variants/STM32F103C-BluePill/static_libs/libstm32f103c_gcc_rel.a(usbd_core.o)
                0x080035ac                USBD_RegisterClass
 .text.USBD_Start
                0x080035bc        0xc halmx_2/variants/STM32F103C-BluePill/static_libs/libstm32f103c_gcc_rel.a(usbd_core.o)
                0x080035bc                USBD_Start
 .text.USBD_SetClassConfig
                0x080035c8       0x14 halmx_2/variants/STM32F103C-BluePill/static_libs/libstm32f103c_gcc_rel.a(usbd_core.o)
                0x080035c8                USBD_SetClassConfig
 .text.USBD_ClrClassConfig
                0x080035dc       0x10 halmx_2/variants/STM32F103C-BluePill/static_libs/libstm32f103c_gcc_rel.a(usbd_core.o)
                0x080035dc                USBD_ClrClassConfig
 .text.USBD_LL_SetupStage
                0x080035ec       0x60 halmx_2/variants/STM32F103C-BluePill/static_libs/libstm32f103c_gcc_rel.a(usbd_core.o)
                0x080035ec                USBD_LL_SetupStage
 .text.USBD_LL_DataOutStage
                0x0800364c       0x6c halmx_2/variants/STM32F103C-BluePill/static_libs/libstm32f103c_gcc_rel.a(usbd_core.o)
                0x0800364c                USBD_LL_DataOutStage
 .text.USBD_LL_DataInStage
                0x080036b8       0xb0 halmx_2/variants/STM32F103C-BluePill/static_libs/libstm32f103c_gcc_rel.a(usbd_core.o)
                0x080036b8                USBD_LL_DataInStage
 .text.USBD_LL_Reset
                0x08003768       0x40 halmx_2/variants/STM32F103C-BluePill/static_libs/libstm32f103c_gcc_rel.a(usbd_core.o)
                0x08003768                USBD_LL_Reset
 .text.USBD_LL_SetSpeed
                0x080037a8        0x8 halmx_2/variants/STM32F103C-BluePill/static_libs/libstm32f103c_gcc_rel.a(usbd_core.o)
                0x080037a8                USBD_LL_SetSpeed
 .text.USBD_LL_Suspend
                0x080037b0       0x14 halmx_2/variants/STM32F103C-BluePill/static_libs/libstm32f103c_gcc_rel.a(usbd_core.o)
                0x080037b0                USBD_LL_Suspend
 .text.USBD_LL_Resume
                0x080037c4       0x10 halmx_2/variants/STM32F103C-BluePill/static_libs/libstm32f103c_gcc_rel.a(usbd_core.o)
                0x080037c4                USBD_LL_Resume
 .text.USBD_LL_SOF
                0x080037d4       0x20 halmx_2/variants/STM32F103C-BluePill/static_libs/libstm32f103c_gcc_rel.a(usbd_core.o)
                0x080037d4                USBD_LL_SOF
 .text.USBD_StdDevReq
                0x080037f4      0x2b8 halmx_2/variants/STM32F103C-BluePill/static_libs/libstm32f103c_gcc_rel.a(usbd_ctlreq.o)
                0x080037f4                USBD_StdDevReq
 .text.USBD_StdItfReq
                0x08003aac       0x3c halmx_2/variants/STM32F103C-BluePill/static_libs/libstm32f103c_gcc_rel.a(usbd_ctlreq.o)
                0x08003aac                USBD_StdItfReq
 .text.USBD_StdEPReq
                0x08003ae8       0xd0 halmx_2/variants/STM32F103C-BluePill/static_libs/libstm32f103c_gcc_rel.a(usbd_ctlreq.o)
                0x08003ae8                USBD_StdEPReq
 .text.USBD_ParseSetupRequest
                0x08003bb8       0x28 halmx_2/variants/STM32F103C-BluePill/static_libs/libstm32f103c_gcc_rel.a(usbd_ctlreq.o)
                0x08003bb8                USBD_ParseSetupRequest
 .text.USBD_GetString
                0x08003be0       0x4c halmx_2/variants/STM32F103C-BluePill/static_libs/libstm32f103c_gcc_rel.a(usbd_ctlreq.o)
                0x08003be0                USBD_GetString
 .text.USBD_CtlSendData
                0x08003c2c       0x1c halmx_2/variants/STM32F103C-BluePill/static_libs/libstm32f103c_gcc_rel.a(usbd_ioreq.o)
                0x08003c2c                USBD_CtlSendData
 .text.USBD_CtlContinueSendData
                0x08003c48       0x10 halmx_2/variants/STM32F103C-BluePill/static_libs/libstm32f103c_gcc_rel.a(usbd_ioreq.o)
                0x08003c48                USBD_CtlContinueSendData
 .text.USBD_CtlPrepareRx
                0x08003c58       0x20 halmx_2/variants/STM32F103C-BluePill/static_libs/libstm32f103c_gcc_rel.a(usbd_ioreq.o)
                0x08003c58                USBD_CtlPrepareRx
 .text.USBD_CtlContinueRx
                0x08003c78       0x10 halmx_2/variants/STM32F103C-BluePill/static_libs/libstm32f103c_gcc_rel.a(usbd_ioreq.o)
                0x08003c78                USBD_CtlContinueRx
 .text.USBD_CtlSendStatus
                0x08003c88       0x18 halmx_2/variants/STM32F103C-BluePill/static_libs/libstm32f103c_gcc_rel.a(usbd_ioreq.o)
                0x08003c88                USBD_CtlSendStatus
 .text.USBD_CtlReceiveStatus
                0x08003ca0       0x18 halmx_2/variants/STM32F103C-BluePill/static_libs/libstm32f103c_gcc_rel.a(usbd_ioreq.o)
                0x08003ca0                USBD_CtlReceiveStatus
 .text.TIM1_AF_PartialRemap
                0x08003cb8       0x30 halmx_2/variants/STM32F103C-BluePill/static_libs/libstm32f103c_gcc_rel.a(analog.o)
 .text.TIM2_AF_FullRemap
                0x08003ce8       0x2c halmx_2/variants/STM32F103C-BluePill/static_libs/libstm32f103c_gcc_rel.a(analog.o)
 .text.TIM3_AF_FullRemap
                0x08003d14       0x2c halmx_2/variants/STM32F103C-BluePill/static_libs/libstm32f103c_gcc_rel.a(analog.o)
 .text.TIM3_AF_PartialRemap
                0x08003d40       0x30 halmx_2/variants/STM32F103C-BluePill/static_libs/libstm32f103c_gcc_rel.a(analog.o)
 .text.TIM4_AF_NoRemap
                0x08003d70       0x2c halmx_2/variants/STM32F103C-BluePill/static_libs/libstm32f103c_gcc_rel.a(analog.o)
 .text.dac_stop
                0x08003d9c        0x4 halmx_2/variants/STM32F103C-BluePill/static_libs/libstm32f103c_gcc_rel.a(analog.o)
                0x08003d9c                dac_stop
 .text.HAL_TIM_PWM_MspDeInit
                0x08003da0        0x4 halmx_2/variants/STM32F103C-BluePill/static_libs/libstm32f103c_gcc_rel.a(analog.o)
                0x08003da0                HAL_TIM_PWM_MspDeInit
 .text.pwm_stop
                0x08003da4       0x64 halmx_2/variants/STM32F103C-BluePill/static_libs/libstm32f103c_gcc_rel.a(analog.o)
                0x08003da4                pwm_stop
 .text.GetCurrentMilli
                0x08003e08        0x4 halmx_2/variants/STM32F103C-BluePill/static_libs/libstm32f103c_gcc_rel.a(clock.o)
                0x08003e08                GetCurrentMilli
 .text.SysTick_Handler
                0x08003e0c        0x4 halmx_2/variants/STM32F103C-BluePill/static_libs/libstm32f103c_gcc_rel.a(clock.o)
                0x08003e0c                SysTick_Handler
 .text.HAL_InitTick
                0x08003e10       0x28 halmx_2/variants/STM32F103C-BluePill/static_libs/libstm32f103c_gcc_rel.a(clock.o)
                0x08003e10                HAL_InitTick
 .text.digital_io_init
                0x08003e38       0xa4 halmx_2/variants/STM32F103C-BluePill/static_libs/libstm32f103c_gcc_rel.a(digital_io.o)
                0x08003e38                digital_io_init
 .text.digital_io_write
                0x08003edc       0x10 halmx_2/variants/STM32F103C-BluePill/static_libs/libstm32f103c_gcc_rel.a(digital_io.o)
                0x08003edc                digital_io_write
 .text.hw_config_init
                0x08003eec       0x90 halmx_2/variants/STM32F103C-BluePill/static_libs/libstm32f103c_gcc_rel.a(hw_config.o)
                0x08003eec                hw_config_init
 .text.NMI_Handler
                0x08003f7c        0x4 halmx_2/variants/STM32F103C-BluePill/static_libs/libstm32f103c_gcc_rel.a(hw_config.o)
                0x08003f7c                NMI_Handler
 .text.HardFault_Handler
                0x08003f80        0x4 halmx_2/variants/STM32F103C-BluePill/static_libs/libstm32f103c_gcc_rel.a(hw_config.o)
                0x08003f80                HardFault_Handler
 .text.MemManage_Handler
                0x08003f84        0x4 halmx_2/variants/STM32F103C-BluePill/static_libs/libstm32f103c_gcc_rel.a(hw_config.o)
                0x08003f84                MemManage_Handler
 .text.BusFault_Handler
                0x08003f88        0x4 halmx_2/variants/STM32F103C-BluePill/static_libs/libstm32f103c_gcc_rel.a(hw_config.o)
                0x08003f88                BusFault_Handler
 .text.UsageFault_Handler
                0x08003f8c        0x4 halmx_2/variants/STM32F103C-BluePill/static_libs/libstm32f103c_gcc_rel.a(hw_config.o)
                0x08003f8c                UsageFault_Handler
 .text.DebugMon_Handler
                0x08003f90        0x4 halmx_2/variants/STM32F103C-BluePill/static_libs/libstm32f103c_gcc_rel.a(hw_config.o)
                0x08003f90                DebugMon_Handler
 .text.USB_LP_CAN1_RX0_IRQHandler
                0x08003f94        0xc halmx_2/variants/STM32F103C-BluePill/static_libs/libstm32f103c_gcc_rel.a(hw_config.o)
                0x08003f94                USB_LP_CAN1_RX0_IRQHandler
 .text.Error_Handler
                0x08003fa0        0x4 halmx_2/variants/STM32F103C-BluePill/static_libs/libstm32f103c_gcc_rel.a(hw_config.o)
                0x08003fa0                Error_Handler
 .text.HAL_GPIO_EXTI_Callback
                0x08003fa4       0x2c halmx_2/variants/STM32F103C-BluePill/static_libs/libstm32f103c_gcc_rel.a(interrupt.o)
                0x08003fa4                HAL_GPIO_EXTI_Callback
 .text.EXTI0_IRQHandler
                0x08003fd0        0x8 halmx_2/variants/STM32F103C-BluePill/static_libs/libstm32f103c_gcc_rel.a(interrupt.o)
                0x08003fd0                EXTI0_IRQHandler
 .text.EXTI1_IRQHandler
                0x08003fd8        0x8 halmx_2/variants/STM32F103C-BluePill/static_libs/libstm32f103c_gcc_rel.a(interrupt.o)
                0x08003fd8                EXTI1_IRQHandler
 .text.EXTI2_IRQHandler
                0x08003fe0        0x8 halmx_2/variants/STM32F103C-BluePill/static_libs/libstm32f103c_gcc_rel.a(interrupt.o)
                0x08003fe0                EXTI2_IRQHandler
 .text.EXTI3_IRQHandler
                0x08003fe8        0x8 halmx_2/variants/STM32F103C-BluePill/static_libs/libstm32f103c_gcc_rel.a(interrupt.o)
                0x08003fe8                EXTI3_IRQHandler
 .text.EXTI4_IRQHandler
                0x08003ff0        0x8 halmx_2/variants/STM32F103C-BluePill/static_libs/libstm32f103c_gcc_rel.a(interrupt.o)
                0x08003ff0                EXTI4_IRQHandler
 .text.EXTI9_5_IRQHandler
                0x08003ff8       0x18 halmx_2/variants/STM32F103C-BluePill/static_libs/libstm32f103c_gcc_rel.a(interrupt.o)
                0x08003ff8                EXTI9_5_IRQHandler
 .text.EXTI15_10_IRQHandler
                0x08004010       0x18 halmx_2/variants/STM32F103C-BluePill/static_libs/libstm32f103c_gcc_rel.a(interrupt.o)
                0x08004010                EXTI15_10_IRQHandler
 .text.SystemInit
                0x08004028       0x50 halmx_2/variants/STM32F103C-BluePill/static_libs/libstm32f103c_gcc_rel.a(system_stm32f1xx.o)
                0x08004028                SystemInit
 .text.tim1_clock_enable
                0x08004078       0x20 halmx_2/variants/STM32F103C-BluePill/static_libs/libstm32f103c_gcc_rel.a(timer.o)
 .text.tim1_clock_reset
                0x08004098       0x10 halmx_2/variants/STM32F103C-BluePill/static_libs/libstm32f103c_gcc_rel.a(timer.o)
 .text.tim2_clock_enable
                0x080040a8       0x20 halmx_2/variants/STM32F103C-BluePill/static_libs/libstm32f103c_gcc_rel.a(timer.o)
 .text.tim2_clock_reset
                0x080040c8       0x10 halmx_2/variants/STM32F103C-BluePill/static_libs/libstm32f103c_gcc_rel.a(timer.o)
 .text.tim3_clock_enable
                0x080040d8       0x20 halmx_2/variants/STM32F103C-BluePill/static_libs/libstm32f103c_gcc_rel.a(timer.o)
 .text.tim3_clock_reset
                0x080040f8       0x10 halmx_2/variants/STM32F103C-BluePill/static_libs/libstm32f103c_gcc_rel.a(timer.o)
 .text.tim4_clock_enable
                0x08004108       0x20 halmx_2/variants/STM32F103C-BluePill/static_libs/libstm32f103c_gcc_rel.a(timer.o)
 .text.tim4_clock_reset
                0x08004128       0x10 halmx_2/variants/STM32F103C-BluePill/static_libs/libstm32f103c_gcc_rel.a(timer.o)
 .text.timer_disable_clock
                0x08004138       0x34 halmx_2/variants/STM32F103C-BluePill/static_libs/libstm32f103c_gcc_rel.a(timer.o)
                0x08004138                timer_disable_clock
 .text.HAL_TIM_OC_DelayElapsedCallback
                0x0800416c       0x5c halmx_2/variants/STM32F103C-BluePill/static_libs/libstm32f103c_gcc_rel.a(timer.o)
                0x0800416c                HAL_TIM_OC_DelayElapsedCallback
 .text.HAL_TIM_PeriodElapsedCallback
                0x080041c8       0x50 halmx_2/variants/STM32F103C-BluePill/static_libs/libstm32f103c_gcc_rel.a(timer.o)
                0x080041c8                HAL_TIM_PeriodElapsedCallback
 .text.TIM1_UP_IRQHandler
                0x08004218        0xc halmx_2/variants/STM32F103C-BluePill/static_libs/libstm32f103c_gcc_rel.a(timer.o)
                0x08004218                TIM1_UP_IRQHandler
 .text.TIM1_CC_IRQHandler
                0x08004224        0xc halmx_2/variants/STM32F103C-BluePill/static_libs/libstm32f103c_gcc_rel.a(timer.o)
                0x08004224                TIM1_CC_IRQHandler
 .text.TIM2_IRQHandler
                0x08004230        0xc halmx_2/variants/STM32F103C-BluePill/static_libs/libstm32f103c_gcc_rel.a(timer.o)
                0x08004230                TIM2_IRQHandler
 .text.TIM3_IRQHandler
                0x0800423c        0xc halmx_2/variants/STM32F103C-BluePill/static_libs/libstm32f103c_gcc_rel.a(timer.o)
                0x0800423c                TIM3_IRQHandler
 .text.TIM4_IRQHandler
                0x08004248        0xc halmx_2/variants/STM32F103C-BluePill/static_libs/libstm32f103c_gcc_rel.a(timer.o)
                0x08004248                TIM4_IRQHandler
 .text.i2c1_clk_enable
                0x08004254       0x20 halmx_2/variants/STM32F103C-BluePill/static_libs/libstm32f103c_gcc_rel.a(twi.o)
 .text.i2c1_clk_disable
                0x08004274       0x10 halmx_2/variants/STM32F103C-BluePill/static_libs/libstm32f103c_gcc_rel.a(twi.o)
 .text.i2c1_scl_clk_enable
                0x08004284       0x20 halmx_2/variants/STM32F103C-BluePill/static_libs/libstm32f103c_gcc_rel.a(twi.o)
 .text.i2c1_sda_clk_enable
                0x080042a4       0x20 halmx_2/variants/STM32F103C-BluePill/static_libs/libstm32f103c_gcc_rel.a(twi.o)
 .text.i2c1_scl_clk_disable
                0x080042c4       0x10 halmx_2/variants/STM32F103C-BluePill/static_libs/libstm32f103c_gcc_rel.a(twi.o)
 .text.i2c1_sda_clk_disable
                0x080042d4       0x10 halmx_2/variants/STM32F103C-BluePill/static_libs/libstm32f103c_gcc_rel.a(twi.o)
 .text.i2c1_force_reset
                0x080042e4       0x10 halmx_2/variants/STM32F103C-BluePill/static_libs/libstm32f103c_gcc_rel.a(twi.o)
 .text.i2c1_release_reset
                0x080042f4       0x10 halmx_2/variants/STM32F103C-BluePill/static_libs/libstm32f103c_gcc_rel.a(twi.o)
 .text.i2c1_alternate
                0x08004304       0x2c halmx_2/variants/STM32F103C-BluePill/static_libs/libstm32f103c_gcc_rel.a(twi.o)
 .text.HAL_I2C_SlaveTxCpltCallback
                0x08004330       0x30 halmx_2/variants/STM32F103C-BluePill/static_libs/libstm32f103c_gcc_rel.a(twi.o)
                0x08004330                HAL_I2C_SlaveTxCpltCallback
 .text.HAL_I2C_SlaveRxCpltCallback
                0x08004360       0x58 halmx_2/variants/STM32F103C-BluePill/static_libs/libstm32f103c_gcc_rel.a(twi.o)
                0x08004360                HAL_I2C_SlaveRxCpltCallback
 .text.HAL_I2C_ErrorCallback
                0x080043b8        0x4 halmx_2/variants/STM32F103C-BluePill/static_libs/libstm32f103c_gcc_rel.a(twi.o)
                0x080043b8                HAL_I2C_ErrorCallback
 .text.I2C1_EV_IRQHandler
                0x080043bc        0xc halmx_2/variants/STM32F103C-BluePill/static_libs/libstm32f103c_gcc_rel.a(twi.o)
                0x080043bc                I2C1_EV_IRQHandler
 .text.I2C1_ER_IRQHandler
                0x080043c8        0xc halmx_2/variants/STM32F103C-BluePill/static_libs/libstm32f103c_gcc_rel.a(twi.o)
                0x080043c8                I2C1_ER_IRQHandler
 .text.usart1_clock_enable
                0x080043d4       0x20 halmx_2/variants/STM32F103C-BluePill/static_libs/libstm32f103c_gcc_rel.a(uart.o)
 .text.usart1_force_reset
                0x080043f4       0x10 halmx_2/variants/STM32F103C-BluePill/static_libs/libstm32f103c_gcc_rel.a(uart.o)
 .text.usart1_release_reset
                0x08004404       0x10 halmx_2/variants/STM32F103C-BluePill/static_libs/libstm32f103c_gcc_rel.a(uart.o)
 .text.usart2_clock_enable
                0x08004414       0x20 halmx_2/variants/STM32F103C-BluePill/static_libs/libstm32f103c_gcc_rel.a(uart.o)
 .text.usart2_force_reset
                0x08004434       0x10 halmx_2/variants/STM32F103C-BluePill/static_libs/libstm32f103c_gcc_rel.a(uart.o)
 .text.usart2_release_reset
                0x08004444       0x10 halmx_2/variants/STM32F103C-BluePill/static_libs/libstm32f103c_gcc_rel.a(uart.o)
 .text.gpioa_clock_enable
                0x08004454       0x20 halmx_2/variants/STM32F103C-BluePill/static_libs/libstm32f103c_gcc_rel.a(uart.o)
 .text.USART1_AF_Remap
                0x08004474       0x2c halmx_2/variants/STM32F103C-BluePill/static_libs/libstm32f103c_gcc_rel.a(uart.o)
 .text.USART2_AF_Remap
                0x080044a0       0x2c halmx_2/variants/STM32F103C-BluePill/static_libs/libstm32f103c_gcc_rel.a(uart.o)
 .text.HAL_UART_MspInit
                0x080044cc       0x68 halmx_2/variants/STM32F103C-BluePill/static_libs/libstm32f103c_gcc_rel.a(uart.o)
                0x080044cc                HAL_UART_MspInit
 .text.HAL_UART_MspDeInit
                0x08004534       0x44 halmx_2/variants/STM32F103C-BluePill/static_libs/libstm32f103c_gcc_rel.a(uart.o)
                0x08004534                HAL_UART_MspDeInit
 .text.uart_init
                0x08004578       0x60 halmx_2/variants/STM32F103C-BluePill/static_libs/libstm32f103c_gcc_rel.a(uart.o)
                0x08004578                uart_init
 .text.uart_deinit
                0x080045d8       0x10 halmx_2/variants/STM32F103C-BluePill/static_libs/libstm32f103c_gcc_rel.a(uart.o)
                0x080045d8                uart_deinit
 .text.uart_available
                0x080045e8       0x14 halmx_2/variants/STM32F103C-BluePill/static_libs/libstm32f103c_gcc_rel.a(uart.o)
                0x080045e8                uart_available
 .text.uart_read
                0x080045fc       0x54 halmx_2/variants/STM32F103C-BluePill/static_libs/libstm32f103c_gcc_rel.a(uart.o)
                0x080045fc                uart_read
 .text.uart_peek
                0x08004650       0x24 halmx_2/variants/STM32F103C-BluePill/static_libs/libstm32f103c_gcc_rel.a(uart.o)
                0x08004650                uart_peek
 .text.uart_flush
                0x08004674       0x1c halmx_2/variants/STM32F103C-BluePill/static_libs/libstm32f103c_gcc_rel.a(uart.o)
                0x08004674                uart_flush
 .text.uart_write
                0x08004690       0x28 halmx_2/variants/STM32F103C-BluePill/static_libs/libstm32f103c_gcc_rel.a(uart.o)
                0x08004690                uart_write
 .text.HAL_UART_ErrorCallback
                0x080046b8       0x38 halmx_2/variants/STM32F103C-BluePill/static_libs/libstm32f103c_gcc_rel.a(uart.o)
                0x080046b8                HAL_UART_ErrorCallback
 .text.HAL_UART_RxCpltCallback
                0x080046f0       0x88 halmx_2/variants/STM32F103C-BluePill/static_libs/libstm32f103c_gcc_rel.a(uart.o)
                0x080046f0                HAL_UART_RxCpltCallback
 .text.USART1_IRQHandler
                0x08004778       0x18 halmx_2/variants/STM32F103C-BluePill/static_libs/libstm32f103c_gcc_rel.a(uart.o)
                0x08004778                USART1_IRQHandler
 .text.USART2_IRQHandler
                0x08004790       0x18 halmx_2/variants/STM32F103C-BluePill/static_libs/libstm32f103c_gcc_rel.a(uart.o)
                0x08004790                USART2_IRQHandler
 .text.MX_USB_DEVICE_Init
                0x080047a8       0x38 halmx_2/variants/STM32F103C-BluePill/static_libs/libstm32f103c_gcc_rel.a(usb_device.o)
                0x080047a8                MX_USB_DEVICE_Init
 .text.CDC_DeInit_FS
                0x080047e0        0x4 halmx_2/variants/STM32F103C-BluePill/static_libs/libstm32f103c_gcc_rel.a(usbd_cdc_if.o)
 .text.CDC_Receive_FS
                0x080047e4       0x58 halmx_2/variants/STM32F103C-BluePill/static_libs/libstm32f103c_gcc_rel.a(usbd_cdc_if.o)
 .text.CDC_Init_FS
                0x0800483c       0x28 halmx_2/variants/STM32F103C-BluePill/static_libs/libstm32f103c_gcc_rel.a(usbd_cdc_if.o)
 .text.CDC_Control_FS
                0x08004864       0x14 halmx_2/variants/STM32F103C-BluePill/static_libs/libstm32f103c_gcc_rel.a(usbd_cdc_if.o)
 .text.CDC_Transmit_FS
                0x08004878       0x2c halmx_2/variants/STM32F103C-BluePill/static_libs/libstm32f103c_gcc_rel.a(usbd_cdc_if.o)
                0x08004878                CDC_Transmit_FS
 .text.HAL_PCD_MspInit
                0x080048a4       0x44 halmx_2/variants/STM32F103C-BluePill/static_libs/libstm32f103c_gcc_rel.a(usbd_conf.o)
                0x080048a4                HAL_PCD_MspInit
 .text.HAL_PCD_SetupStageCallback
                0x080048e8       0x10 halmx_2/variants/STM32F103C-BluePill/static_libs/libstm32f103c_gcc_rel.a(usbd_conf.o)
                0x080048e8                HAL_PCD_SetupStageCallback
 .text.HAL_PCD_DataOutStageCallback
                0x080048f8       0x10 halmx_2/variants/STM32F103C-BluePill/static_libs/libstm32f103c_gcc_rel.a(usbd_conf.o)
                0x080048f8                HAL_PCD_DataOutStageCallback
 .text.HAL_PCD_DataInStageCallback
                0x08004908       0x10 halmx_2/variants/STM32F103C-BluePill/static_libs/libstm32f103c_gcc_rel.a(usbd_conf.o)
                0x08004908                HAL_PCD_DataInStageCallback
 .text.HAL_PCD_SOFCallback
                0x08004918        0x8 halmx_2/variants/STM32F103C-BluePill/static_libs/libstm32f103c_gcc_rel.a(usbd_conf.o)
                0x08004918                HAL_PCD_SOFCallback
 .text.HAL_PCD_ResetCallback
                0x08004920       0x1c halmx_2/variants/STM32F103C-BluePill/static_libs/libstm32f103c_gcc_rel.a(usbd_conf.o)
                0x08004920                HAL_PCD_ResetCallback
 .text.HAL_PCD_SuspendCallback
                0x0800493c       0x20 halmx_2/variants/STM32F103C-BluePill/static_libs/libstm32f103c_gcc_rel.a(usbd_conf.o)
                0x0800493c                HAL_PCD_SuspendCallback
 .text.HAL_PCD_ResumeCallback
                0x0800495c        0x8 halmx_2/variants/STM32F103C-BluePill/static_libs/libstm32f103c_gcc_rel.a(usbd_conf.o)
                0x0800495c                HAL_PCD_ResumeCallback
 .text.USBD_LL_Init
                0x08004964       0x88 halmx_2/variants/STM32F103C-BluePill/static_libs/libstm32f103c_gcc_rel.a(usbd_conf.o)
                0x08004964                USBD_LL_Init
 .text.USBD_LL_Start
                0x080049ec       0x10 halmx_2/variants/STM32F103C-BluePill/static_libs/libstm32f103c_gcc_rel.a(usbd_conf.o)
                0x080049ec                USBD_LL_Start
 .text.USBD_LL_OpenEP
                0x080049fc       0x14 halmx_2/variants/STM32F103C-BluePill/static_libs/libstm32f103c_gcc_rel.a(usbd_conf.o)
                0x080049fc                USBD_LL_OpenEP
 .text.USBD_LL_CloseEP
                0x08004a10       0x10 halmx_2/variants/STM32F103C-BluePill/static_libs/libstm32f103c_gcc_rel.a(usbd_conf.o)
                0x08004a10                USBD_LL_CloseEP
 .text.USBD_LL_StallEP
                0x08004a20       0x10 halmx_2/variants/STM32F103C-BluePill/static_libs/libstm32f103c_gcc_rel.a(usbd_conf.o)
                0x08004a20                USBD_LL_StallEP
 .text.USBD_LL_ClearStallEP
                0x08004a30       0x10 halmx_2/variants/STM32F103C-BluePill/static_libs/libstm32f103c_gcc_rel.a(usbd_conf.o)
                0x08004a30                USBD_LL_ClearStallEP
 .text.USBD_LL_IsStallEP
                0x08004a40       0x20 halmx_2/variants/STM32F103C-BluePill/static_libs/libstm32f103c_gcc_rel.a(usbd_conf.o)
                0x08004a40                USBD_LL_IsStallEP
 .text.USBD_LL_SetUSBAddress
                0x08004a60       0x10 halmx_2/variants/STM32F103C-BluePill/static_libs/libstm32f103c_gcc_rel.a(usbd_conf.o)
                0x08004a60                USBD_LL_SetUSBAddress
 .text.USBD_LL_Transmit
                0x08004a70       0x10 halmx_2/variants/STM32F103C-BluePill/static_libs/libstm32f103c_gcc_rel.a(usbd_conf.o)
                0x08004a70                USBD_LL_Transmit
 .text.USBD_LL_PrepareReceive
                0x08004a80       0x10 halmx_2/variants/STM32F103C-BluePill/static_libs/libstm32f103c_gcc_rel.a(usbd_conf.o)
                0x08004a80                USBD_LL_PrepareReceive
 .text.USBD_LL_GetRxDataSize
                0x08004a90        0xc halmx_2/variants/STM32F103C-BluePill/static_libs/libstm32f103c_gcc_rel.a(usbd_conf.o)
                0x08004a90                USBD_LL_GetRxDataSize
 .text.USBD_static_malloc
                0x08004a9c        0x8 halmx_2/variants/STM32F103C-BluePill/static_libs/libstm32f103c_gcc_rel.a(usbd_conf.o)
                0x08004a9c                USBD_static_malloc
 .text.USBD_static_free
                0x08004aa4        0x4 halmx_2/variants/STM32F103C-BluePill/static_libs/libstm32f103c_gcc_rel.a(usbd_conf.o)
                0x08004aa4                USBD_static_free
 .text.HAL_PCDEx_SetConnectionState
                0x08004aa8        0x4 halmx_2/variants/STM32F103C-BluePill/static_libs/libstm32f103c_gcc_rel.a(usbd_conf.o)
                0x08004aa8                HAL_PCDEx_SetConnectionState
 .text.USBD_FS_DeviceDescriptor
                0x08004aac        0xc halmx_2/variants/STM32F103C-BluePill/static_libs/libstm32f103c_gcc_rel.a(usbd_desc.o)
                0x08004aac                USBD_FS_DeviceDescriptor
 .text.USBD_FS_LangIDStrDescriptor
                0x08004ab8        0xc halmx_2/variants/STM32F103C-BluePill/static_libs/libstm32f103c_gcc_rel.a(usbd_desc.o)
                0x08004ab8                USBD_FS_LangIDStrDescriptor
 .text.USBD_FS_ManufacturerStrDescriptor
                0x08004ac4       0x1c halmx_2/variants/STM32F103C-BluePill/static_libs/libstm32f103c_gcc_rel.a(usbd_desc.o)
                0x08004ac4                USBD_FS_ManufacturerStrDescriptor
 .text.USBD_FS_ProductStrDescriptor
                0x08004ae0       0x1c halmx_2/variants/STM32F103C-BluePill/static_libs/libstm32f103c_gcc_rel.a(usbd_desc.o)
                0x08004ae0                USBD_FS_ProductStrDescriptor
 .text.USBD_FS_SerialStrDescriptor
                0x08004afc       0x1c halmx_2/variants/STM32F103C-BluePill/static_libs/libstm32f103c_gcc_rel.a(usbd_desc.o)
                0x08004afc                USBD_FS_SerialStrDescriptor
 .text.USBD_FS_ConfigStrDescriptor
                0x08004b18       0x1c halmx_2/variants/STM32F103C-BluePill/static_libs/libstm32f103c_gcc_rel.a(usbd_desc.o)
                0x08004b18                USBD_FS_ConfigStrDescriptor
 .text.USBD_FS_InterfaceStrDescriptor
                0x08004b34       0x1c halmx_2/variants/STM32F103C-BluePill/static_libs/libstm32f103c_gcc_rel.a(usbd_desc.o)
                0x08004b34                USBD_FS_InterfaceStrDescriptor
 .text.__libc_init_array
                0x08004b50       0x4c d:/electronics/gcc-arm-none-eabi-4_8-2014q3-20140805-win32/bin/../lib/gcc/arm-none-eabi/4.8.4/../../../../arm-none-eabi/lib/armv7-m\libc_s.a(lib_a-init.o)
                0x08004b50                __libc_init_array
 .text.strlen   0x08004b9c       0x10 d:/electronics/gcc-arm-none-eabi-4_8-2014q3-20140805-win32/bin/../lib/gcc/arm-none-eabi/4.8.4/../../../../arm-none-eabi/lib/armv7-m\libc_s.a(lib_a-strlen.o)
                0x08004b9c                strlen
 *(.glue_7)
 .glue_7        0x00000000        0x0 linker stubs
 *(.glue_7t)
 .glue_7t       0x00000000        0x0 linker stubs
 *(.eh_frame)
 .eh_frame      0x08004bac        0x0 d:/electronics/gcc-arm-none-eabi-4_8-2014q3-20140805-win32/bin/../lib/gcc/arm-none-eabi/4.8.4/armv7-m/crtbegin.o
 *(.init)
 .init          0x08004bac        0x4 d:/electronics/gcc-arm-none-eabi-4_8-2014q3-20140805-win32/bin/../lib/gcc/arm-none-eabi/4.8.4/armv7-m/crti.o
                0x08004bac                _init
 .init          0x08004bb0        0x8 d:/electronics/gcc-arm-none-eabi-4_8-2014q3-20140805-win32/bin/../lib/gcc/arm-none-eabi/4.8.4/armv7-m/crtn.o
 *(.fini)
 .fini          0x08004bb8        0x4 d:/electronics/gcc-arm-none-eabi-4_8-2014q3-20140805-win32/bin/../lib/gcc/arm-none-eabi/4.8.4/armv7-m/crti.o
                0x08004bb8                _fini
 .fini          0x08004bbc        0x8 d:/electronics/gcc-arm-none-eabi-4_8-2014q3-20140805-win32/bin/../lib/gcc/arm-none-eabi/4.8.4/armv7-m/crtn.o
                0x08004bc4                . = ALIGN (0x4)
                0x08004bc4                _etext = .

.vfp11_veneer   0x08004bc4        0x0
 .vfp11_veneer  0x00000000        0x0 linker stubs

.v4_bx          0x08004bc4        0x0
 .v4_bx         0x00000000        0x0 linker stubs

.iplt           0x08004bc4        0x0
 .iplt          0x00000000        0x0 d:/electronics/gcc-arm-none-eabi-4_8-2014q3-20140805-win32/bin/../lib/gcc/arm-none-eabi/4.8.4/armv7-m/crtbegin.o

.rodata         0x08004bc8      0x3d8
                0x08004bc8                . = ALIGN (0x4)
 *(.rodata)
 .rodata        0x08004bc8       0x14 halmx_2/variants/STM32F103C-BluePill/static_libs/libstm32f103c_gcc_rel.a(stm32f1xx_hal_rcc.o)
 *(.rodata*)
 .rodata.g_APinDescription
                0x08004bdc      0x2bc examples\Blink\MXBluePillF103C8\obj\halmx_2\variants\STM32F103C-BluePill\variant.o
                0x08004bdc                g_APinDescription
 .rodata._ZTV9IPAddress
                0x08004e98       0x10 halmx_2/variants/STM32F103C-BluePill/static_libs/libstm32f103c_gcc_rel.a(IPAddress.o)
                0x08004e98                vtable for IPAddress
 .rodata._ZTV9UARTClass
                0x08004ea8       0x30 halmx_2/variants/STM32F103C-BluePill/static_libs/libstm32f103c_gcc_rel.a(UARTClass.o)
                0x08004ea8                vtable for UARTClass
 .rodata._ZTV10USARTClass
                0x08004ed8       0x30 halmx_2/variants/STM32F103C-BluePill/static_libs/libstm32f103c_gcc_rel.a(USARTClass.o)
                0x08004ed8                vtable for USARTClass
 .rodata._ZTV9USBSerial
                0x08004f08       0x28 halmx_2/variants/STM32F103C-BluePill/static_libs/libstm32f103c_gcc_rel.a(USBSerial.o)
                0x08004f08                vtable for USBSerial
 .rodata.AHBPrescTable
                0x08004f30       0x10 halmx_2/variants/STM32F103C-BluePill/static_libs/libstm32f103c_gcc_rel.a(system_stm32f1xx.o)
                0x08004f30                AHBPrescTable
 .rodata.APBPrescTable
                0x08004f40        0x8 halmx_2/variants/STM32F103C-BluePill/static_libs/libstm32f103c_gcc_rel.a(system_stm32f1xx.o)
                0x08004f40                APBPrescTable
 .rodata.str1.4
                0x08004f48       0x58 halmx_2/variants/STM32F103C-BluePill/static_libs/libstm32f103c_gcc_rel.a(usbd_desc.o)
                0x08004fa0                . = ALIGN (0x4)

.rel.dyn        0x08004fa0        0x0
 .rel.iplt      0x00000000        0x0 d:/electronics/gcc-arm-none-eabi-4_8-2014q3-20140805-win32/bin/../lib/gcc/arm-none-eabi/4.8.4/armv7-m/crtbegin.o

.ARM.extab
 *(.ARM.extab* .gnu.linkonce.armextab.*)

.ARM            0x08004fa0        0x0
                0x08004fa0                __exidx_start = .
 *(.ARM.exidx*)
                0x08004fa0                __exidx_end = .

.preinit_array  0x08004fa0        0x0
                0x08004fa0                PROVIDE (__preinit_array_start, .)
 *(.preinit_array*)
                0x08004fa0                PROVIDE (__preinit_array_end, .)

.init_array     0x08004fa0        0xc
                0x08004fa0                PROVIDE (__init_array_start, .)
 *(SORT(.init_array.*))
 *(.init_array*)
 .init_array    0x08004fa0        0x4 d:/electronics/gcc-arm-none-eabi-4_8-2014q3-20140805-win32/bin/../lib/gcc/arm-none-eabi/4.8.4/armv7-m/crtbegin.o
 .init_array    0x08004fa4        0x4 examples\Blink\MXBluePillF103C8\obj\halmx_2\variants\STM32F103C-BluePill\variant.o
 .init_array    0x08004fa8        0x4 halmx_2/variants/STM32F103C-BluePill/static_libs/libstm32f103c_gcc_rel.a(IPAddress.o)
                0x08004fac                PROVIDE (__init_array_end, .)

.fini_array     0x08004fac        0x4
                0x08004fac                PROVIDE (__fini_array_start, .)
 *(SORT(.fini_array.*))
 *(.fini_array*)
 .fini_array    0x08004fac        0x4 d:/electronics/gcc-arm-none-eabi-4_8-2014q3-20140805-win32/bin/../lib/gcc/arm-none-eabi/4.8.4/armv7-m/crtbegin.o
                0x08004fb0                PROVIDE (__fini_array_end, .)
                0x08004fb0                _sidata = LOADADDR (.data)

.data           0x20000000      0xd48 load address 0x08004fb0
                0x20000000                . = ALIGN (0x4)
                0x20000000                _sdata = .
 *(.data)
 *(.data*)
 .data.USBD_CDC_CfgFSDesc
                0x20000000       0x44 halmx_2/variants/STM32F103C-BluePill/static_libs/libstm32f103c_gcc_rel.a(usbd_cdc.o)
                0x20000000                USBD_CDC_CfgFSDesc
 .data.USBD_CDC
                0x20000044       0x38 halmx_2/variants/STM32F103C-BluePill/static_libs/libstm32f103c_gcc_rel.a(usbd_cdc.o)
                0x20000044                USBD_CDC
 .data.USBD_CDC_DeviceQualifierDesc
                0x2000007c        0xc halmx_2/variants/STM32F103C-BluePill/static_libs/libstm32f103c_gcc_rel.a(usbd_cdc.o)
 .data.USBD_CDC_OtherSpeedCfgDesc
                0x20000088       0x44 halmx_2/variants/STM32F103C-BluePill/static_libs/libstm32f103c_gcc_rel.a(usbd_cdc.o)
                0x20000088                USBD_CDC_OtherSpeedCfgDesc
 .data.USBD_CDC_CfgHSDesc
                0x200000cc       0x44 halmx_2/variants/STM32F103C-BluePill/static_libs/libstm32f103c_gcc_rel.a(usbd_cdc.o)
                0x200000cc                USBD_CDC_CfgHSDesc
 .data.g_analog_config
                0x20000110      0x780 halmx_2/variants/STM32F103C-BluePill/static_libs/libstm32f103c_gcc_rel.a(analog.o)
                0x20000110                g_analog_config
 .data.gpio_irq_conf
                0x20000890      0x140 halmx_2/variants/STM32F103C-BluePill/static_libs/libstm32f103c_gcc_rel.a(interrupt.o)
 .data.SystemCoreClock
                0x200009d0        0x4 halmx_2/variants/STM32F103C-BluePill/static_libs/libstm32f103c_gcc_rel.a(system_stm32f1xx.o)
                0x200009d0                SystemCoreClock
 .data.g_timer_config
                0x200009d4       0xd0 halmx_2/variants/STM32F103C-BluePill/static_libs/libstm32f103c_gcc_rel.a(timer.o)
 .data.g_i2c_init_info
                0x20000aa4       0xc0 halmx_2/variants/STM32F103C-BluePill/static_libs/libstm32f103c_gcc_rel.a(twi.o)
 .data.g_uart_config
                0x20000b64      0x1a0 halmx_2/variants/STM32F103C-BluePill/static_libs/libstm32f103c_gcc_rel.a(uart.o)
 .data.USBD_Interface_fops_FS
                0x20000d04       0x10 halmx_2/variants/STM32F103C-BluePill/static_libs/libstm32f103c_gcc_rel.a(usbd_cdc_if.o)
                0x20000d04                USBD_Interface_fops_FS
 .data.FS_Desc  0x20000d14       0x1c halmx_2/variants/STM32F103C-BluePill/static_libs/libstm32f103c_gcc_rel.a(usbd_desc.o)
                0x20000d14                FS_Desc
 .data.USBD_LangIDDesc
                0x20000d30        0x4 halmx_2/variants/STM32F103C-BluePill/static_libs/libstm32f103c_gcc_rel.a(usbd_desc.o)
                0x20000d30                USBD_LangIDDesc
 .data.USBD_FS_DeviceDesc
                0x20000d34       0x14 halmx_2/variants/STM32F103C-BluePill/static_libs/libstm32f103c_gcc_rel.a(usbd_desc.o)
                0x20000d34                USBD_FS_DeviceDesc
                0x20000d48                . = ALIGN (0x4)
                0x20000d48                _edata = .

.jcr            0x20000d48        0x0 load address 0x08005cf8
 .jcr           0x20000d48        0x0 d:/electronics/gcc-arm-none-eabi-4_8-2014q3-20140805-win32/bin/../lib/gcc/arm-none-eabi/4.8.4/armv7-m/crtbegin.o

.igot.plt       0x20000d48        0x0 load address 0x08005cf8
 .igot.plt      0x00000000        0x0 d:/electronics/gcc-arm-none-eabi-4_8-2014q3-20140805-win32/bin/../lib/gcc/arm-none-eabi/4.8.4/armv7-m/crtbegin.o
                0x20000d48                . = ALIGN (0x4)

.bss            0x20000d48     0x13b0 load address 0x08005cf8
                0x20000d48                _sbss = .
                0x20000d48                __bss_start__ = _sbss
 *(.bss)
 .bss           0x20000d48       0x1c d:/electronics/gcc-arm-none-eabi-4_8-2014q3-20140805-win32/bin/../lib/gcc/arm-none-eabi/4.8.4/armv7-m/crtbegin.o
 *(.bss*)
 .bss.Serial    0x20000d64       0xa4 examples\Blink\MXBluePillF103C8\obj\halmx_2\variants\STM32F103C-BluePill\variant.o
                0x20000d64                Serial
 .bss.Serial1   0x20000e08       0x14 examples\Blink\MXBluePillF103C8\obj\halmx_2\variants\STM32F103C-BluePill\variant.o
                0x20000e08                Serial1
 .bss.Serial2   0x20000e1c       0x14 examples\Blink\MXBluePillF103C8\obj\halmx_2\variants\STM32F103C-BluePill\variant.o
                0x20000e1c                Serial2
 .bss._ZL11INADDR_NONE
                0x20000e30        0x8 halmx_2/variants/STM32F103C-BluePill/static_libs/libstm32f103c_gcc_rel.a(IPAddress.o)
 .bss.uwTick    0x20000e38        0x4 halmx_2/variants/STM32F103C-BluePill/static_libs/libstm32f103c_gcc_rel.a(stm32f1xx_hal.o)
 .bss.ifalt.7852
                0x20000e3c        0x1 halmx_2/variants/STM32F103C-BluePill/static_libs/libstm32f103c_gcc_rel.a(usbd_cdc.o)
 .bss.cfgidx.7857
                0x20000e3d        0x1 halmx_2/variants/STM32F103C-BluePill/static_libs/libstm32f103c_gcc_rel.a(usbd_ctlreq.o)
 *fill*         0x20000e3e        0x2 
 .bss.g_TimerHandle
                0x20000e40       0xf0 halmx_2/variants/STM32F103C-BluePill/static_libs/libstm32f103c_gcc_rel.a(timer.o)
 .bss.g_UartHandle
                0x20000f30       0x80 halmx_2/variants/STM32F103C-BluePill/static_libs/libstm32f103c_gcc_rel.a(uart.o)
 .bss.dtr_pin   0x20000fb0        0x1 halmx_2/variants/STM32F103C-BluePill/static_libs/libstm32f103c_gcc_rel.a(usbd_cdc_if.o)
                0x20000fb0                dtr_pin
 *fill*         0x20000fb1        0x3 
 .bss.mem.7922  0x20000fb4      0x220 halmx_2/variants/STM32F103C-BluePill/static_libs/libstm32f103c_gcc_rel.a(usbd_conf.o)
 *(COMMON)
 COMMON         0x200011d4      0x334 halmx_2/variants/STM32F103C-BluePill/static_libs/libstm32f103c_gcc_rel.a(wiring_analog.o)
                0x200011d4                g_anOutputPinConfigured
                0x2000147c                g_anInputPinConfigured
 COMMON         0x20001508      0x2a8 halmx_2/variants/STM32F103C-BluePill/static_libs/libstm32f103c_gcc_rel.a(wiring_digital.o)
                0x20001508                g_digPinConfigured
 COMMON         0x200017b0        0x1 halmx_2/variants/STM32F103C-BluePill/static_libs/libstm32f103c_gcc_rel.a(uart.o)
                0x200017b0                g_rx_data
 *fill*         0x200017b1        0x3 
 COMMON         0x200017b4      0x224 halmx_2/variants/STM32F103C-BluePill/static_libs/libstm32f103c_gcc_rel.a(usb_device.o)
                0x200017b4                hUsbDeviceFS
 COMMON         0x200019d8      0x100 halmx_2/variants/STM32F103C-BluePill/static_libs/libstm32f103c_gcc_rel.a(usbd_cdc_if.o)
                0x200019d8                UserRxBufferFS
                0x20001a58                UserTxBufferFS
 COMMON         0x20001ad8      0x420 halmx_2/variants/STM32F103C-BluePill/static_libs/libstm32f103c_gcc_rel.a(usbd_conf.o)
                0x20001ad8                hpcd_USB_FS
 COMMON         0x20001ef8      0x200 halmx_2/variants/STM32F103C-BluePill/static_libs/libstm32f103c_gcc_rel.a(usbd_desc.o)
                0x20001ef8                USBD_StrDesc
                0x200020f8                . = ALIGN (0x4)
                0x200020f8                _ebss = .
                0x200020f8                __bss_end__ = _ebss

._user_heap_stack
                0x200020f8      0x600 load address 0x08005cf8
                0x200020f8                . = ALIGN (0x4)
                0x200020f8                PROVIDE (end, .)
                0x200020f8                PROVIDE (_end, .)
                0x200022f8                . = (. + _Min_Heap_Size)
 *fill*         0x200020f8      0x200 
                0x200026f8                . = (. + _Min_Stack_Size)
 *fill*         0x200022f8      0x400 
                0x200026f8                . = ALIGN (0x4)

/DISCARD/
 libc.a(*)
 libm.a(*)
 libgcc.a(*)

.ARM.attributes
                0x00000000       0x29
 *(.ARM.attributes)
 .ARM.attributes
                0x00000000       0x1d d:/electronics/gcc-arm-none-eabi-4_8-2014q3-20140805-win32/bin/../lib/gcc/arm-none-eabi/4.8.4/armv7-m/crti.o
 .ARM.attributes
                0x0000001d       0x2d d:/electronics/gcc-arm-none-eabi-4_8-2014q3-20140805-win32/bin/../lib/gcc/arm-none-eabi/4.8.4/armv7-m/crtbegin.o
 .ARM.attributes
                0x0000004a       0x33 examples\Blink\MXBluePillF103C8\obj\examples\Blink\Blink.o
 .ARM.attributes
                0x0000007d       0x33 examples\Blink\MXBluePillF103C8\obj\halmx_2\variants\STM32F103C-BluePill\variant.o
 .ARM.attributes
                0x000000b0       0x33 halmx_2/variants/STM32F103C-BluePill/static_libs/libstm32f103c_gcc_rel.a(hooks.o)
 .ARM.attributes
                0x000000e3       0x33 halmx_2/variants/STM32F103C-BluePill/static_libs/libstm32f103c_gcc_rel.a(IPAddress.o)
 .ARM.attributes
                0x00000116       0x33 halmx_2/variants/STM32F103C-BluePill/static_libs/libstm32f103c_gcc_rel.a(main.o)
 .ARM.attributes
                0x00000149       0x33 halmx_2/variants/STM32F103C-BluePill/static_libs/libstm32f103c_gcc_rel.a(Print.o)
 .ARM.attributes
                0x0000017c       0x33 halmx_2/variants/STM32F103C-BluePill/static_libs/libstm32f103c_gcc_rel.a(UARTClass.o)
 .ARM.attributes
                0x000001af       0x33 halmx_2/variants/STM32F103C-BluePill/static_libs/libstm32f103c_gcc_rel.a(USARTClass.o)
 .ARM.attributes
                0x000001e2       0x33 halmx_2/variants/STM32F103C-BluePill/static_libs/libstm32f103c_gcc_rel.a(USBSerial.o)
 .ARM.attributes
                0x00000215       0x33 halmx_2/variants/STM32F103C-BluePill/static_libs/libstm32f103c_gcc_rel.a(wiring.o)
 .ARM.attributes
                0x00000248       0x33 halmx_2/variants/STM32F103C-BluePill/static_libs/libstm32f103c_gcc_rel.a(wiring_analog.o)
 .ARM.attributes
                0x0000027b       0x33 halmx_2/variants/STM32F103C-BluePill/static_libs/libstm32f103c_gcc_rel.a(wiring_digital.o)
 .ARM.attributes
                0x000002ae       0x21 halmx_2/variants/STM32F103C-BluePill/static_libs/libstm32f103c_gcc_rel.a(startup_stm32f103xb.o)
 .ARM.attributes
                0x000002cf       0x33 halmx_2/variants/STM32F103C-BluePill/static_libs/libstm32f103c_gcc_rel.a(stm32f1xx_hal.o)
 .ARM.attributes
                0x00000302       0x33 halmx_2/variants/STM32F103C-BluePill/static_libs/libstm32f103c_gcc_rel.a(stm32f1xx_hal_cortex.o)
 .ARM.attributes
                0x00000335       0x33 halmx_2/variants/STM32F103C-BluePill/static_libs/libstm32f103c_gcc_rel.a(stm32f1xx_hal_gpio.o)
 .ARM.attributes
                0x00000368       0x33 halmx_2/variants/STM32F103C-BluePill/static_libs/libstm32f103c_gcc_rel.a(stm32f1xx_hal_i2c.o)
 .ARM.attributes
                0x0000039b       0x33 halmx_2/variants/STM32F103C-BluePill/static_libs/libstm32f103c_gcc_rel.a(stm32f1xx_hal_msp_template.o)
 .ARM.attributes
                0x000003ce       0x33 halmx_2/variants/STM32F103C-BluePill/static_libs/libstm32f103c_gcc_rel.a(stm32f1xx_hal_pcd.o)
 .ARM.attributes
                0x00000401       0x33 halmx_2/variants/STM32F103C-BluePill/static_libs/libstm32f103c_gcc_rel.a(stm32f1xx_hal_pcd_ex.o)
 .ARM.attributes
                0x00000434       0x33 halmx_2/variants/STM32F103C-BluePill/static_libs/libstm32f103c_gcc_rel.a(stm32f1xx_hal_rcc.o)
 .ARM.attributes
                0x00000467       0x33 halmx_2/variants/STM32F103C-BluePill/static_libs/libstm32f103c_gcc_rel.a(stm32f1xx_hal_rcc_ex.o)
 .ARM.attributes
                0x0000049a       0x33 halmx_2/variants/STM32F103C-BluePill/static_libs/libstm32f103c_gcc_rel.a(stm32f1xx_hal_tim.o)
 .ARM.attributes
                0x000004cd       0x33 halmx_2/variants/STM32F103C-BluePill/static_libs/libstm32f103c_gcc_rel.a(stm32f1xx_hal_tim_ex.o)
 .ARM.attributes
                0x00000500       0x33 halmx_2/variants/STM32F103C-BluePill/static_libs/libstm32f103c_gcc_rel.a(stm32f1xx_hal_uart.o)
 .ARM.attributes
                0x00000533       0x33 halmx_2/variants/STM32F103C-BluePill/static_libs/libstm32f103c_gcc_rel.a(stm32f1xx_ll_usb.o)
 .ARM.attributes
                0x00000566       0x33 halmx_2/variants/STM32F103C-BluePill/static_libs/libstm32f103c_gcc_rel.a(usbd_cdc.o)
 .ARM.attributes
                0x00000599       0x33 halmx_2/variants/STM32F103C-BluePill/static_libs/libstm32f103c_gcc_rel.a(usbd_core.o)
 .ARM.attributes
                0x000005cc       0x33 halmx_2/variants/STM32F103C-BluePill/static_libs/libstm32f103c_gcc_rel.a(usbd_ctlreq.o)
 .ARM.attributes
                0x000005ff       0x33 halmx_2/variants/STM32F103C-BluePill/static_libs/libstm32f103c_gcc_rel.a(usbd_ioreq.o)
 .ARM.attributes
                0x00000632       0x33 halmx_2/variants/STM32F103C-BluePill/static_libs/libstm32f103c_gcc_rel.a(analog.o)
 .ARM.attributes
                0x00000665       0x33 halmx_2/variants/STM32F103C-BluePill/static_libs/libstm32f103c_gcc_rel.a(clock.o)
 .ARM.attributes
                0x00000698       0x33 halmx_2/variants/STM32F103C-BluePill/static_libs/libstm32f103c_gcc_rel.a(digital_io.o)
 .ARM.attributes
                0x000006cb       0x33 halmx_2/variants/STM32F103C-BluePill/static_libs/libstm32f103c_gcc_rel.a(hw_config.o)
 .ARM.attributes
                0x000006fe       0x33 halmx_2/variants/STM32F103C-BluePill/static_libs/libstm32f103c_gcc_rel.a(interrupt.o)
 .ARM.attributes
                0x00000731       0x33 halmx_2/variants/STM32F103C-BluePill/static_libs/libstm32f103c_gcc_rel.a(system_stm32f1xx.o)
 .ARM.attributes
                0x00000764       0x33 halmx_2/variants/STM32F103C-BluePill/static_libs/libstm32f103c_gcc_rel.a(timer.o)
 .ARM.attributes
                0x00000797       0x33 halmx_2/variants/STM32F103C-BluePill/static_libs/libstm32f103c_gcc_rel.a(twi.o)
 .ARM.attributes
                0x000007ca       0x33 halmx_2/variants/STM32F103C-BluePill/static_libs/libstm32f103c_gcc_rel.a(uart.o)
 .ARM.attributes
                0x000007fd       0x33 halmx_2/variants/STM32F103C-BluePill/static_libs/libstm32f103c_gcc_rel.a(usb_device.o)
 .ARM.attributes
                0x00000830       0x33 halmx_2/variants/STM32F103C-BluePill/static_libs/libstm32f103c_gcc_rel.a(usbd_cdc_if.o)
 .ARM.attributes
                0x00000863       0x33 halmx_2/variants/STM32F103C-BluePill/static_libs/libstm32f103c_gcc_rel.a(usbd_conf.o)
 .ARM.attributes
                0x00000896       0x33 halmx_2/variants/STM32F103C-BluePill/static_libs/libstm32f103c_gcc_rel.a(usbd_desc.o)
 .ARM.attributes
                0x000008c9       0x2d d:/electronics/gcc-arm-none-eabi-4_8-2014q3-20140805-win32/bin/../lib/gcc/arm-none-eabi/4.8.4/../../../../arm-none-eabi/lib/armv7-m\libc_s.a(lib_a-init.o)
 .ARM.attributes
                0x000008f6       0x2d d:/electronics/gcc-arm-none-eabi-4_8-2014q3-20140805-win32/bin/../lib/gcc/arm-none-eabi/4.8.4/../../../../arm-none-eabi/lib/armv7-m\libc_s.a(lib_a-strlen.o)
 .ARM.attributes
                0x00000923       0x1d d:/electronics/gcc-arm-none-eabi-4_8-2014q3-20140805-win32/bin/../lib/gcc/arm-none-eabi/4.8.4/armv7-m/crtn.o
OUTPUT(examples\Blink\MXBluePillF103C8\Blink.sys elf32-littlearm)

.comment        0x00000000       0x70
 .comment       0x00000000       0x70 examples\Blink\MXBluePillF103C8\obj\examples\Blink\Blink.o
                                 0x71 (size before relaxing)
 .comment       0x00000000       0x71 examples\Blink\MXBluePillF103C8\obj\halmx_2\variants\STM32F103C-BluePill\variant.o
 .comment       0x00000000       0x71 halmx_2/variants/STM32F103C-BluePill/static_libs/libstm32f103c_gcc_rel.a(hooks.o)
 .comment       0x00000000       0x71 halmx_2/variants/STM32F103C-BluePill/static_libs/libstm32f103c_gcc_rel.a(IPAddress.o)
 .comment       0x00000000       0x71 halmx_2/variants/STM32F103C-BluePill/static_libs/libstm32f103c_gcc_rel.a(main.o)
 .comment       0x00000000       0x71 halmx_2/variants/STM32F103C-BluePill/static_libs/libstm32f103c_gcc_rel.a(Print.o)
 .comment       0x00000000       0x71 halmx_2/variants/STM32F103C-BluePill/static_libs/libstm32f103c_gcc_rel.a(UARTClass.o)
 .comment       0x00000000       0x71 halmx_2/variants/STM32F103C-BluePill/static_libs/libstm32f103c_gcc_rel.a(USARTClass.o)
 .comment       0x00000000       0x71 halmx_2/variants/STM32F103C-BluePill/static_libs/libstm32f103c_gcc_rel.a(USBSerial.o)
 .comment       0x00000000       0x71 halmx_2/variants/STM32F103C-BluePill/static_libs/libstm32f103c_gcc_rel.a(wiring.o)
 .comment       0x00000000       0x71 halmx_2/variants/STM32F103C-BluePill/static_libs/libstm32f103c_gcc_rel.a(wiring_analog.o)
 .comment       0x00000000       0x71 halmx_2/variants/STM32F103C-BluePill/static_libs/libstm32f103c_gcc_rel.a(wiring_digital.o)
 .comment       0x00000000       0x71 halmx_2/variants/STM32F103C-BluePill/static_libs/libstm32f103c_gcc_rel.a(stm32f1xx_hal.o)
 .comment       0x00000000       0x71 halmx_2/variants/STM32F103C-BluePill/static_libs/libstm32f103c_gcc_rel.a(stm32f1xx_hal_cortex.o)
 .comment       0x00000000       0x71 halmx_2/variants/STM32F103C-BluePill/static_libs/libstm32f103c_gcc_rel.a(stm32f1xx_hal_gpio.o)
 .comment       0x00000000       0x71 halmx_2/variants/STM32F103C-BluePill/static_libs/libstm32f103c_gcc_rel.a(stm32f1xx_hal_i2c.o)
 .comment       0x00000000       0x71 halmx_2/variants/STM32F103C-BluePill/static_libs/libstm32f103c_gcc_rel.a(stm32f1xx_hal_msp_template.o)
 .comment       0x00000000       0x71 halmx_2/variants/STM32F103C-BluePill/static_libs/libstm32f103c_gcc_rel.a(stm32f1xx_hal_pcd.o)
 .comment       0x00000000       0x71 halmx_2/variants/STM32F103C-BluePill/static_libs/libstm32f103c_gcc_rel.a(stm32f1xx_hal_pcd_ex.o)
 .comment       0x00000000       0x71 halmx_2/variants/STM32F103C-BluePill/static_libs/libstm32f103c_gcc_rel.a(stm32f1xx_hal_rcc.o)
 .comment       0x00000000       0x71 halmx_2/variants/STM32F103C-BluePill/static_libs/libstm32f103c_gcc_rel.a(stm32f1xx_hal_rcc_ex.o)
 .comment       0x00000000       0x71 halmx_2/variants/STM32F103C-BluePill/static_libs/libstm32f103c_gcc_rel.a(stm32f1xx_hal_tim.o)
 .comment       0x00000000       0x71 halmx_2/variants/STM32F103C-BluePill/static_libs/libstm32f103c_gcc_rel.a(stm32f1xx_hal_tim_ex.o)
 .comment       0x00000000       0x71 halmx_2/variants/STM32F103C-BluePill/static_libs/libstm32f103c_gcc_rel.a(stm32f1xx_hal_uart.o)
 .comment       0x00000000       0x71 halmx_2/variants/STM32F103C-BluePill/static_libs/libstm32f103c_gcc_rel.a(stm32f1xx_ll_usb.o)
 .comment       0x00000000       0x71 halmx_2/variants/STM32F103C-BluePill/static_libs/libstm32f103c_gcc_rel.a(usbd_cdc.o)
 .comment       0x00000000       0x71 halmx_2/variants/STM32F103C-BluePill/static_libs/libstm32f103c_gcc_rel.a(usbd_core.o)
 .comment       0x00000000       0x71 halmx_2/variants/STM32F103C-BluePill/static_libs/libstm32f103c_gcc_rel.a(usbd_ctlreq.o)
 .comment       0x00000000       0x71 halmx_2/variants/STM32F103C-BluePill/static_libs/libstm32f103c_gcc_rel.a(usbd_ioreq.o)
 .comment       0x00000000       0x71 halmx_2/variants/STM32F103C-BluePill/static_libs/libstm32f103c_gcc_rel.a(analog.o)
 .comment       0x00000000       0x71 halmx_2/variants/STM32F103C-BluePill/static_libs/libstm32f103c_gcc_rel.a(clock.o)
 .comment       0x00000000       0x71 halmx_2/variants/STM32F103C-BluePill/static_libs/libstm32f103c_gcc_rel.a(digital_io.o)
 .comment       0x00000000       0x71 halmx_2/variants/STM32F103C-BluePill/static_libs/libstm32f103c_gcc_rel.a(hw_config.o)
 .comment       0x00000000       0x71 halmx_2/variants/STM32F103C-BluePill/static_libs/libstm32f103c_gcc_rel.a(interrupt.o)
 .comment       0x00000000       0x71 halmx_2/variants/STM32F103C-BluePill/static_libs/libstm32f103c_gcc_rel.a(system_stm32f1xx.o)
 .comment       0x00000000       0x71 halmx_2/variants/STM32F103C-BluePill/static_libs/libstm32f103c_gcc_rel.a(timer.o)
 .comment       0x00000000       0x71 halmx_2/variants/STM32F103C-BluePill/static_libs/libstm32f103c_gcc_rel.a(twi.o)
 .comment       0x00000000       0x71 halmx_2/variants/STM32F103C-BluePill/static_libs/libstm32f103c_gcc_rel.a(uart.o)
 .comment       0x00000000       0x71 halmx_2/variants/STM32F103C-BluePill/static_libs/libstm32f103c_gcc_rel.a(usb_device.o)
 .comment       0x00000000       0x71 halmx_2/variants/STM32F103C-BluePill/static_libs/libstm32f103c_gcc_rel.a(usbd_cdc_if.o)
 .comment       0x00000000       0x71 halmx_2/variants/STM32F103C-BluePill/static_libs/libstm32f103c_gcc_rel.a(usbd_conf.o)
 .comment       0x00000000       0x71 halmx_2/variants/STM32F103C-BluePill/static_libs/libstm32f103c_gcc_rel.a(usbd_desc.o)

.debug_frame    0x00000000       0x4c
 .debug_frame   0x00000000       0x2c d:/electronics/gcc-arm-none-eabi-4_8-2014q3-20140805-win32/bin/../lib/gcc/arm-none-eabi/4.8.4/../../../../arm-none-eabi/lib/armv7-m\libc_s.a(lib_a-init.o)
 .debug_frame   0x0000002c       0x20 d:/electronics/gcc-arm-none-eabi-4_8-2014q3-20140805-win32/bin/../lib/gcc/arm-none-eabi/4.8.4/../../../../arm-none-eabi/lib/armv7-m\libc_s.a(lib_a-strlen.o)

Cross Reference Table

Symbol                                            File
ADC1_2_IRQHandler                                 halmx_2/variants/STM32F103C-BluePill/static_libs/libstm32f103c_gcc_rel.a(startup_stm32f103xb.o)
ADC_ConversionStop_Disable                        halmx_2/variants/STM32F103C-BluePill/static_libs/libstm32f103c_gcc_rel.a(stm32f1xx_hal_adc.o)
                                                  halmx_2/variants/STM32F103C-BluePill/static_libs/libstm32f103c_gcc_rel.a(stm32f1xx_hal_adc_ex.o)
ADC_DMAConvCplt                                   halmx_2/variants/STM32F103C-BluePill/static_libs/libstm32f103c_gcc_rel.a(stm32f1xx_hal_adc.o)
                                                  halmx_2/variants/STM32F103C-BluePill/static_libs/libstm32f103c_gcc_rel.a(stm32f1xx_hal_adc_ex.o)
ADC_DMAError                                      halmx_2/variants/STM32F103C-BluePill/static_libs/libstm32f103c_gcc_rel.a(stm32f1xx_hal_adc.o)
                                                  halmx_2/variants/STM32F103C-BluePill/static_libs/libstm32f103c_gcc_rel.a(stm32f1xx_hal_adc_ex.o)
ADC_DMAHalfConvCplt                               halmx_2/variants/STM32F103C-BluePill/static_libs/libstm32f103c_gcc_rel.a(stm32f1xx_hal_adc.o)
                                                  halmx_2/variants/STM32F103C-BluePill/static_libs/libstm32f103c_gcc_rel.a(stm32f1xx_hal_adc_ex.o)
ADC_Enable                                        halmx_2/variants/STM32F103C-BluePill/static_libs/libstm32f103c_gcc_rel.a(stm32f1xx_hal_adc.o)
                                                  halmx_2/variants/STM32F103C-BluePill/static_libs/libstm32f103c_gcc_rel.a(stm32f1xx_hal_adc_ex.o)
AHBPrescTable                                     halmx_2/variants/STM32F103C-BluePill/static_libs/libstm32f103c_gcc_rel.a(system_stm32f1xx.o)
                                                  halmx_2/variants/STM32F103C-BluePill/static_libs/libstm32f103c_gcc_rel.a(stm32f1xx_hal_rcc.o)
APBPrescTable                                     halmx_2/variants/STM32F103C-BluePill/static_libs/libstm32f103c_gcc_rel.a(system_stm32f1xx.o)
                                                  halmx_2/variants/STM32F103C-BluePill/static_libs/libstm32f103c_gcc_rel.a(stm32f1xx_hal_rcc.o)
BusFault_Handler                                  halmx_2/variants/STM32F103C-BluePill/static_libs/libstm32f103c_gcc_rel.a(hw_config.o)
                                                  halmx_2/variants/STM32F103C-BluePill/static_libs/libstm32f103c_gcc_rel.a(startup_stm32f103xb.o)
CAN1_RX1_IRQHandler                               halmx_2/variants/STM32F103C-BluePill/static_libs/libstm32f103c_gcc_rel.a(startup_stm32f103xb.o)
CAN1_SCE_IRQHandler                               halmx_2/variants/STM32F103C-BluePill/static_libs/libstm32f103c_gcc_rel.a(startup_stm32f103xb.o)
CDC_Transmit_FS                                   halmx_2/variants/STM32F103C-BluePill/static_libs/libstm32f103c_gcc_rel.a(usbd_cdc_if.o)
                                                  halmx_2/variants/STM32F103C-BluePill/static_libs/libstm32f103c_gcc_rel.a(USBSerial.o)
DMA1_Channel1_IRQHandler                          halmx_2/variants/STM32F103C-BluePill/static_libs/libstm32f103c_gcc_rel.a(startup_stm32f103xb.o)
DMA1_Channel2_IRQHandler                          halmx_2/variants/STM32F103C-BluePill/static_libs/libstm32f103c_gcc_rel.a(startup_stm32f103xb.o)
DMA1_Channel3_IRQHandler                          halmx_2/variants/STM32F103C-BluePill/static_libs/libstm32f103c_gcc_rel.a(startup_stm32f103xb.o)
DMA1_Channel4_IRQHandler                          halmx_2/variants/STM32F103C-BluePill/static_libs/libstm32f103c_gcc_rel.a(startup_stm32f103xb.o)
DMA1_Channel5_IRQHandler                          halmx_2/variants/STM32F103C-BluePill/static_libs/libstm32f103c_gcc_rel.a(startup_stm32f103xb.o)
DMA1_Channel6_IRQHandler                          halmx_2/variants/STM32F103C-BluePill/static_libs/libstm32f103c_gcc_rel.a(startup_stm32f103xb.o)
DMA1_Channel7_IRQHandler                          halmx_2/variants/STM32F103C-BluePill/static_libs/libstm32f103c_gcc_rel.a(startup_stm32f103xb.o)
DebugMon_Handler                                  halmx_2/variants/STM32F103C-BluePill/static_libs/libstm32f103c_gcc_rel.a(hw_config.o)
                                                  halmx_2/variants/STM32F103C-BluePill/static_libs/libstm32f103c_gcc_rel.a(startup_stm32f103xb.o)
Default_Handler                                   halmx_2/variants/STM32F103C-BluePill/static_libs/libstm32f103c_gcc_rel.a(startup_stm32f103xb.o)
EXTI0_IRQHandler                                  halmx_2/variants/STM32F103C-BluePill/static_libs/libstm32f103c_gcc_rel.a(interrupt.o)
                                                  halmx_2/variants/STM32F103C-BluePill/static_libs/libstm32f103c_gcc_rel.a(startup_stm32f103xb.o)
EXTI15_10_IRQHandler                              halmx_2/variants/STM32F103C-BluePill/static_libs/libstm32f103c_gcc_rel.a(interrupt.o)
                                                  halmx_2/variants/STM32F103C-BluePill/static_libs/libstm32f103c_gcc_rel.a(startup_stm32f103xb.o)
EXTI1_IRQHandler                                  halmx_2/variants/STM32F103C-BluePill/static_libs/libstm32f103c_gcc_rel.a(interrupt.o)
                                                  halmx_2/variants/STM32F103C-BluePill/static_libs/libstm32f103c_gcc_rel.a(startup_stm32f103xb.o)
EXTI2_IRQHandler                                  halmx_2/variants/STM32F103C-BluePill/static_libs/libstm32f103c_gcc_rel.a(interrupt.o)
                                                  halmx_2/variants/STM32F103C-BluePill/static_libs/libstm32f103c_gcc_rel.a(startup_stm32f103xb.o)
EXTI3_IRQHandler                                  halmx_2/variants/STM32F103C-BluePill/static_libs/libstm32f103c_gcc_rel.a(interrupt.o)
                                                  halmx_2/variants/STM32F103C-BluePill/static_libs/libstm32f103c_gcc_rel.a(startup_stm32f103xb.o)
EXTI4_IRQHandler                                  halmx_2/variants/STM32F103C-BluePill/static_libs/libstm32f103c_gcc_rel.a(interrupt.o)
                                                  halmx_2/variants/STM32F103C-BluePill/static_libs/libstm32f103c_gcc_rel.a(startup_stm32f103xb.o)
EXTI9_5_IRQHandler                                halmx_2/variants/STM32F103C-BluePill/static_libs/libstm32f103c_gcc_rel.a(interrupt.o)
                                                  halmx_2/variants/STM32F103C-BluePill/static_libs/libstm32f103c_gcc_rel.a(startup_stm32f103xb.o)