Archive member included because of file (symbol)

d:/electronics/gcc-arm-none-eabi-4_8-2014q3-20140805-win32/bin/../lib/gcc/arm-none-eabi/4.8.4/../../../../arm-none-eabi/lib/armv7-m\libm.a(lib_a-s_fpclassify.o)
                              examples\USBSerial_test2\MXBluePillF103C8\obj\halmx_2\cores\arduino\Print.o (__fpclassifyd)
d:/electronics/gcc-arm-none-eabi-4_8-2014q3-20140805-win32/bin/../lib/gcc/arm-none-eabi/4.8.4/armv7-m\libgcc.a(_arm_addsubdf3.o)
                              examples\USBSerial_test2\MXBluePillF103C8\obj\halmx_2\cores\arduino\Print.o (__aeabi_dsub)
d:/electronics/gcc-arm-none-eabi-4_8-2014q3-20140805-win32/bin/../lib/gcc/arm-none-eabi/4.8.4/armv7-m\libgcc.a(_arm_muldivdf3.o)
                              examples\USBSerial_test2\MXBluePillF103C8\obj\halmx_2\cores\arduino\Print.o (__aeabi_dmul)
d:/electronics/gcc-arm-none-eabi-4_8-2014q3-20140805-win32/bin/../lib/gcc/arm-none-eabi/4.8.4/armv7-m\libgcc.a(_arm_cmpdf2.o)
                              examples\USBSerial_test2\MXBluePillF103C8\obj\halmx_2\cores\arduino\Print.o (__aeabi_dcmplt)
d:/electronics/gcc-arm-none-eabi-4_8-2014q3-20140805-win32/bin/../lib/gcc/arm-none-eabi/4.8.4/armv7-m\libgcc.a(_arm_fixdfsi.o)
                              examples\USBSerial_test2\MXBluePillF103C8\obj\halmx_2\cores\arduino\Print.o (__aeabi_d2iz)
d:/electronics/gcc-arm-none-eabi-4_8-2014q3-20140805-win32/bin/../lib/gcc/arm-none-eabi/4.8.4/armv7-m\libgcc.a(_arm_fixunsdfsi.o)
                              examples\USBSerial_test2\MXBluePillF103C8\obj\halmx_2\cores\arduino\Print.o (__aeabi_d2uiz)
d:/electronics/gcc-arm-none-eabi-4_8-2014q3-20140805-win32/bin/../lib/gcc/arm-none-eabi/4.8.4/armv7-m\libgcc.a(_arm_truncdfsf2.o)
                              examples\USBSerial_test2\MXBluePillF103C8\obj\halmx_2\cores\arduino\Stream.o (__aeabi_d2f)
d:/electronics/gcc-arm-none-eabi-4_8-2014q3-20140805-win32/bin/../lib/gcc/arm-none-eabi/4.8.4/armv7-m\libgcc.a(_arm_addsubsf3.o)
                              examples\USBSerial_test2\MXBluePillF103C8\obj\halmx_2\cores\arduino\Stream.o (__aeabi_i2f)
d:/electronics/gcc-arm-none-eabi-4_8-2014q3-20140805-win32/bin/../lib/gcc/arm-none-eabi/4.8.4/armv7-m\libgcc.a(_arm_muldivsf3.o)
                              examples\USBSerial_test2\MXBluePillF103C8\obj\halmx_2\cores\arduino\Stream.o (__aeabi_fmul)
d:/electronics/gcc-arm-none-eabi-4_8-2014q3-20140805-win32/bin/../lib/gcc/arm-none-eabi/4.8.4/../../../../arm-none-eabi/lib/armv7-m\libc_s.a(lib_a-atof.o)
                              examples\USBSerial_test2\MXBluePillF103C8\obj\halmx_2\cores\arduino\WString.o (atof)
d:/electronics/gcc-arm-none-eabi-4_8-2014q3-20140805-win32/bin/../lib/gcc/arm-none-eabi/4.8.4/../../../../arm-none-eabi/lib/armv7-m\libc_s.a(lib_a-atol.o)
                              examples\USBSerial_test2\MXBluePillF103C8\obj\halmx_2\cores\arduino\WString.o (atol)
d:/electronics/gcc-arm-none-eabi-4_8-2014q3-20140805-win32/bin/../lib/gcc/arm-none-eabi/4.8.4/../../../../arm-none-eabi/lib/armv7-m\libc_s.a(lib_a-exit.o)
                              d:/electronics/gcc-arm-none-eabi-4_8-2014q3-20140805-win32/bin/../lib/gcc/arm-none-eabi/4.8.4/../../../../arm-none-eabi/lib/armv7-m/crt0.o (exit)
d:/electronics/gcc-arm-none-eabi-4_8-2014q3-20140805-win32/bin/../lib/gcc/arm-none-eabi/4.8.4/../../../../arm-none-eabi/lib/armv7-m\libc_s.a(lib_a-impure.o)
                              d:/electronics/gcc-arm-none-eabi-4_8-2014q3-20140805-win32/bin/../lib/gcc/arm-none-eabi/4.8.4/../../../../arm-none-eabi/lib/armv7-m\libc_s.a(lib_a-exit.o) (_global_impure_ptr)
d:/electronics/gcc-arm-none-eabi-4_8-2014q3-20140805-win32/bin/../lib/gcc/arm-none-eabi/4.8.4/../../../../arm-none-eabi/lib/armv7-m\libc_s.a(lib_a-init.o)
                              d:/electronics/gcc-arm-none-eabi-4_8-2014q3-20140805-win32/bin/../lib/gcc/arm-none-eabi/4.8.4/../../../../arm-none-eabi/lib/armv7-m/crt0.o (__libc_init_array)
d:/electronics/gcc-arm-none-eabi-4_8-2014q3-20140805-win32/bin/../lib/gcc/arm-none-eabi/4.8.4/../../../../arm-none-eabi/lib/armv7-m\libc_s.a(lib_a-isspace.o)
                              examples\USBSerial_test2\MXBluePillF103C8\obj\halmx_2\cores\arduino\WString.o (isspace)
d:/electronics/gcc-arm-none-eabi-4_8-2014q3-20140805-win32/bin/../lib/gcc/arm-none-eabi/4.8.4/../../../../arm-none-eabi/lib/armv7-m\libc_s.a(lib_a-malloc.o)
                              examples\USBSerial_test2\MXBluePillF103C8\obj\halmx_2\cores\arduino\new.o (malloc)
d:/electronics/gcc-arm-none-eabi-4_8-2014q3-20140805-win32/bin/../lib/gcc/arm-none-eabi/4.8.4/../../../../arm-none-eabi/lib/armv7-m\libc_s.a(lib_a-memcmp.o)
                              examples\USBSerial_test2\MXBluePillF103C8\obj\halmx_2\cores\arduino\IPAddress.o (memcmp)
d:/electronics/gcc-arm-none-eabi-4_8-2014q3-20140805-win32/bin/../lib/gcc/arm-none-eabi/4.8.4/../../../../arm-none-eabi/lib/armv7-m\libc_s.a(lib_a-memcpy-stub.o)
[...]
Memory Configuration

Name             Origin             Length             Attributes
FLASH            0x08000000         0x00010000         xr
RAM              0x20000000         0x00005000         xrw
*default*        0x00000000         0xffffffff

Linker script and memory map

LOAD d:/electronics/gcc-arm-none-eabi-4_8-2014q3-20140805-win32/bin/../lib/gcc/arm-none-eabi/4.8.4/armv7-m/crti.o
LOAD d:/electronics/gcc-arm-none-eabi-4_8-2014q3-20140805-win32/bin/../lib/gcc/arm-none-eabi/4.8.4/armv7-m/crtbegin.o
LOAD d:/electronics/gcc-arm-none-eabi-4_8-2014q3-20140805-win32/bin/../lib/gcc/arm-none-eabi/4.8.4/../../../../arm-none-eabi/lib/armv7-m/crt0.o
LOAD examples\USBSerial_test2\MXBluePillF103C8\obj\examples\USBSerial_test\USBSerial_test.o
LOAD examples\USBSerial_test2\MXBluePillF103C8\obj\halmx_2\cores\arduino\abi.o
LOAD examples\USBSerial_test2\MXBluePillF103C8\obj\halmx_2\cores\arduino\hooks.o
LOAD examples\USBSerial_test2\MXBluePillF103C8\obj\halmx_2\cores\arduino\IPAddress.o
LOAD examples\USBSerial_test2\MXBluePillF103C8\obj\halmx_2\cores\arduino\itoa.o
LOAD examples\USBSerial_test2\MXBluePillF103C8\obj\halmx_2\cores\arduino\main.o
LOAD examples\USBSerial_test2\MXBluePillF103C8\obj\halmx_2\cores\arduino\new.o
LOAD examples\USBSerial_test2\MXBluePillF103C8\obj\halmx_2\cores\arduino\Print.o
LOAD examples\USBSerial_test2\MXBluePillF103C8\obj\halmx_2\cores\arduino\RingBuffer.o
LOAD examples\USBSerial_test2\MXBluePillF103C8\obj\halmx_2\cores\arduino\stm\dtostrf.o
LOAD examples\USBSerial_test2\MXBluePillF103C8\obj\halmx_2\cores\arduino\Stream.o
LOAD examples\USBSerial_test2\MXBluePillF103C8\obj\halmx_2\cores\arduino\syscalls_stm32.o
LOAD examples\USBSerial_test2\MXBluePillF103C8\obj\halmx_2\cores\arduino\Tone.o
LOAD examples\USBSerial_test2\MXBluePillF103C8\obj\halmx_2\cores\arduino\UARTClass.o
LOAD examples\USBSerial_test2\MXBluePillF103C8\obj\halmx_2\cores\arduino\USARTClass.o
LOAD examples\USBSerial_test2\MXBluePillF103C8\obj\halmx_2\cores\arduino\USBSerial.o
LOAD examples\USBSerial_test2\MXBluePillF103C8\obj\halmx_2\cores\arduino\WInterrupts.o
LOAD examples\USBSerial_test2\MXBluePillF103C8\obj\halmx_2\cores\arduino\wiring.o
LOAD examples\USBSerial_test2\MXBluePillF103C8\obj\halmx_2\cores\arduino\wiring_analog.o
LOAD examples\USBSerial_test2\MXBluePillF103C8\obj\halmx_2\cores\arduino\wiring_digital.o
LOAD examples\USBSerial_test2\MXBluePillF103C8\obj\halmx_2\cores\arduino\wiring_pulse.o
LOAD examples\USBSerial_test2\MXBluePillF103C8\obj\halmx_2\cores\arduino\wiring_shift.o
LOAD examples\USBSerial_test2\MXBluePillF103C8\obj\halmx_2\cores\arduino\WMath.o
LOAD examples\USBSerial_test2\MXBluePillF103C8\obj\halmx_2\cores\arduino\WString.o
LOAD examples\USBSerial_test2\MXBluePillF103C8\obj\halmx_2\system\Drivers\CMSIS\Device\ST\STM32F1xx\Source\Templates\gcc\startup_stm32f103xb.o
LOAD examples\USBSerial_test2\MXBluePillF103C8\obj\halmx_2\system\Drivers\STM32F1xx_HAL_Driver\Src\stm32f1xx_hal.o
LOAD examples\USBSerial_test2\MXBluePillF103C8\obj\halmx_2\system\Drivers\STM32F1xx_HAL_Driver\Src\stm32f1xx_hal_adc.o
LOAD examples\USBSerial_test2\MXBluePillF103C8\obj\halmx_2\system\Drivers\STM32F1xx_HAL_Driver\Src\stm32f1xx_hal_adc_ex.o
LOAD examples\USBSerial_test2\MXBluePillF103C8\obj\halmx_2\system\Drivers\STM32F1xx_HAL_Driver\Src\stm32f1xx_hal_can.o
LOAD examples\USBSerial_test2\MXBluePillF103C8\obj\halmx_2\system\Drivers\STM32F1xx_HAL_Driver\Src\stm32f1xx_hal_cec.o
LOAD examples\USBSerial_test2\MXBluePillF103C8\obj\halmx_2\system\Drivers\STM32F1xx_HAL_Driver\Src\stm32f1xx_hal_cortex.o
LOAD examples\USBSerial_test2\MXBluePillF103C8\obj\halmx_2\system\Drivers\STM32F1xx_HAL_Driver\Src\stm32f1xx_hal_crc.o
LOAD examples\USBSerial_test2\MXBluePillF103C8\obj\halmx_2\system\Drivers\STM32F1xx_HAL_Driver\Src\stm32f1xx_hal_dac.o
LOAD examples\USBSerial_test2\MXBluePillF103C8\obj\halmx_2\system\Drivers\STM32F1xx_HAL_Driver\Src\stm32f1xx_hal_dac_ex.o
LOAD examples\USBSerial_test2\MXBluePillF103C8\obj\halmx_2\system\Drivers\STM32F1xx_HAL_Driver\Src\stm32f1xx_hal_dma.o
LOAD examples\USBSerial_test2\MXBluePillF103C8\obj\halmx_2\system\Drivers\STM32F1xx_HAL_Driver\Src\stm32f1xx_hal_eth.o
LOAD examples\USBSerial_test2\MXBluePillF103C8\obj\halmx_2\system\Drivers\STM32F1xx_HAL_Driver\Src\stm32f1xx_hal_flash.o
LOAD examples\USBSerial_test2\MXBluePillF103C8\obj\halmx_2\system\Drivers\STM32F1xx_HAL_Driver\Src\stm32f1xx_hal_flash_ex.o
LOAD examples\USBSerial_test2\MXBluePillF103C8\obj\halmx_2\system\Drivers\STM32F1xx_HAL_Driver\Src\stm32f1xx_hal_gpio.o
LOAD examples\USBSerial_test2\MXBluePillF103C8\obj\halmx_2\system\Drivers\STM32F1xx_HAL_Driver\Src\stm32f1xx_hal_gpio_ex.o
LOAD examples\USBSerial_test2\MXBluePillF103C8\obj\halmx_2\system\Drivers\STM32F1xx_HAL_Driver\Src\stm32f1xx_hal_hcd.o
LOAD examples\USBSerial_test2\MXBluePillF103C8\obj\halmx_2\system\Drivers\STM32F1xx_HAL_Driver\Src\stm32f1xx_hal_i2c.o
LOAD examples\USBSerial_test2\MXBluePillF103C8\obj\halmx_2\system\Drivers\STM32F1xx_HAL_Driver\Src\stm32f1xx_hal_i2s.o
LOAD examples\USBSerial_test2\MXBluePillF103C8\obj\halmx_2\system\Drivers\STM32F1xx_HAL_Driver\Src\stm32f1xx_hal_irda.o
LOAD examples\USBSerial_test2\MXBluePillF103C8\obj\halmx_2\system\Drivers\STM32F1xx_HAL_Driver\Src\stm32f1xx_hal_iwdg.o
LOAD examples\USBSerial_test2\MXBluePillF103C8\obj\halmx_2\system\Drivers\STM32F1xx_HAL_Driver\Src\stm32f1xx_hal_msp_template.o
LOAD examples\USBSerial_test2\MXBluePillF103C8\obj\halmx_2\system\Drivers\STM32F1xx_HAL_Driver\Src\stm32f1xx_hal_nand.o
LOAD examples\USBSerial_test2\MXBluePillF103C8\obj\halmx_2\system\Drivers\STM32F1xx_HAL_Driver\Src\stm32f1xx_hal_nor.o
LOAD examples\USBSerial_test2\MXBluePillF103C8\obj\halmx_2\system\Drivers\STM32F1xx_HAL_Driver\Src\stm32f1xx_hal_pccard.o
LOAD examples\USBSerial_test2\MXBluePillF103C8\obj\halmx_2\system\Drivers\STM32F1xx_HAL_Driver\Src\stm32f1xx_hal_pcd.o
LOAD examples\USBSerial_test2\MXBluePillF103C8\obj\halmx_2\system\Drivers\STM32F1xx_HAL_Driver\Src\stm32f1xx_hal_pcd_ex.o
LOAD examples\USBSerial_test2\MXBluePillF103C8\obj\halmx_2\system\Drivers\STM32F1xx_HAL_Driver\Src\stm32f1xx_hal_pwr.o
LOAD examples\USBSerial_test2\MXBluePillF103C8\obj\halmx_2\system\Drivers\STM32F1xx_HAL_Driver\Src\stm32f1xx_hal_rcc.o
LOAD examples\USBSerial_test2\MXBluePillF103C8\obj\halmx_2\system\Drivers\STM32F1xx_HAL_Driver\Src\stm32f1xx_hal_rcc_ex.o
LOAD examples\USBSerial_test2\MXBluePillF103C8\obj\halmx_2\system\Drivers\STM32F1xx_HAL_Driver\Src\stm32f1xx_hal_rtc.o
LOAD examples\USBSerial_test2\MXBluePillF103C8\obj\halmx_2\system\Drivers\STM32F1xx_HAL_Driver\Src\stm32f1xx_hal_rtc_ex.o
LOAD examples\USBSerial_test2\MXBluePillF103C8\obj\halmx_2\system\Drivers\STM32F1xx_HAL_Driver\Src\stm32f1xx_hal_sd.o
LOAD examples\USBSerial_test2\MXBluePillF103C8\obj\halmx_2\system\Drivers\STM32F1xx_HAL_Driver\Src\stm32f1xx_hal_smartcard.o
LOAD examples\USBSerial_test2\MXBluePillF103C8\obj\halmx_2\system\Drivers\STM32F1xx_HAL_Driver\Src\stm32f1xx_hal_spi.o
LOAD examples\USBSerial_test2\MXBluePillF103C8\obj\halmx_2\system\Drivers\STM32F1xx_HAL_Driver\Src\stm32f1xx_hal_spi_ex.o
LOAD examples\USBSerial_test2\MXBluePillF103C8\obj\halmx_2\system\Drivers\STM32F1xx_HAL_Driver\Src\stm32f1xx_hal_sram.o
LOAD examples\USBSerial_test2\MXBluePillF103C8\obj\halmx_2\system\Drivers\STM32F1xx_HAL_Driver\Src\stm32f1xx_hal_tim.o
LOAD examples\USBSerial_test2\MXBluePillF103C8\obj\halmx_2\system\Drivers\STM32F1xx_HAL_Driver\Src\stm32f1xx_hal_tim_ex.o
LOAD examples\USBSerial_test2\MXBluePillF103C8\obj\halmx_2\system\Drivers\STM32F1xx_HAL_Driver\Src\stm32f1xx_hal_uart.o
LOAD examples\USBSerial_test2\MXBluePillF103C8\obj\halmx_2\system\Drivers\STM32F1xx_HAL_Driver\Src\stm32f1xx_hal_usart.o
LOAD examples\USBSerial_test2\MXBluePillF103C8\obj\halmx_2\system\Drivers\STM32F1xx_HAL_Driver\Src\stm32f1xx_hal_wwdg.o
LOAD examples\USBSerial_test2\MXBluePillF103C8\obj\halmx_2\system\Drivers\STM32F1xx_HAL_Driver\Src\stm32f1xx_ll_fsmc.o
LOAD examples\USBSerial_test2\MXBluePillF103C8\obj\halmx_2\system\Drivers\STM32F1xx_HAL_Driver\Src\stm32f1xx_ll_sdmmc.o
LOAD examples\USBSerial_test2\MXBluePillF103C8\obj\halmx_2\system\Drivers\STM32F1xx_HAL_Driver\Src\stm32f1xx_ll_usb.o
LOAD examples\USBSerial_test2\MXBluePillF103C8\obj\halmx_2\system\Middlewares\ST\STM32_USB_Device_Library\Class\CDC\Src\usbd_cdc.o
LOAD examples\USBSerial_test2\MXBluePillF103C8\obj\halmx_2\system\Middlewares\ST\STM32_USB_Device_Library\Class\CDC\Src\usbd_cdc_if_template.o
LOAD examples\USBSerial_test2\MXBluePillF103C8\obj\halmx_2\system\Middlewares\ST\STM32_USB_Device_Library\Core\Src\usbd_conf_template.o
LOAD examples\USBSerial_test2\MXBluePillF103C8\obj\halmx_2\system\Middlewares\ST\STM32_USB_Device_Library\Core\Src\usbd_core.o
LOAD examples\USBSerial_test2\MXBluePillF103C8\obj\halmx_2\system\Middlewares\ST\STM32_USB_Device_Library\Core\Src\usbd_ctlreq.o
LOAD examples\USBSerial_test2\MXBluePillF103C8\obj\halmx_2\system\Middlewares\ST\STM32_USB_Device_Library\Core\Src\usbd_ioreq.o
LOAD examples\USBSerial_test2\MXBluePillF103C8\obj\halmx_2\variants\STM32F103C-BluePill\source\analog.o
LOAD examples\USBSerial_test2\MXBluePillF103C8\obj\halmx_2\variants\STM32F103C-BluePill\source\clock.o
LOAD examples\USBSerial_test2\MXBluePillF103C8\obj\halmx_2\variants\STM32F103C-BluePill\source\digital_io.o
LOAD examples\USBSerial_test2\MXBluePillF103C8\obj\halmx_2\variants\STM32F103C-BluePill\source\hw_config.o
LOAD examples\USBSerial_test2\MXBluePillF103C8\obj\halmx_2\variants\STM32F103C-BluePill\source\interrupt.o
LOAD examples\USBSerial_test2\MXBluePillF103C8\obj\halmx_2\variants\STM32F103C-BluePill\source\spi_com.o
LOAD examples\USBSerial_test2\MXBluePillF103C8\obj\halmx_2\variants\STM32F103C-BluePill\source\stm32_eeprom.o
LOAD examples\USBSerial_test2\MXBluePillF103C8\obj\halmx_2\variants\STM32F103C-BluePill\source\system_stm32f1xx.o
LOAD examples\USBSerial_test2\MXBluePillF103C8\obj\halmx_2\variants\STM32F103C-BluePill\source\timer.o
LOAD examples\USBSerial_test2\MXBluePillF103C8\obj\halmx_2\variants\STM32F103C-BluePill\source\twi.o
LOAD examples\USBSerial_test2\MXBluePillF103C8\obj\halmx_2\variants\STM32F103C-BluePill\source\uart.o
LOAD examples\USBSerial_test2\MXBluePillF103C8\obj\halmx_2\variants\STM32F103C-BluePill\source\uart_emul.o
LOAD examples\USBSerial_test2\MXBluePillF103C8\obj\halmx_2\variants\STM32F103C-BluePill\source\usb_device.o
LOAD examples\USBSerial_test2\MXBluePillF103C8\obj\halmx_2\variants\STM32F103C-BluePill\source\usbd_cdc_if.o
LOAD examples\USBSerial_test2\MXBluePillF103C8\obj\halmx_2\variants\STM32F103C-BluePill\source\usbd_conf.o
LOAD examples\USBSerial_test2\MXBluePillF103C8\obj\halmx_2\variants\STM32F103C-BluePill\source\usbd_desc.o
LOAD examples\USBSerial_test2\MXBluePillF103C8\obj\halmx_2\variants\STM32F103C-BluePill\variant.o
LOAD d:/electronics/gcc-arm-none-eabi-4_8-2014q3-20140805-win32/bin/../lib/gcc/arm-none-eabi/4.8.4/../../../../arm-none-eabi/lib/armv7-m\libstdc++_s.a
LOAD d:/electronics/gcc-arm-none-eabi-4_8-2014q3-20140805-win32/bin/../lib/gcc/arm-none-eabi/4.8.4/../../../../arm-none-eabi/lib/armv7-m\libsupc++_s.a
LOAD d:/electronics/gcc-arm-none-eabi-4_8-2014q3-20140805-win32/bin/../lib/gcc/arm-none-eabi/4.8.4/../../../../arm-none-eabi/lib/armv7-m\libm.a
LOAD d:/electronics/gcc-arm-none-eabi-4_8-2014q3-20140805-win32/bin/../lib/gcc/arm-none-eabi/4.8.4/armv7-m\libgcc.a
LOAD d:/electronics/gcc-arm-none-eabi-4_8-2014q3-20140805-win32/bin/../lib/gcc/arm-none-eabi/4.8.4/../../../../arm-none-eabi/lib/armv7-m\libc_s.a
LOAD d:/electronics/gcc-arm-none-eabi-4_8-2014q3-20140805-win32/bin/../lib/gcc/arm-none-eabi/4.8.4/../../../../arm-none-eabi/lib/armv7-m\libnosys.a
START GROUP
LOAD d:/electronics/gcc-arm-none-eabi-4_8-2014q3-20140805-win32/bin/../lib/gcc/arm-none-eabi/4.8.4/armv7-m\libgcc.a
LOAD d:/electronics/gcc-arm-none-eabi-4_8-2014q3-20140805-win32/bin/../lib/gcc/arm-none-eabi/4.8.4/../../../../arm-none-eabi/lib/armv7-m\libc_s.a
END GROUP
START GROUP
LOAD d:/electronics/gcc-arm-none-eabi-4_8-2014q3-20140805-win32/bin/../lib/gcc/arm-none-eabi/4.8.4/armv7-m\libgcc.a
LOAD d:/electronics/gcc-arm-none-eabi-4_8-2014q3-20140805-win32/bin/../lib/gcc/arm-none-eabi/4.8.4/../../../../arm-none-eabi/lib/armv7-m\libc_s.a
END GROUP
LOAD d:/electronics/gcc-arm-none-eabi-4_8-2014q3-20140805-win32/bin/../lib/gcc/arm-none-eabi/4.8.4/armv7-m/crtend.o
LOAD d:/electronics/gcc-arm-none-eabi-4_8-2014q3-20140805-win32/bin/../lib/gcc/arm-none-eabi/4.8.4/armv7-m/crtn.o
                0x20005000                _estack = 0x20005000
                0x00000200                _Min_Heap_Size = 0x200
                0x00000400                _Min_Stack_Size = 0x400

.isr_vector     0x08000000      0x10c
                0x08000000                . = ALIGN (0x4)
 *(.isr_vector)
 .isr_vector    0x08000000      0x10c examples\USBSerial_test2\MXBluePillF103C8\obj\halmx_2\system\Drivers\CMSIS\Device\ST\STM32F1xx\Source\Templates\gcc\startup_stm32f103xb.o
                0x08000000                g_pfnVectors
                0x0800010c                . = ALIGN (0x4)

.text           0x0800010c     0x3f30
                0x0800010c                . = ALIGN (0x4)
 *(.text)
 .text          0x0800010c       0x54 d:/electronics/gcc-arm-none-eabi-4_8-2014q3-20140805-win32/bin/../lib/gcc/arm-none-eabi/4.8.4/armv7-m/crtbegin.o
 *(.text*)
 .text.setup    0x08000160       0x1c examples\USBSerial_test2\MXBluePillF103C8\obj\examples\USBSerial_test\USBSerial_test.o
                0x08000160                setup
 .text.loop     0x0800017c       0x6c examples\USBSerial_test2\MXBluePillF103C8\obj\examples\USBSerial_test\USBSerial_test.o
                0x0800017c                loop
 .text.__empty  0x080001e8        0x4 examples\USBSerial_test2\MXBluePillF103C8\obj\halmx_2\cores\arduino\hooks.o
                0x080001e8                yield
 .text._ZNK9IPAddress7printToER5Print
                0x080001ec       0x40 examples\USBSerial_test2\MXBluePillF103C8\obj\halmx_2\cores\arduino\IPAddress.o
                0x080001ec                IPAddress::printTo(Print&) const
 .text.startup._GLOBAL__sub_I__ZN9IPAddressC2Ev
                0x0800022c       0x1c examples\USBSerial_test2\MXBluePillF103C8\obj\halmx_2\cores\arduino\IPAddress.o
 .text.initVariant
                0x08000248        0x4 examples\USBSerial_test2\MXBluePillF103C8\obj\halmx_2\cores\arduino\main.o
                0x08000248                initVariant
 .text.startup.main
                0x0800024c       0x34 examples\USBSerial_test2\MXBluePillF103C8\obj\halmx_2\cores\arduino\main.o
                0x0800024c                main
 .text._ZN5Print5writeEPKhj
                0x08000280       0x2c examples\USBSerial_test2\MXBluePillF103C8\obj\halmx_2\cores\arduino\Print.o
                0x08000280                Print::write(unsigned char const*, unsigned int)
 .text._ZN5Print5printEc
                0x080002ac        0xc examples\USBSerial_test2\MXBluePillF103C8\obj\halmx_2\cores\arduino\Print.o
                0x080002ac                Print::print(char)
 .text._ZN5Print11printNumberEmh
                0x080002b8       0x60 examples\USBSerial_test2\MXBluePillF103C8\obj\halmx_2\cores\arduino\Print.o
                0x080002b8                Print::printNumber(unsigned long, unsigned char)
 .text._ZN5Print5printEmi
                0x08000318       0x18 examples\USBSerial_test2\MXBluePillF103C8\obj\halmx_2\cores\arduino\Print.o
                0x08000318                Print::print(unsigned long, int)
 .text._ZN5Print5printEhi
                0x08000330        0x4 examples\USBSerial_test2\MXBluePillF103C8\obj\halmx_2\cores\arduino\Print.o
                0x08000330                Print::print(unsigned char, int)
 .text._ZN9UARTClasscvbEv
                0x08000334        0x4 examples\USBSerial_test2\MXBluePillF103C8\obj\halmx_2\cores\arduino\UARTClass.o
                0x08000334                UARTClass::operator bool()
 .text._ZN9UARTClass5beginEm
                0x08000338        0x8 examples\USBSerial_test2\MXBluePillF103C8\obj\halmx_2\cores\arduino\UARTClass.o
                0x08000338                UARTClass::begin(unsigned long)
 .text._ZN9UARTClass3endEv
                0x08000340        0x8 examples\USBSerial_test2\MXBluePillF103C8\obj\halmx_2\cores\arduino\UARTClass.o
                0x08000340                UARTClass::end()
 .text._ZN9UARTClass9availableEv
                0x08000348        0x8 examples\USBSerial_test2\MXBluePillF103C8\obj\halmx_2\cores\arduino\UARTClass.o
                0x08000348                UARTClass::available()
 .text._ZN9UARTClass4peekEv
                0x08000350        0xc examples\USBSerial_test2\MXBluePillF103C8\obj\halmx_2\cores\arduino\UARTClass.o
                0x08000350                UARTClass::peek()
 .text._ZN9UARTClass4readEv
                0x0800035c        0xc examples\USBSerial_test2\MXBluePillF103C8\obj\halmx_2\cores\arduino\UARTClass.o
                0x0800035c                UARTClass::read()
 .text._ZN9UARTClass5flushEv
                0x08000368        0x8 examples\USBSerial_test2\MXBluePillF103C8\obj\halmx_2\cores\arduino\UARTClass.o
                0x08000368                UARTClass::flush()
 .text._ZN9UARTClass5writeEh
                0x08000370        0xc examples\USBSerial_test2\MXBluePillF103C8\obj\halmx_2\cores\arduino\UARTClass.o
                0x08000370                UARTClass::write(unsigned char)
 .text._ZN9UARTClassC2E9uart_id_e
                0x0800037c       0x1c examples\USBSerial_test2\MXBluePillF103C8\obj\halmx_2\cores\arduino\UARTClass.o
                0x0800037c                UARTClass::UARTClass(uart_id_e)
                0x0800037c                UARTClass::UARTClass(uart_id_e)
 .text._ZN10USARTClass5beginEm
                0x08000398        0x8 examples\USBSerial_test2\MXBluePillF103C8\obj\halmx_2\cores\arduino\USARTClass.o
                0x08000398                USARTClass::begin(unsigned long)
 .text._ZN10USARTClassC2E9uart_id_e
                0x080003a0       0x18 examples\USBSerial_test2\MXBluePillF103C8\obj\halmx_2\cores\arduino\USARTClass.o
                0x080003a0                USARTClass::USARTClass(uart_id_e)
                0x080003a0                USARTClass::USARTClass(uart_id_e)
 .text._ZN9USBSerial17availableForWriteEv
                0x080003b8        0x4 examples\USBSerial_test2\MXBluePillF103C8\obj\halmx_2\cores\arduino\USBSerial.o
                0x080003b8                USBSerial::availableForWrite()
 .text._ZN9USBSerial9availableEv
                0x080003bc       0x10 examples\USBSerial_test2\MXBluePillF103C8\obj\halmx_2\cores\arduino\USBSerial.o
                0x080003bc                USBSerial::available()
 .text._ZN9USBSerial4peekEv
                0x080003cc       0x24 examples\USBSerial_test2\MXBluePillF103C8\obj\halmx_2\cores\arduino\USBSerial.o
                0x080003cc                USBSerial::peek()
 .text._ZN9USBSerial4readEv
                0x080003f0       0x34 examples\USBSerial_test2\MXBluePillF103C8\obj\halmx_2\cores\arduino\USBSerial.o
                0x080003f0                USBSerial::read()
 .text._ZN9USBSerial5flushEv
                0x08000424        0x4 examples\USBSerial_test2\MXBluePillF103C8\obj\halmx_2\cores\arduino\USBSerial.o
                0x08000424                USBSerial::flush()
 .text._ZN9USBSerial5writeEh
                0x08000428       0x1c examples\USBSerial_test2\MXBluePillF103C8\obj\halmx_2\cores\arduino\USBSerial.o
                0x08000428                USBSerial::write(unsigned char)
 .text._ZN9USBSerial5writeEPKhj
                0x08000444       0x38 examples\USBSerial_test2\MXBluePillF103C8\obj\halmx_2\cores\arduino\USBSerial.o
                0x08000444                USBSerial::write(unsigned char const*, unsigned int)
 .text._ZN9USBSerialC2Ev
                0x0800047c       0x24 examples\USBSerial_test2\MXBluePillF103C8\obj\halmx_2\cores\arduino\USBSerial.o
                0x0800047c                USBSerial::USBSerial()
                0x0800047c                USBSerial::USBSerial()
 .text._ZN9USBSerial4initEv
                0x080004a0       0x6c examples\USBSerial_test2\MXBluePillF103C8\obj\halmx_2\cores\arduino\USBSerial.o
                0x080004a0                USBSerial::init()
 .text._ZN9USBSerial5beginEm
                0x0800050c        0x4 examples\USBSerial_test2\MXBluePillF103C8\obj\halmx_2\cores\arduino\USBSerial.o
                0x0800050c                USBSerial::begin(unsigned long)
 .text._ZN9USBSerial13CDC_RxHandlerEPht
                0x08000510       0x40 examples\USBSerial_test2\MXBluePillF103C8\obj\halmx_2\cores\arduino\USBSerial.o
                0x08000510                USBSerial::CDC_RxHandler(unsigned char*, unsigned short)
 .text.millis   0x08000550        0x4 examples\USBSerial_test2\MXBluePillF103C8\obj\halmx_2\cores\arduino\wiring.o
                0x08000550                millis
 .text.delay    0x08000554       0x20 examples\USBSerial_test2\MXBluePillF103C8\obj\halmx_2\cores\arduino\wiring.o
                0x08000554                delay
 .text.pinMode  0x08000574      0x108 examples\USBSerial_test2\MXBluePillF103C8\obj\halmx_2\cores\arduino\wiring_digital.o
                0x08000574                pinMode
 .text.digitalWrite
                0x0800067c       0x24 examples\USBSerial_test2\MXBluePillF103C8\obj\halmx_2\cores\arduino\wiring_digital.o
                0x0800067c                digitalWrite
 .text.Reset_Handler
                0x080006a0       0x50 examples\USBSerial_test2\MXBluePillF103C8\obj\halmx_2\system\Drivers\CMSIS\Device\ST\STM32F1xx\Source\Templates\gcc\startup_stm32f103xb.o
                0x080006a0                Reset_Handler
 .text.Default_Handler
                0x080006f0        0x4 examples\USBSerial_test2\MXBluePillF103C8\obj\halmx_2\system\Drivers\CMSIS\Device\ST\STM32F1xx\Source\Templates\gcc\startup_stm32f103xb.o
                0x080006f0                RTC_Alarm_IRQHandler
                0x080006f0                PVD_IRQHandler
                0x080006f0                PendSV_Handler
                0x080006f0                I2C2_EV_IRQHandler
                0x080006f0                ADC1_2_IRQHandler
                0x080006f0                SPI1_IRQHandler
                0x080006f0                TAMPER_IRQHandler
                0x080006f0                DMA1_Channel4_IRQHandler
                0x080006f0                USART3_IRQHandler
                0x080006f0                RTC_IRQHandler
                0x080006f0                DMA1_Channel7_IRQHandler
                0x080006f0                CAN1_RX1_IRQHandler
                0x080006f0                DMA1_Channel6_IRQHandler
                0x080006f0                RCC_IRQHandler
                0x080006f0                TIM1_TRG_COM_IRQHandler
                0x080006f0                DMA1_Channel1_IRQHandler
                0x080006f0                Default_Handler
                0x080006f0                SPI2_IRQHandler
                0x080006f0                SVC_Handler
                0x080006f0                DMA1_Channel5_IRQHandler
                0x080006f0                USB_HP_CAN1_TX_IRQHandler
                0x080006f0                DMA1_Channel3_IRQHandler
                0x080006f0                WWDG_IRQHandler
                0x080006f0                TIM1_BRK_IRQHandler
                0x080006f0                I2C2_ER_IRQHandler
                0x080006f0                DMA1_Channel2_IRQHandler
                0x080006f0                CAN1_SCE_IRQHandler
                0x080006f0                FLASH_IRQHandler
                0x080006f0                USBWakeUp_IRQHandler
 .text.HAL_Init
                0x080006f4       0x24 examples\USBSerial_test2\MXBluePillF103C8\obj\halmx_2\system\Drivers\STM32F1xx_HAL_Driver\Src\stm32f1xx_hal.o
                0x080006f4                HAL_Init
 .text.HAL_IncTick
                0x08000718       0x10 examples\USBSerial_test2\MXBluePillF103C8\obj\halmx_2\system\Drivers\STM32F1xx_HAL_Driver\Src\stm32f1xx_hal.o
                0x08000718                HAL_IncTick
 .text.HAL_GetTick
                0x08000728        0xc examples\USBSerial_test2\MXBluePillF103C8\obj\halmx_2\system\Drivers\STM32F1xx_HAL_Driver\Src\stm32f1xx_hal.o
                0x08000728                HAL_GetTick
 .text.HAL_Delay
                0x08000734       0x1c examples\USBSerial_test2\MXBluePillF103C8\obj\halmx_2\system\Drivers\STM32F1xx_HAL_Driver\Src\stm32f1xx_hal.o
                0x08000734                HAL_Delay
 .text.HAL_NVIC_SetPriorityGrouping
                0x08000750       0x24 examples\USBSerial_test2\MXBluePillF103C8\obj\halmx_2\system\Drivers\STM32F1xx_HAL_Driver\Src\stm32f1xx_hal_cortex.o
                0x08000750                HAL_NVIC_SetPriorityGrouping
 .text.HAL_NVIC_SetPriority
                0x08000774       0x70 examples\USBSerial_test2\MXBluePillF103C8\obj\halmx_2\system\Drivers\STM32F1xx_HAL_Driver\Src\stm32f1xx_hal_cortex.o
                0x08000774                HAL_NVIC_SetPriority
 .text.HAL_NVIC_EnableIRQ
                0x080007e4       0x18 examples\USBSerial_test2\MXBluePillF103C8\obj\halmx_2\system\Drivers\STM32F1xx_HAL_Driver\Src\stm32f1xx_hal_cortex.o
                0x080007e4                HAL_NVIC_EnableIRQ
 .text.HAL_NVIC_SystemReset
                0x080007fc       0x24 examples\USBSerial_test2\MXBluePillF103C8\obj\halmx_2\system\Drivers\STM32F1xx_HAL_Driver\Src\stm32f1xx_hal_cortex.o
                0x080007fc                HAL_NVIC_SystemReset
 .text.HAL_SYSTICK_Config
                0x08000820       0x34 examples\USBSerial_test2\MXBluePillF103C8\obj\halmx_2\system\Drivers\STM32F1xx_HAL_Driver\Src\stm32f1xx_hal_cortex.o
                0x08000820                HAL_SYSTICK_Config
 .text.HAL_NVIC_ClearPendingIRQ
                0x08000854       0x18 examples\USBSerial_test2\MXBluePillF103C8\obj\halmx_2\system\Drivers\STM32F1xx_HAL_Driver\Src\stm32f1xx_hal_cortex.o
                0x08000854                HAL_NVIC_ClearPendingIRQ
 .text.HAL_SYSTICK_CLKSourceConfig
                0x0800086c       0x18 examples\USBSerial_test2\MXBluePillF103C8\obj\halmx_2\system\Drivers\STM32F1xx_HAL_Driver\Src\stm32f1xx_hal_cortex.o
                0x0800086c                HAL_SYSTICK_CLKSourceConfig
 .text.HAL_GPIO_Init
                0x08000884      0x204 examples\USBSerial_test2\MXBluePillF103C8\obj\halmx_2\system\Drivers\STM32F1xx_HAL_Driver\Src\stm32f1xx_hal_gpio.o
                0x08000884                HAL_GPIO_Init
 .text.HAL_GPIO_DeInit
                0x08000a88      0x108 examples\USBSerial_test2\MXBluePillF103C8\obj\halmx_2\system\Drivers\STM32F1xx_HAL_Driver\Src\stm32f1xx_hal_gpio.o
                0x08000a88                HAL_GPIO_DeInit
 .text.HAL_GPIO_WritePin
                0x08000b90        0x8 examples\USBSerial_test2\MXBluePillF103C8\obj\halmx_2\system\Drivers\STM32F1xx_HAL_Driver\Src\stm32f1xx_hal_gpio.o
                0x08000b90                HAL_GPIO_WritePin
 .text.HAL_GPIO_TogglePin
                0x08000b98        0x8 examples\USBSerial_test2\MXBluePillF103C8\obj\halmx_2\system\Drivers\STM32F1xx_HAL_Driver\Src\stm32f1xx_hal_gpio.o
                0x08000b98                HAL_GPIO_TogglePin
 .text.HAL_GPIO_EXTI_IRQHandler
                0x08000ba0       0x18 examples\USBSerial_test2\MXBluePillF103C8\obj\halmx_2\system\Drivers\STM32F1xx_HAL_Driver\Src\stm32f1xx_hal_gpio.o
                0x08000ba0                HAL_GPIO_EXTI_IRQHandler
 .text.I2C_WaitOnFlagUntilTimeout
                0x08000bb8       0x9c examples\USBSerial_test2\MXBluePillF103C8\obj\halmx_2\system\Drivers\STM32F1xx_HAL_Driver\Src\stm32f1xx_hal_i2c.o
 .text.HAL_I2C_Slave_Receive_IT
                0x08000c54       0x6c examples\USBSerial_test2\MXBluePillF103C8\obj\halmx_2\system\Drivers\STM32F1xx_HAL_Driver\Src\stm32f1xx_hal_i2c.o
                0x08000c54                HAL_I2C_Slave_Receive_IT
 .text.HAL_I2C_MasterTxCpltCallback
                0x08000cc0        0x4 examples\USBSerial_test2\MXBluePillF103C8\obj\halmx_2\system\Drivers\STM32F1xx_HAL_Driver\Src\stm32f1xx_hal_i2c.o
                0x08000cc0                HAL_I2C_MasterTxCpltCallback
 .text.HAL_I2C_MasterRxCpltCallback
                0x08000cc4        0x4 examples\USBSerial_test2\MXBluePillF103C8\obj\halmx_2\system\Drivers\STM32F1xx_HAL_Driver\Src\stm32f1xx_hal_i2c.o
                0x08000cc4                HAL_I2C_MasterRxCpltCallback
 .text.HAL_I2C_MemTxCpltCallback
                0x08000cc8        0x4 examples\USBSerial_test2\MXBluePillF103C8\obj\halmx_2\system\Drivers\STM32F1xx_HAL_Driver\Src\stm32f1xx_hal_i2c.o
                0x08000cc8                HAL_I2C_MemTxCpltCallback
 .text.HAL_I2C_MemRxCpltCallback
                0x08000ccc        0x4 examples\USBSerial_test2\MXBluePillF103C8\obj\halmx_2\system\Drivers\STM32F1xx_HAL_Driver\Src\stm32f1xx_hal_i2c.o
                0x08000ccc                HAL_I2C_MemRxCpltCallback
 .text.HAL_I2C_EV_IRQHandler
                0x08000cd0      0x218 examples\USBSerial_test2\MXBluePillF103C8\obj\halmx_2\system\Drivers\STM32F1xx_HAL_Driver\Src\stm32f1xx_hal_i2c.o
                0x08000cd0                HAL_I2C_EV_IRQHandler
 .text.HAL_I2C_ER_IRQHandler
                0x08000ee8       0xec examples\USBSerial_test2\MXBluePillF103C8\obj\halmx_2\system\Drivers\STM32F1xx_HAL_Driver\Src\stm32f1xx_hal_i2c.o
                0x08000ee8                HAL_I2C_ER_IRQHandler
 .text.HAL_MspInit
                0x08000fd4        0x4 examples\USBSerial_test2\MXBluePillF103C8\obj\halmx_2\system\Drivers\STM32F1xx_HAL_Driver\Src\stm32f1xx_hal_msp_template.o
                0x08000fd4                HAL_MspInit
 .text.HAL_PCD_EP_Receive
                0x08000fd8       0x3c examples\USBSerial_test2\MXBluePillF103C8\obj\halmx_2\system\Drivers\STM32F1xx_HAL_Driver\Src\stm32f1xx_hal_pcd.o
                0x08000fd8                HAL_PCD_EP_Receive
 .text.HAL_PCD_EP_Transmit
                0x08001014       0x3c examples\USBSerial_test2\MXBluePillF103C8\obj\halmx_2\system\Drivers\STM32F1xx_HAL_Driver\Src\stm32f1xx_hal_pcd.o
                0x08001014                HAL_PCD_EP_Transmit
 .text.HAL_PCD_IRQHandler
                0x08001050      0x554 examples\USBSerial_test2\MXBluePillF103C8\obj\halmx_2\system\Drivers\STM32F1xx_HAL_Driver\Src\stm32f1xx_hal_pcd.o
                0x08001050                HAL_PCD_IRQHandler
 .text.HAL_RCC_OscConfig
                0x080015a4      0x574 examples\USBSerial_test2\MXBluePillF103C8\obj\halmx_2\system\Drivers\STM32F1xx_HAL_Driver\Src\stm32f1xx_hal_rcc.o
                0x080015a4                HAL_RCC_OscConfig
 .text.HAL_RCC_GetSysClockFreq
                0x08001b18       0x94 examples\USBSerial_test2\MXBluePillF103C8\obj\halmx_2\system\Drivers\STM32F1xx_HAL_Driver\Src\stm32f1xx_hal_rcc.o
                0x08001b18                HAL_RCC_GetSysClockFreq
 .text.HAL_RCC_ClockConfig
                0x08001bac      0x184 examples\USBSerial_test2\MXBluePillF103C8\obj\halmx_2\system\Drivers\STM32F1xx_HAL_Driver\Src\stm32f1xx_hal_rcc.o
                0x08001bac                HAL_RCC_ClockConfig
 .text.HAL_RCC_GetHCLKFreq
                0x08001d30        0xc examples\USBSerial_test2\MXBluePillF103C8\obj\halmx_2\system\Drivers\STM32F1xx_HAL_Driver\Src\stm32f1xx_hal_rcc.o
                0x08001d30                HAL_RCC_GetHCLKFreq
 .text.HAL_RCC_GetPCLK1Freq
                0x08001d3c       0x30 examples\USBSerial_test2\MXBluePillF103C8\obj\halmx_2\system\Drivers\STM32F1xx_HAL_Driver\Src\stm32f1xx_hal_rcc.o
                0x08001d3c                HAL_RCC_GetPCLK1Freq
 .text.HAL_RCC_GetPCLK2Freq
                0x08001d6c       0x30 examples\USBSerial_test2\MXBluePillF103C8\obj\halmx_2\system\Drivers\STM32F1xx_HAL_Driver\Src\stm32f1xx_hal_rcc.o
                0x08001d6c                HAL_RCC_GetPCLK2Freq
 .text.HAL_TIM_PWM_DeInit
                0x08001d9c       0x3c examples\USBSerial_test2\MXBluePillF103C8\obj\halmx_2\system\Drivers\STM32F1xx_HAL_Driver\Src\stm32f1xx_hal_tim.o
                0x08001d9c                HAL_TIM_PWM_DeInit
 .text.HAL_TIM_PWM_Stop
                0x08001dd8       0x6c examples\USBSerial_test2\MXBluePillF103C8\obj\halmx_2\system\Drivers\STM32F1xx_HAL_Driver\Src\stm32f1xx_hal_tim.o
                0x08001dd8                HAL_TIM_PWM_Stop
 .text.HAL_TIM_IC_CaptureCallback
                0x08001e44        0x4 examples\USBSerial_test2\MXBluePillF103C8\obj\halmx_2\system\Drivers\STM32F1xx_HAL_Driver\Src\stm32f1xx_hal_tim.o
                0x08001e44                HAL_TIM_IC_CaptureCallback
 .text.HAL_TIM_PWM_PulseFinishedCallback
                0x08001e48        0x4 examples\USBSerial_test2\MXBluePillF103C8\obj\halmx_2\system\Drivers\STM32F1xx_HAL_Driver\Src\stm32f1xx_hal_tim.o
                0x08001e48                HAL_TIM_PWM_PulseFinishedCallback
 .text.HAL_TIM_TriggerCallback
                0x08001e4c        0x4 examples\USBSerial_test2\MXBluePillF103C8\obj\halmx_2\system\Drivers\STM32F1xx_HAL_Driver\Src\stm32f1xx_hal_tim.o
                0x08001e4c                HAL_TIM_TriggerCallback
 .text.HAL_TIM_IRQHandler
                0x08001e50      0x154 examples\USBSerial_test2\MXBluePillF103C8\obj\halmx_2\system\Drivers\STM32F1xx_HAL_Driver\Src\stm32f1xx_hal_tim.o
                0x08001e50                HAL_TIM_IRQHandler
 .text.HAL_TIMEx_PWMN_Stop
                0x08001fa4       0x54 examples\USBSerial_test2\MXBluePillF103C8\obj\halmx_2\system\Drivers\STM32F1xx_HAL_Driver\Src\stm32f1xx_hal_tim_ex.o
                0x08001fa4                HAL_TIMEx_PWMN_Stop
 .text.HAL_TIMEx_CommutationCallback
                0x08001ff8        0x4 examples\USBSerial_test2\MXBluePillF103C8\obj\halmx_2\system\Drivers\STM32F1xx_HAL_Driver\Src\stm32f1xx_hal_tim_ex.o
                0x08001ff8                HAL_TIMEx_CommutationCallback
 .text.HAL_TIMEx_BreakCallback
                0x08001ffc        0x4 examples\USBSerial_test2\MXBluePillF103C8\obj\halmx_2\system\Drivers\STM32F1xx_HAL_Driver\Src\stm32f1xx_hal_tim_ex.o
                0x08001ffc                HAL_TIMEx_BreakCallback
 .text.UART_SetConfig
                0x08002000      0x1ac examples\USBSerial_test2\MXBluePillF103C8\obj\halmx_2\system\Drivers\STM32F1xx_HAL_Driver\Src\stm32f1xx_hal_uart.o
 .text.UART_WaitOnFlagUntilTimeout.constprop.0
                0x080021ac       0x60 examples\USBSerial_test2\MXBluePillF103C8\obj\halmx_2\system\Drivers\STM32F1xx_HAL_Driver\Src\stm32f1xx_hal_uart.o
 .text.HAL_UART_Init
                0x0800220c       0x5c examples\USBSerial_test2\MXBluePillF103C8\obj\halmx_2\system\Drivers\STM32F1xx_HAL_Driver\Src\stm32f1xx_hal_uart.o
                0x0800220c                HAL_UART_Init
 .text.HAL_UART_DeInit
                0x08002268       0x34 examples\USBSerial_test2\MXBluePillF103C8\obj\halmx_2\system\Drivers\STM32F1xx_HAL_Driver\Src\stm32f1xx_hal_uart.o
                0x08002268                HAL_UART_DeInit
 .text.HAL_UART_Transmit
                0x0800229c       0xc4 examples\USBSerial_test2\MXBluePillF103C8\obj\halmx_2\system\Drivers\STM32F1xx_HAL_Driver\Src\stm32f1xx_hal_uart.o
                0x0800229c                HAL_UART_Transmit
 .text.HAL_UART_Receive_IT
                0x08002360       0x74 examples\USBSerial_test2\MXBluePillF103C8\obj\halmx_2\system\Drivers\STM32F1xx_HAL_Driver\Src\stm32f1xx_hal_uart.o
                0x08002360                HAL_UART_Receive_IT
 .text.HAL_UART_TxCpltCallback
                0x080023d4        0x4 examples\USBSerial_test2\MXBluePillF103C8\obj\halmx_2\system\Drivers\STM32F1xx_HAL_Driver\Src\stm32f1xx_hal_uart.o
                0x080023d4                HAL_UART_TxCpltCallback
 .text.HAL_UART_IRQHandler
                0x080023d8      0x1c8 examples\USBSerial_test2\MXBluePillF103C8\obj\halmx_2\system\Drivers\STM32F1xx_HAL_Driver\Src\stm32f1xx_hal_uart.o
                0x080023d8                HAL_UART_IRQHandler
 .text.USB_EPStartXfer
                0x080025a0      0x280 examples\USBSerial_test2\MXBluePillF103C8\obj\halmx_2\system\Drivers\STM32F1xx_HAL_Driver\Src\stm32f1xx_ll_usb.o
                0x080025a0                USB_EPStartXfer
 .text.USB_SetDevAddress
                0x08002820        0xc examples\USBSerial_test2\MXBluePillF103C8\obj\halmx_2\system\Drivers\STM32F1xx_HAL_Driver\Src\stm32f1xx_ll_usb.o
                0x08002820                USB_SetDevAddress
 .text.USB_ReadInterrupts
                0x0800282c        0x8 examples\USBSerial_test2\MXBluePillF103C8\obj\halmx_2\system\Drivers\STM32F1xx_HAL_Driver\Src\stm32f1xx_ll_usb.o
                0x0800282c                USB_ReadInterrupts
 .text.USB_WritePMA
                0x08002834       0x38 examples\USBSerial_test2\MXBluePillF103C8\obj\halmx_2\system\Drivers\STM32F1xx_HAL_Driver\Src\stm32f1xx_ll_usb.o
                0x08002834                USB_WritePMA
 .text.USB_ReadPMA
                0x0800286c       0x1c examples\USBSerial_test2\MXBluePillF103C8\obj\halmx_2\system\Drivers\STM32F1xx_HAL_Driver\Src\stm32f1xx_ll_usb.o
                0x0800286c                USB_ReadPMA
 .text.USBD_CDC_DataIn
                0x08002888       0x14 examples\USBSerial_test2\MXBluePillF103C8\obj\halmx_2\system\Middlewares\ST\STM32_USB_Device_Library\Class\CDC\Src\usbd_cdc.o
 .text.USBD_CDC_EP0_RxReady
                0x0800289c       0x28 examples\USBSerial_test2\MXBluePillF103C8\obj\halmx_2\system\Middlewares\ST\STM32_USB_Device_Library\Class\CDC\Src\usbd_cdc.o
 .text.USBD_CDC_GetFSCfgDesc
                0x080028c4        0xc examples\USBSerial_test2\MXBluePillF103C8\obj\halmx_2\system\Middlewares\ST\STM32_USB_Device_Library\Class\CDC\Src\usbd_cdc.o
 .text.USBD_CDC_GetHSCfgDesc
                0x080028d0        0xc examples\USBSerial_test2\MXBluePillF103C8\obj\halmx_2\system\Middlewares\ST\STM32_USB_Device_Library\Class\CDC\Src\usbd_cdc.o
 .text.USBD_CDC_GetOtherSpeedCfgDesc
                0x080028dc        0xc examples\USBSerial_test2\MXBluePillF103C8\obj\halmx_2\system\Middlewares\ST\STM32_USB_Device_Library\Class\CDC\Src\usbd_cdc.o
 .text.USBD_CDC_GetDeviceQualifierDescriptor
                0x080028e8        0xc examples\USBSerial_test2\MXBluePillF103C8\obj\halmx_2\system\Middlewares\ST\STM32_USB_Device_Library\Class\CDC\Src\usbd_cdc.o
                0x080028e8                USBD_CDC_GetDeviceQualifierDescriptor
 .text.USBD_CDC_DataOut
                0x080028f4       0x30 examples\USBSerial_test2\MXBluePillF103C8\obj\halmx_2\system\Middlewares\ST\STM32_USB_Device_Library\Class\CDC\Src\usbd_cdc.o
 .text.USBD_CDC_Setup
                0x08002924       0x70 examples\USBSerial_test2\MXBluePillF103C8\obj\halmx_2\system\Middlewares\ST\STM32_USB_Device_Library\Class\CDC\Src\usbd_cdc.o
 .text.USBD_CDC_DeInit
                0x08002994       0x3c examples\USBSerial_test2\MXBluePillF103C8\obj\halmx_2\system\Middlewares\ST\STM32_USB_Device_Library\Class\CDC\Src\usbd_cdc.o
 .text.USBD_CDC_Init
                0x080029d0       0x8c examples\USBSerial_test2\MXBluePillF103C8\obj\halmx_2\system\Middlewares\ST\STM32_USB_Device_Library\Class\CDC\Src\usbd_cdc.o
 .text.USBD_CDC_RegisterInterface
                0x08002a5c       0x10 examples\USBSerial_test2\MXBluePillF103C8\obj\halmx_2\system\Middlewares\ST\STM32_USB_Device_Library\Class\CDC\Src\usbd_cdc.o
                0x08002a5c                USBD_CDC_RegisterInterface
 .text.USBD_CDC_SetTxBuffer
                0x08002a6c       0x10 examples\USBSerial_test2\MXBluePillF103C8\obj\halmx_2\system\Middlewares\ST\STM32_USB_Device_Library\Class\CDC\Src\usbd_cdc.o
                0x08002a6c                USBD_CDC_SetTxBuffer
 .text.USBD_CDC_SetRxBuffer
                0x08002a7c        0xc examples\USBSerial_test2\MXBluePillF103C8\obj\halmx_2\system\Middlewares\ST\STM32_USB_Device_Library\Class\CDC\Src\usbd_cdc.o
                0x08002a7c                USBD_CDC_SetRxBuffer
 .text.USBD_CDC_TransmitPacket
                0x08002a88       0x30 examples\USBSerial_test2\MXBluePillF103C8\obj\halmx_2\system\Middlewares\ST\STM32_USB_Device_Library\Class\CDC\Src\usbd_cdc.o
                0x08002a88                USBD_CDC_TransmitPacket
 .text.USBD_CDC_ReceivePacket
                0x08002ab8       0x2c examples\USBSerial_test2\MXBluePillF103C8\obj\halmx_2\system\Middlewares\ST\STM32_USB_Device_Library\Class\CDC\Src\usbd_cdc.o
                0x08002ab8                USBD_CDC_ReceivePacket
 .text.USBD_LL_Init
                0x08002ae4        0x4 examples\USBSerial_test2\MXBluePillF103C8\obj\halmx_2\system\Middlewares\ST\STM32_USB_Device_Library\Core\Src\usbd_conf_template.o
                0x08002ae4                USBD_LL_Init
 .text.USBD_LL_Start
                0x08002ae8        0x4 examples\USBSerial_test2\MXBluePillF103C8\obj\halmx_2\system\Middlewares\ST\STM32_USB_Device_Library\Core\Src\usbd_conf_template.o
                0x08002ae8                USBD_LL_Start
 .text.USBD_LL_OpenEP
                0x08002aec        0x4 examples\USBSerial_test2\MXBluePillF103C8\obj\halmx_2\system\Middlewares\ST\STM32_USB_Device_Library\Core\Src\usbd_conf_template.o
                0x08002aec                USBD_LL_OpenEP
 .text.USBD_LL_CloseEP
                0x08002af0        0x4 examples\USBSerial_test2\MXBluePillF103C8\obj\halmx_2\system\Middlewares\ST\STM32_USB_Device_Library\Core\Src\usbd_conf_template.o
                0x08002af0                USBD_LL_CloseEP
 .text.USBD_LL_StallEP
                0x08002af4        0x4 examples\USBSerial_test2\MXBluePillF103C8\obj\halmx_2\system\Middlewares\ST\STM32_USB_Device_Library\Core\Src\usbd_conf_template.o
                0x08002af4                USBD_LL_StallEP
 .text.USBD_LL_ClearStallEP
                0x08002af8        0x4 examples\USBSerial_test2\MXBluePillF103C8\obj\halmx_2\system\Middlewares\ST\STM32_USB_Device_Library\Core\Src\usbd_conf_template.o
                0x08002af8                USBD_LL_ClearStallEP
 .text.USBD_LL_IsStallEP
                0x08002afc        0x4 examples\USBSerial_test2\MXBluePillF103C8\obj\halmx_2\system\Middlewares\ST\STM32_USB_Device_Library\Core\Src\usbd_conf_template.o
                0x08002afc                USBD_LL_IsStallEP
 .text.USBD_LL_SetUSBAddress
                0x08002b00        0x4 examples\USBSerial_test2\MXBluePillF103C8\obj\halmx_2\system\Middlewares\ST\STM32_USB_Device_Library\Core\Src\usbd_conf_template.o
                0x08002b00                USBD_LL_SetUSBAddress
 .text.USBD_LL_Transmit
                0x08002b04        0x4 examples\USBSerial_test2\MXBluePillF103C8\obj\halmx_2\system\Middlewares\ST\STM32_USB_Device_Library\Core\Src\usbd_conf_template.o
                0x08002b04                USBD_LL_Transmit
 .text.USBD_LL_PrepareReceive
                0x08002b08        0x4 examples\USBSerial_test2\MXBluePillF103C8\obj\halmx_2\system\Middlewares\ST\STM32_USB_Device_Library\Core\Src\usbd_conf_template.o
                0x08002b08                USBD_LL_PrepareReceive
 .text.USBD_LL_GetRxDataSize
                0x08002b0c        0x4 examples\USBSerial_test2\MXBluePillF103C8\obj\halmx_2\system\Middlewares\ST\STM32_USB_Device_Library\Core\Src\usbd_conf_template.o
                0x08002b0c                USBD_LL_GetRxDataSize
 .text.USBD_Init
                0x08002b10       0x2c examples\USBSerial_test2\MXBluePillF103C8\obj\halmx_2\system\Middlewares\ST\STM32_USB_Device_Library\Core\Src\usbd_core.o
                0x08002b10                USBD_Init
 .text.USBD_RegisterClass
                0x08002b3c       0x10 examples\USBSerial_test2\MXBluePillF103C8\obj\halmx_2\system\Middlewares\ST\STM32_USB_Device_Library\Core\Src\usbd_core.o
                0x08002b3c                USBD_RegisterClass
 .text.USBD_Start
                0x08002b4c        0xc examples\USBSerial_test2\MXBluePillF103C8\obj\halmx_2\system\Middlewares\ST\STM32_USB_Device_Library\Core\Src\usbd_core.o
                0x08002b4c                USBD_Start
 .text.USBD_SetClassConfig
                0x08002b58       0x14 examples\USBSerial_test2\MXBluePillF103C8\obj\halmx_2\system\Middlewares\ST\STM32_USB_Device_Library\Core\Src\usbd_core.o
                0x08002b58                USBD_SetClassConfig
 .text.USBD_ClrClassConfig
                0x08002b6c       0x10 examples\USBSerial_test2\MXBluePillF103C8\obj\halmx_2\system\Middlewares\ST\STM32_USB_Device_Library\Core\Src\usbd_core.o
                0x08002b6c                USBD_ClrClassConfig
 .text.USBD_LL_SetupStage
                0x08002b7c       0x60 examples\USBSerial_test2\MXBluePillF103C8\obj\halmx_2\system\Middlewares\ST\STM32_USB_Device_Library\Core\Src\usbd_core.o
                0x08002b7c                USBD_LL_SetupStage
 .text.USBD_LL_DataOutStage
                0x08002bdc       0x6c examples\USBSerial_test2\MXBluePillF103C8\obj\halmx_2\system\Middlewares\ST\STM32_USB_Device_Library\Core\Src\usbd_core.o
                0x08002bdc                USBD_LL_DataOutStage
 .text.USBD_LL_DataInStage
                0x08002c48       0xb0 examples\USBSerial_test2\MXBluePillF103C8\obj\halmx_2\system\Middlewares\ST\STM32_USB_Device_Library\Core\Src\usbd_core.o
                0x08002c48                USBD_LL_DataInStage
 .text.USBD_LL_Reset
                0x08002cf8       0x40 examples\USBSerial_test2\MXBluePillF103C8\obj\halmx_2\system\Middlewares\ST\STM32_USB_Device_Library\Core\Src\usbd_core.o
                0x08002cf8                USBD_LL_Reset
 .text.USBD_LL_SetSpeed
                0x08002d38        0x8 examples\USBSerial_test2\MXBluePillF103C8\obj\halmx_2\system\Middlewares\ST\STM32_USB_Device_Library\Core\Src\usbd_core.o
                0x08002d38                USBD_LL_SetSpeed
 .text.USBD_LL_Suspend
                0x08002d40       0x14 examples\USBSerial_test2\MXBluePillF103C8\obj\halmx_2\system\Middlewares\ST\STM32_USB_Device_Library\Core\Src\usbd_core.o
                0x08002d40                USBD_LL_Suspend
 .text.USBD_LL_Resume
                0x08002d54       0x10 examples\USBSerial_test2\MXBluePillF103C8\obj\halmx_2\system\Middlewares\ST\STM32_USB_Device_Library\Core\Src\usbd_core.o
                0x08002d54                USBD_LL_Resume
 .text.USBD_LL_SOF
                0x08002d64       0x20 examples\USBSerial_test2\MXBluePillF103C8\obj\halmx_2\system\Middlewares\ST\STM32_USB_Device_Library\Core\Src\usbd_core.o
                0x08002d64                USBD_LL_SOF
 .text.USBD_StdDevReq
                0x08002d84      0x2b8 examples\USBSerial_test2\MXBluePillF103C8\obj\halmx_2\system\Middlewares\ST\STM32_USB_Device_Library\Core\Src\usbd_ctlreq.o
                0x08002d84                USBD_StdDevReq
 .text.USBD_StdItfReq
                0x0800303c       0x3c examples\USBSerial_test2\MXBluePillF103C8\obj\halmx_2\system\Middlewares\ST\STM32_USB_Device_Library\Core\Src\usbd_ctlreq.o
                0x0800303c                USBD_StdItfReq
 .text.USBD_StdEPReq
                0x08003078       0xd0 examples\USBSerial_test2\MXBluePillF103C8\obj\halmx_2\system\Middlewares\ST\STM32_USB_Device_Library\Core\Src\usbd_ctlreq.o
                0x08003078                USBD_StdEPReq
 .text.USBD_ParseSetupRequest
                0x08003148       0x28 examples\USBSerial_test2\MXBluePillF103C8\obj\halmx_2\system\Middlewares\ST\STM32_USB_Device_Library\Core\Src\usbd_ctlreq.o
                0x08003148                USBD_ParseSetupRequest
 .text.USBD_GetString
                0x08003170       0x4c examples\USBSerial_test2\MXBluePillF103C8\obj\halmx_2\system\Middlewares\ST\STM32_USB_Device_Library\Core\Src\usbd_ctlreq.o
                0x08003170                USBD_GetString
 .text.USBD_CtlSendData
                0x080031bc       0x1c examples\USBSerial_test2\MXBluePillF103C8\obj\halmx_2\system\Middlewares\ST\STM32_USB_Device_Library\Core\Src\usbd_ioreq.o
                0x080031bc                USBD_CtlSendData
 .text.USBD_CtlContinueSendData
                0x080031d8       0x10 examples\USBSerial_test2\MXBluePillF103C8\obj\halmx_2\system\Middlewares\ST\STM32_USB_Device_Library\Core\Src\usbd_ioreq.o
                0x080031d8                USBD_CtlContinueSendData
 .text.USBD_CtlPrepareRx
                0x080031e8       0x20 examples\USBSerial_test2\MXBluePillF103C8\obj\halmx_2\system\Middlewares\ST\STM32_USB_Device_Library\Core\Src\usbd_ioreq.o
                0x080031e8                USBD_CtlPrepareRx
 .text.USBD_CtlContinueRx
                0x08003208       0x10 examples\USBSerial_test2\MXBluePillF103C8\obj\halmx_2\system\Middlewares\ST\STM32_USB_Device_Library\Core\Src\usbd_ioreq.o
                0x08003208                USBD_CtlContinueRx
 .text.USBD_CtlSendStatus
                0x08003218       0x18 examples\USBSerial_test2\MXBluePillF103C8\obj\halmx_2\system\Middlewares\ST\STM32_USB_Device_Library\Core\Src\usbd_ioreq.o
                0x08003218                USBD_CtlSendStatus
 .text.USBD_CtlReceiveStatus
                0x08003230       0x18 examples\USBSerial_test2\MXBluePillF103C8\obj\halmx_2\system\Middlewares\ST\STM32_USB_Device_Library\Core\Src\usbd_ioreq.o
                0x08003230                USBD_CtlReceiveStatus
 .text.TIM1_AF_PartialRemap
                0x08003248       0x30 examples\USBSerial_test2\MXBluePillF103C8\obj\halmx_2\variants\STM32F103C-BluePill\source\analog.o
 .text.TIM2_AF_FullRemap
                0x08003278       0x2c examples\USBSerial_test2\MXBluePillF103C8\obj\halmx_2\variants\STM32F103C-BluePill\source\analog.o
 .text.TIM3_AF_FullRemap
                0x080032a4       0x2c examples\USBSerial_test2\MXBluePillF103C8\obj\halmx_2\variants\STM32F103C-BluePill\source\analog.o
 .text.TIM3_AF_PartialRemap
                0x080032d0       0x30 examples\USBSerial_test2\MXBluePillF103C8\obj\halmx_2\variants\STM32F103C-BluePill\source\analog.o
 .text.TIM4_AF_NoRemap
                0x08003300       0x2c examples\USBSerial_test2\MXBluePillF103C8\obj\halmx_2\variants\STM32F103C-BluePill\source\analog.o
 .text.dac_stop
                0x0800332c        0x4 examples\USBSerial_test2\MXBluePillF103C8\obj\halmx_2\variants\STM32F103C-BluePill\source\analog.o
                0x0800332c                dac_stop
 .text.HAL_TIM_PWM_MspDeInit
                0x08003330        0x4 examples\USBSerial_test2\MXBluePillF103C8\obj\halmx_2\variants\STM32F103C-BluePill\source\analog.o
                0x08003330                HAL_TIM_PWM_MspDeInit
 .text.pwm_stop
                0x08003334       0x64 examples\USBSerial_test2\MXBluePillF103C8\obj\halmx_2\variants\STM32F103C-BluePill\source\analog.o
                0x08003334                pwm_stop
 .text.GetCurrentMilli
                0x08003398        0x4 examples\USBSerial_test2\MXBluePillF103C8\obj\halmx_2\variants\STM32F103C-BluePill\source\clock.o
                0x08003398                GetCurrentMilli
 .text.SysTick_Handler
                0x0800339c        0x4 examples\USBSerial_test2\MXBluePillF103C8\obj\halmx_2\variants\STM32F103C-BluePill\source\clock.o
                0x0800339c                SysTick_Handler
 .text.HAL_InitTick
                0x080033a0       0x28 examples\USBSerial_test2\MXBluePillF103C8\obj\halmx_2\variants\STM32F103C-BluePill\source\clock.o
                0x080033a0                HAL_InitTick
 .text.digital_io_init
                0x080033c8       0xa4 examples\USBSerial_test2\MXBluePillF103C8\obj\halmx_2\variants\STM32F103C-BluePill\source\digital_io.o
                0x080033c8                digital_io_init
 .text.digital_io_write
                0x0800346c       0x10 examples\USBSerial_test2\MXBluePillF103C8\obj\halmx_2\variants\STM32F103C-BluePill\source\digital_io.o
                0x0800346c                digital_io_write
 .text.hw_config_init
                0x0800347c       0x84 examples\USBSerial_test2\MXBluePillF103C8\obj\halmx_2\variants\STM32F103C-BluePill\source\hw_config.o
                0x0800347c                hw_config_init
 .text.NMI_Handler
                0x08003500        0x4 examples\USBSerial_test2\MXBluePillF103C8\obj\halmx_2\variants\STM32F103C-BluePill\source\hw_config.o
                0x08003500                NMI_Handler
 .text.HardFault_Handler
                0x08003504        0x4 examples\USBSerial_test2\MXBluePillF103C8\obj\halmx_2\variants\STM32F103C-BluePill\source\hw_config.o
                0x08003504                HardFault_Handler
 .text.MemManage_Handler
                0x08003508        0x4 examples\USBSerial_test2\MXBluePillF103C8\obj\halmx_2\variants\STM32F103C-BluePill\source\hw_config.o
                0x08003508                MemManage_Handler
 .text.BusFault_Handler
                0x0800350c        0x4 examples\USBSerial_test2\MXBluePillF103C8\obj\halmx_2\variants\STM32F103C-BluePill\source\hw_config.o
                0x0800350c                BusFault_Handler
 .text.UsageFault_Handler
                0x08003510        0x4 examples\USBSerial_test2\MXBluePillF103C8\obj\halmx_2\variants\STM32F103C-BluePill\source\hw_config.o
                0x08003510                UsageFault_Handler
 .text.DebugMon_Handler
                0x08003514        0x4 examples\USBSerial_test2\MXBluePillF103C8\obj\halmx_2\variants\STM32F103C-BluePill\source\hw_config.o
                0x08003514                DebugMon_Handler
 .text.USB_LP_CAN1_RX0_IRQHandler
                0x08003518        0xc examples\USBSerial_test2\MXBluePillF103C8\obj\halmx_2\variants\STM32F103C-BluePill\source\hw_config.o
                0x08003518                USB_LP_CAN1_RX0_IRQHandler
 .text.HAL_GPIO_EXTI_Callback
                0x08003524       0x2c examples\USBSerial_test2\MXBluePillF103C8\obj\halmx_2\variants\STM32F103C-BluePill\source\interrupt.o
                0x08003524                HAL_GPIO_EXTI_Callback
 .text.EXTI0_IRQHandler
                0x08003550        0x8 examples\USBSerial_test2\MXBluePillF103C8\obj\halmx_2\variants\STM32F103C-BluePill\source\interrupt.o
                0x08003550                EXTI0_IRQHandler
 .text.EXTI1_IRQHandler
                0x08003558        0x8 examples\USBSerial_test2\MXBluePillF103C8\obj\halmx_2\variants\STM32F103C-BluePill\source\interrupt.o
                0x08003558                EXTI1_IRQHandler
 .text.EXTI2_IRQHandler
                0x08003560        0x8 examples\USBSerial_test2\MXBluePillF103C8\obj\halmx_2\variants\STM32F103C-BluePill\source\interrupt.o
                0x08003560                EXTI2_IRQHandler
 .text.EXTI3_IRQHandler
                0x08003568        0x8 examples\USBSerial_test2\MXBluePillF103C8\obj\halmx_2\variants\STM32F103C-BluePill\source\interrupt.o
                0x08003568                EXTI3_IRQHandler
 .text.EXTI4_IRQHandler
                0x08003570        0x8 examples\USBSerial_test2\MXBluePillF103C8\obj\halmx_2\variants\STM32F103C-BluePill\source\interrupt.o
                0x08003570                EXTI4_IRQHandler
 .text.EXTI9_5_IRQHandler
                0x08003578       0x18 examples\USBSerial_test2\MXBluePillF103C8\obj\halmx_2\variants\STM32F103C-BluePill\source\interrupt.o
                0x08003578                EXTI9_5_IRQHandler
 .text.EXTI15_10_IRQHandler
                0x08003590       0x18 examples\USBSerial_test2\MXBluePillF103C8\obj\halmx_2\variants\STM32F103C-BluePill\source\interrupt.o
                0x08003590                EXTI15_10_IRQHandler
 .text.SystemInit
                0x080035a8       0x50 examples\USBSerial_test2\MXBluePillF103C8\obj\halmx_2\variants\STM32F103C-BluePill\source\system_stm32f1xx.o
                0x080035a8                SystemInit
 .text.tim1_clock_enable
                0x080035f8       0x20 examples\USBSerial_test2\MXBluePillF103C8\obj\halmx_2\variants\STM32F103C-BluePill\source\timer.o
 .text.tim1_clock_reset
                0x08003618       0x10 examples\USBSerial_test2\MXBluePillF103C8\obj\halmx_2\variants\STM32F103C-BluePill\source\timer.o
 .text.tim2_clock_enable
                0x08003628       0x20 examples\USBSerial_test2\MXBluePillF103C8\obj\halmx_2\variants\STM32F103C-BluePill\source\timer.o
 .text.tim2_clock_reset
                0x08003648       0x10 examples\USBSerial_test2\MXBluePillF103C8\obj\halmx_2\variants\STM32F103C-BluePill\source\timer.o
 .text.tim3_clock_enable
                0x08003658       0x20 examples\USBSerial_test2\MXBluePillF103C8\obj\halmx_2\variants\STM32F103C-BluePill\source\timer.o
 .text.tim3_clock_reset
                0x08003678       0x10 examples\USBSerial_test2\MXBluePillF103C8\obj\halmx_2\variants\STM32F103C-BluePill\source\timer.o
 .text.tim4_clock_enable
                0x08003688       0x20 examples\USBSerial_test2\MXBluePillF103C8\obj\halmx_2\variants\STM32F103C-BluePill\source\timer.o
 .text.tim4_clock_reset
                0x080036a8       0x10 examples\USBSerial_test2\MXBluePillF103C8\obj\halmx_2\variants\STM32F103C-BluePill\source\timer.o
 .text.timer_disable_clock
                0x080036b8       0x34 examples\USBSerial_test2\MXBluePillF103C8\obj\halmx_2\variants\STM32F103C-BluePill\source\timer.o
                0x080036b8                timer_disable_clock
 .text.HAL_TIM_OC_DelayElapsedCallback
                0x080036ec       0x5c examples\USBSerial_test2\MXBluePillF103C8\obj\halmx_2\variants\STM32F103C-BluePill\source\timer.o
                0x080036ec                HAL_TIM_OC_DelayElapsedCallback
 .text.HAL_TIM_PeriodElapsedCallback
                0x08003748       0x50 examples\USBSerial_test2\MXBluePillF103C8\obj\halmx_2\variants\STM32F103C-BluePill\source\timer.o
                0x08003748                HAL_TIM_PeriodElapsedCallback
 .text.TIM1_UP_IRQHandler
                0x08003798        0xc examples\USBSerial_test2\MXBluePillF103C8\obj\halmx_2\variants\STM32F103C-BluePill\source\timer.o
                0x08003798                TIM1_UP_IRQHandler
 .text.TIM1_CC_IRQHandler
                0x080037a4        0xc examples\USBSerial_test2\MXBluePillF103C8\obj\halmx_2\variants\STM32F103C-BluePill\source\timer.o
                0x080037a4                TIM1_CC_IRQHandler
 .text.TIM2_IRQHandler
                0x080037b0        0xc examples\USBSerial_test2\MXBluePillF103C8\obj\halmx_2\variants\STM32F103C-BluePill\source\timer.o
                0x080037b0                TIM2_IRQHandler
 .text.TIM3_IRQHandler
                0x080037bc        0xc examples\USBSerial_test2\MXBluePillF103C8\obj\halmx_2\variants\STM32F103C-BluePill\source\timer.o
                0x080037bc                TIM3_IRQHandler
 .text.TIM4_IRQHandler
                0x080037c8        0xc examples\USBSerial_test2\MXBluePillF103C8\obj\halmx_2\variants\STM32F103C-BluePill\source\timer.o
                0x080037c8                TIM4_IRQHandler
 .text.i2c1_clk_enable
                0x080037d4       0x20 examples\USBSerial_test2\MXBluePillF103C8\obj\halmx_2\variants\STM32F103C-BluePill\source\twi.o
 .text.i2c1_clk_disable
                0x080037f4       0x10 examples\USBSerial_test2\MXBluePillF103C8\obj\halmx_2\variants\STM32F103C-BluePill\source\twi.o
 .text.i2c1_scl_clk_enable
                0x08003804       0x20 examples\USBSerial_test2\MXBluePillF103C8\obj\halmx_2\variants\STM32F103C-BluePill\source\twi.o
 .text.i2c1_sda_clk_enable
                0x08003824       0x20 examples\USBSerial_test2\MXBluePillF103C8\obj\halmx_2\variants\STM32F103C-BluePill\source\twi.o
 .text.i2c1_scl_clk_disable
                0x08003844       0x10 examples\USBSerial_test2\MXBluePillF103C8\obj\halmx_2\variants\STM32F103C-BluePill\source\twi.o
 .text.i2c1_sda_clk_disable
                0x08003854       0x10 examples\USBSerial_test2\MXBluePillF103C8\obj\halmx_2\variants\STM32F103C-BluePill\source\twi.o
 .text.i2c1_force_reset
                0x08003864       0x10 examples\USBSerial_test2\MXBluePillF103C8\obj\halmx_2\variants\STM32F103C-BluePill\source\twi.o
 .text.i2c1_release_reset
                0x08003874       0x10 examples\USBSerial_test2\MXBluePillF103C8\obj\halmx_2\variants\STM32F103C-BluePill\source\twi.o
 .text.i2c1_alternate
                0x08003884       0x2c examples\USBSerial_test2\MXBluePillF103C8\obj\halmx_2\variants\STM32F103C-BluePill\source\twi.o
 .text.HAL_I2C_SlaveTxCpltCallback
                0x080038b0       0x30 examples\USBSerial_test2\MXBluePillF103C8\obj\halmx_2\variants\STM32F103C-BluePill\source\twi.o
                0x080038b0                HAL_I2C_SlaveTxCpltCallback
 .text.HAL_I2C_SlaveRxCpltCallback
                0x080038e0       0x58 examples\USBSerial_test2\MXBluePillF103C8\obj\halmx_2\variants\STM32F103C-BluePill\source\twi.o
                0x080038e0                HAL_I2C_SlaveRxCpltCallback
 .text.HAL_I2C_ErrorCallback
                0x08003938        0x4 examples\USBSerial_test2\MXBluePillF103C8\obj\halmx_2\variants\STM32F103C-BluePill\source\twi.o
                0x08003938                HAL_I2C_ErrorCallback
 .text.I2C1_EV_IRQHandler
                0x0800393c        0xc examples\USBSerial_test2\MXBluePillF103C8\obj\halmx_2\variants\STM32F103C-BluePill\source\twi.o
                0x0800393c                I2C1_EV_IRQHandler
 .text.I2C1_ER_IRQHandler
                0x08003948        0xc examples\USBSerial_test2\MXBluePillF103C8\obj\halmx_2\variants\STM32F103C-BluePill\source\twi.o
                0x08003948                I2C1_ER_IRQHandler
 .text.usart1_clock_enable
                0x08003954       0x20 examples\USBSerial_test2\MXBluePillF103C8\obj\halmx_2\variants\STM32F103C-BluePill\source\uart.o
 .text.usart1_force_reset
                0x08003974       0x10 examples\USBSerial_test2\MXBluePillF103C8\obj\halmx_2\variants\STM32F103C-BluePill\source\uart.o
 .text.usart1_release_reset
                0x08003984       0x10 examples\USBSerial_test2\MXBluePillF103C8\obj\halmx_2\variants\STM32F103C-BluePill\source\uart.o
 .text.usart2_clock_enable
                0x08003994       0x20 examples\USBSerial_test2\MXBluePillF103C8\obj\halmx_2\variants\STM32F103C-BluePill\source\uart.o
 .text.usart2_force_reset
                0x080039b4       0x10 examples\USBSerial_test2\MXBluePillF103C8\obj\halmx_2\variants\STM32F103C-BluePill\source\uart.o
 .text.usart2_release_reset
                0x080039c4       0x10 examples\USBSerial_test2\MXBluePillF103C8\obj\halmx_2\variants\STM32F103C-BluePill\source\uart.o
 .text.gpioa_clock_enable
                0x080039d4       0x20 examples\USBSerial_test2\MXBluePillF103C8\obj\halmx_2\variants\STM32F103C-BluePill\source\uart.o
 .text.USART1_AF_Remap
                0x080039f4       0x2c examples\USBSerial_test2\MXBluePillF103C8\obj\halmx_2\variants\STM32F103C-BluePill\source\uart.o
 .text.USART2_AF_Remap
                0x08003a20       0x2c examples\USBSerial_test2\MXBluePillF103C8\obj\halmx_2\variants\STM32F103C-BluePill\source\uart.o
 .text.HAL_UART_MspInit
                0x08003a4c       0x68 examples\USBSerial_test2\MXBluePillF103C8\obj\halmx_2\variants\STM32F103C-BluePill\source\uart.o
                0x08003a4c                HAL_UART_MspInit
 .text.HAL_UART_MspDeInit
                0x08003ab4       0x44 examples\USBSerial_test2\MXBluePillF103C8\obj\halmx_2\variants\STM32F103C-BluePill\source\uart.o
                0x08003ab4                HAL_UART_MspDeInit
 .text.uart_init
                0x08003af8       0x60 examples\USBSerial_test2\MXBluePillF103C8\obj\halmx_2\variants\STM32F103C-BluePill\source\uart.o
                0x08003af8                uart_init
 .text.uart_deinit
                0x08003b58       0x10 examples\USBSerial_test2\MXBluePillF103C8\obj\halmx_2\variants\STM32F103C-BluePill\source\uart.o
                0x08003b58                uart_deinit
 .text.uart_available
                0x08003b68       0x14 examples\USBSerial_test2\MXBluePillF103C8\obj\halmx_2\variants\STM32F103C-BluePill\source\uart.o
                0x08003b68                uart_available
 .text.uart_read
                0x08003b7c       0x54 examples\USBSerial_test2\MXBluePillF103C8\obj\halmx_2\variants\STM32F103C-BluePill\source\uart.o
                0x08003b7c                uart_read
 .text.uart_peek
                0x08003bd0       0x24 examples\USBSerial_test2\MXBluePillF103C8\obj\halmx_2\variants\STM32F103C-BluePill\source\uart.o
                0x08003bd0                uart_peek
 .text.uart_flush
                0x08003bf4       0x1c examples\USBSerial_test2\MXBluePillF103C8\obj\halmx_2\variants\STM32F103C-BluePill\source\uart.o
                0x08003bf4                uart_flush
 .text.uart_write
                0x08003c10       0x28 examples\USBSerial_test2\MXBluePillF103C8\obj\halmx_2\variants\STM32F103C-BluePill\source\uart.o
                0x08003c10                uart_write
 .text.HAL_UART_ErrorCallback
                0x08003c38       0x38 examples\USBSerial_test2\MXBluePillF103C8\obj\halmx_2\variants\STM32F103C-BluePill\source\uart.o
                0x08003c38                HAL_UART_ErrorCallback
 .text.HAL_UART_RxCpltCallback
                0x08003c70       0x88 examples\USBSerial_test2\MXBluePillF103C8\obj\halmx_2\variants\STM32F103C-BluePill\source\uart.o
                0x08003c70                HAL_UART_RxCpltCallback
 .text.USART1_IRQHandler
                0x08003cf8       0x18 examples\USBSerial_test2\MXBluePillF103C8\obj\halmx_2\variants\STM32F103C-BluePill\source\uart.o
                0x08003cf8                USART1_IRQHandler
 .text.USART2_IRQHandler
                0x08003d10       0x18 examples\USBSerial_test2\MXBluePillF103C8\obj\halmx_2\variants\STM32F103C-BluePill\source\uart.o
                0x08003d10                USART2_IRQHandler
 .text.MX_USB_DEVICE_Init
                0x08003d28       0x38 examples\USBSerial_test2\MXBluePillF103C8\obj\halmx_2\variants\STM32F103C-BluePill\source\usb_device.o
                0x08003d28                MX_USB_DEVICE_Init
 .text.CDC_DeInit_FS
                0x08003d60        0x4 examples\USBSerial_test2\MXBluePillF103C8\obj\halmx_2\variants\STM32F103C-BluePill\source\usbd_cdc_if.o
 .text.CDC_Control_FS
                0x08003d64       0x14 examples\USBSerial_test2\MXBluePillF103C8\obj\halmx_2\variants\STM32F103C-BluePill\source\usbd_cdc_if.o
 .text.CDC_Receive_FS
                0x08003d78       0x68 examples\USBSerial_test2\MXBluePillF103C8\obj\halmx_2\variants\STM32F103C-BluePill\source\usbd_cdc_if.o
 .text.CDC_Init_FS
                0x08003de0       0x28 examples\USBSerial_test2\MXBluePillF103C8\obj\halmx_2\variants\STM32F103C-BluePill\source\usbd_cdc_if.o
 .text.CDC_Transmit_FS
                0x08003e08       0x2c examples\USBSerial_test2\MXBluePillF103C8\obj\halmx_2\variants\STM32F103C-BluePill\source\usbd_cdc_if.o
                0x08003e08                CDC_Transmit_FS
 .text.HAL_PCD_SetupStageCallback
                0x08003e34       0x10 examples\USBSerial_test2\MXBluePillF103C8\obj\halmx_2\variants\STM32F103C-BluePill\source\usbd_conf.o
                0x08003e34                HAL_PCD_SetupStageCallback
 .text.HAL_PCD_DataOutStageCallback
                0x08003e44       0x10 examples\USBSerial_test2\MXBluePillF103C8\obj\halmx_2\variants\STM32F103C-BluePill\source\usbd_conf.o
                0x08003e44                HAL_PCD_DataOutStageCallback
 .text.HAL_PCD_DataInStageCallback
                0x08003e54       0x10 examples\USBSerial_test2\MXBluePillF103C8\obj\halmx_2\variants\STM32F103C-BluePill\source\usbd_conf.o
                0x08003e54                HAL_PCD_DataInStageCallback
 .text.HAL_PCD_SOFCallback
                0x08003e64        0x8 examples\USBSerial_test2\MXBluePillF103C8\obj\halmx_2\variants\STM32F103C-BluePill\source\usbd_conf.o
                0x08003e64                HAL_PCD_SOFCallback
 .text.HAL_PCD_ResetCallback
                0x08003e6c       0x1c examples\USBSerial_test2\MXBluePillF103C8\obj\halmx_2\variants\STM32F103C-BluePill\source\usbd_conf.o
                0x08003e6c                HAL_PCD_ResetCallback
 .text.HAL_PCD_SuspendCallback
                0x08003e88       0x20 examples\USBSerial_test2\MXBluePillF103C8\obj\halmx_2\variants\STM32F103C-BluePill\source\usbd_conf.o
                0x08003e88                HAL_PCD_SuspendCallback
 .text.HAL_PCD_ResumeCallback
                0x08003ea8        0x8 examples\USBSerial_test2\MXBluePillF103C8\obj\halmx_2\variants\STM32F103C-BluePill\source\usbd_conf.o
                0x08003ea8                HAL_PCD_ResumeCallback
 .text.USBD_static_malloc
                0x08003eb0        0x8 examples\USBSerial_test2\MXBluePillF103C8\obj\halmx_2\variants\STM32F103C-BluePill\source\usbd_conf.o
                0x08003eb0                USBD_static_malloc
 .text.USBD_static_free
                0x08003eb8        0x4 examples\USBSerial_test2\MXBluePillF103C8\obj\halmx_2\variants\STM32F103C-BluePill\source\usbd_conf.o
                0x08003eb8                USBD_static_free
 .text.USBD_FS_DeviceDescriptor
                0x08003ebc        0xc examples\USBSerial_test2\MXBluePillF103C8\obj\halmx_2\variants\STM32F103C-BluePill\source\usbd_desc.o
                0x08003ebc                USBD_FS_DeviceDescriptor
 .text.USBD_FS_LangIDStrDescriptor
                0x08003ec8        0xc examples\USBSerial_test2\MXBluePillF103C8\obj\halmx_2\variants\STM32F103C-BluePill\source\usbd_desc.o
                0x08003ec8                USBD_FS_LangIDStrDescriptor
 .text.USBD_FS_ManufacturerStrDescriptor
                0x08003ed4       0x1c examples\USBSerial_test2\MXBluePillF103C8\obj\halmx_2\variants\STM32F103C-BluePill\source\usbd_desc.o
                0x08003ed4                USBD_FS_ManufacturerStrDescriptor
 .text.USBD_FS_ProductStrDescriptor
                0x08003ef0       0x1c examples\USBSerial_test2\MXBluePillF103C8\obj\halmx_2\variants\STM32F103C-BluePill\source\usbd_desc.o
                0x08003ef0                USBD_FS_ProductStrDescriptor
 .text.USBD_FS_SerialStrDescriptor
                0x08003f0c       0x1c examples\USBSerial_test2\MXBluePillF103C8\obj\halmx_2\variants\STM32F103C-BluePill\source\usbd_desc.o
                0x08003f0c                USBD_FS_SerialStrDescriptor
 .text.USBD_FS_ConfigStrDescriptor
                0x08003f28       0x1c examples\USBSerial_test2\MXBluePillF103C8\obj\halmx_2\variants\STM32F103C-BluePill\source\usbd_desc.o
                0x08003f28                USBD_FS_ConfigStrDescriptor
 .text.USBD_FS_InterfaceStrDescriptor
                0x08003f44       0x1c examples\USBSerial_test2\MXBluePillF103C8\obj\halmx_2\variants\STM32F103C-BluePill\source\usbd_desc.o
                0x08003f44                USBD_FS_InterfaceStrDescriptor
 .text._Z11serialEventv
                0x08003f60        0x4 examples\USBSerial_test2\MXBluePillF103C8\obj\halmx_2\variants\STM32F103C-BluePill\variant.o
                0x08003f60                serialEvent()
 .text.USBSerial_Rx_Handler
                0x08003f64       0x10 examples\USBSerial_test2\MXBluePillF103C8\obj\halmx_2\variants\STM32F103C-BluePill\variant.o
                0x08003f64                USBSerial_Rx_Handler
 .text.init     0x08003f74       0x18 examples\USBSerial_test2\MXBluePillF103C8\obj\halmx_2\variants\STM32F103C-BluePill\variant.o
                0x08003f74                init
 .text.startup._GLOBAL__sub_I_g_APinDescription
                0x08003f8c       0x28 examples\USBSerial_test2\MXBluePillF103C8\obj\halmx_2\variants\STM32F103C-BluePill\variant.o
 .text._Z14serialEventRunv
                0x08003fb4       0x14 examples\USBSerial_test2\MXBluePillF103C8\obj\halmx_2\variants\STM32F103C-BluePill\variant.o
                0x08003fb4                serialEventRun()
 .text.__libc_init_array
                0x08003fc8       0x4c d:/electronics/gcc-arm-none-eabi-4_8-2014q3-20140805-win32/bin/../lib/gcc/arm-none-eabi/4.8.4/../../../../arm-none-eabi/lib/armv7-m\libc_s.a(lib_a-init.o)
                0x08003fc8                __libc_init_array
 .text.strlen   0x08004014       0x10 d:/electronics/gcc-arm-none-eabi-4_8-2014q3-20140805-win32/bin/../lib/gcc/arm-none-eabi/4.8.4/../../../../arm-none-eabi/lib/armv7-m\libc_s.a(lib_a-strlen.o)
                0x08004014                strlen
 *(.glue_7)
 .glue_7        0x00000000        0x0 linker stubs
 *(.glue_7t)
 .glue_7t       0x00000000        0x0 linker stubs
 *(.eh_frame)
 .eh_frame      0x08004024        0x0 d:/electronics/gcc-arm-none-eabi-4_8-2014q3-20140805-win32/bin/../lib/gcc/arm-none-eabi/4.8.4/armv7-m/crtbegin.o
 *(.init)
 .init          0x08004024        0x4 d:/electronics/gcc-arm-none-eabi-4_8-2014q3-20140805-win32/bin/../lib/gcc/arm-none-eabi/4.8.4/armv7-m/crti.o
                0x08004024                _init
 .init          0x08004028        0x8 d:/electronics/gcc-arm-none-eabi-4_8-2014q3-20140805-win32/bin/../lib/gcc/arm-none-eabi/4.8.4/armv7-m/crtn.o
 *(.fini)
 .fini          0x08004030        0x4 d:/electronics/gcc-arm-none-eabi-4_8-2014q3-20140805-win32/bin/../lib/gcc/arm-none-eabi/4.8.4/armv7-m/crti.o
                0x08004030                _fini
 .fini          0x08004034        0x8 d:/electronics/gcc-arm-none-eabi-4_8-2014q3-20140805-win32/bin/../lib/gcc/arm-none-eabi/4.8.4/armv7-m/crtn.o
                0x0800403c                . = ALIGN (0x4)
                0x0800403c                _etext = .

.vfp11_veneer   0x0800403c        0x0
 .vfp11_veneer  0x00000000        0x0 linker stubs

.v4_bx          0x0800403c        0x0
 .v4_bx         0x00000000        0x0 linker stubs

.iplt           0x0800403c        0x0
 .iplt          0x00000000        0x0 d:/electronics/gcc-arm-none-eabi-4_8-2014q3-20140805-win32/bin/../lib/gcc/arm-none-eabi/4.8.4/armv7-m/crtbegin.o

.rodata         0x08004040      0x3dc
                0x08004040                . = ALIGN (0x4)
 *(.rodata)
 .rodata        0x08004040       0x14 examples\USBSerial_test2\MXBluePillF103C8\obj\halmx_2\system\Drivers\STM32F1xx_HAL_Driver\Src\stm32f1xx_hal_rcc.o
 *(.rodata*)
 *fill*         0x08004054        0x4 
 .rodata._ZTV9IPAddress
                0x08004058       0x10 examples\USBSerial_test2\MXBluePillF103C8\obj\halmx_2\cores\arduino\IPAddress.o
                0x08004058                vtable for IPAddress
 .rodata._ZTV9UARTClass
                0x08004068       0x30 examples\USBSerial_test2\MXBluePillF103C8\obj\halmx_2\cores\arduino\UARTClass.o
                0x08004068                vtable for UARTClass
 .rodata._ZTV10USARTClass
                0x08004098       0x30 examples\USBSerial_test2\MXBluePillF103C8\obj\halmx_2\cores\arduino\USARTClass.o
                0x08004098                vtable for USARTClass
 .rodata._ZTV9USBSerial
                0x080040c8       0x28 examples\USBSerial_test2\MXBluePillF103C8\obj\halmx_2\cores\arduino\USBSerial.o
                0x080040c8                vtable for USBSerial
 .rodata.AHBPrescTable
                0x080040f0       0x10 examples\USBSerial_test2\MXBluePillF103C8\obj\halmx_2\variants\STM32F103C-BluePill\source\system_stm32f1xx.o
                0x080040f0                AHBPrescTable
 .rodata.APBPrescTable
                0x08004100        0x8 examples\USBSerial_test2\MXBluePillF103C8\obj\halmx_2\variants\STM32F103C-BluePill\source\system_stm32f1xx.o
                0x08004100                APBPrescTable
 .rodata.str1.4
                0x08004108       0x58 examples\USBSerial_test2\MXBluePillF103C8\obj\halmx_2\variants\STM32F103C-BluePill\source\usbd_desc.o
 .rodata.g_APinDescription
                0x08004160      0x2bc examples\USBSerial_test2\MXBluePillF103C8\obj\halmx_2\variants\STM32F103C-BluePill\variant.o
                0x08004160                g_APinDescription
                0x0800441c                . = ALIGN (0x4)

.rel.dyn        0x0800441c        0x0
 .rel.iplt      0x00000000        0x0 d:/electronics/gcc-arm-none-eabi-4_8-2014q3-20140805-win32/bin/../lib/gcc/arm-none-eabi/4.8.4/armv7-m/crtbegin.o

.ARM.extab
 *(.ARM.extab* .gnu.linkonce.armextab.*)

.ARM            0x0800441c        0x0
                0x0800441c                __exidx_start = .
 *(.ARM.exidx*)
                0x0800441c                __exidx_end = .

.preinit_array  0x0800441c        0x0
                0x0800441c                PROVIDE (__preinit_array_start, .)
 *(.preinit_array*)
                0x0800441c                PROVIDE (__preinit_array_end, .)

.init_array     0x0800441c        0xc
                0x0800441c                PROVIDE (__init_array_start, .)
 *(SORT(.init_array.*))
 *(.init_array*)
 .init_array    0x0800441c        0x4 d:/electronics/gcc-arm-none-eabi-4_8-2014q3-20140805-win32/bin/../lib/gcc/arm-none-eabi/4.8.4/armv7-m/crtbegin.o
 .init_array    0x08004420        0x4 examples\USBSerial_test2\MXBluePillF103C8\obj\halmx_2\cores\arduino\IPAddress.o
 .init_array    0x08004424        0x4 examples\USBSerial_test2\MXBluePillF103C8\obj\halmx_2\variants\STM32F103C-BluePill\variant.o
                0x08004428                PROVIDE (__init_array_end, .)

.fini_array     0x08004428        0x4
                0x08004428                PROVIDE (__fini_array_start, .)
 *(SORT(.fini_array.*))
 *(.fini_array*)
 .fini_array    0x08004428        0x4 d:/electronics/gcc-arm-none-eabi-4_8-2014q3-20140805-win32/bin/../lib/gcc/arm-none-eabi/4.8.4/armv7-m/crtbegin.o
                0x0800442c                PROVIDE (__fini_array_end, .)
                0x0800442c                _sidata = LOADADDR (.data)

.data           0x20000000      0xd48 load address 0x0800442c
                0x20000000                . = ALIGN (0x4)
                0x20000000                _sdata = .
 *(.data)
 *(.data*)
 .data.USBD_CDC_CfgFSDesc
                0x20000000       0x44 examples\USBSerial_test2\MXBluePillF103C8\obj\halmx_2\system\Middlewares\ST\STM32_USB_Device_Library\Class\CDC\Src\usbd_cdc.o
                0x20000000                USBD_CDC_CfgFSDesc
 .data.USBD_CDC
                0x20000044       0x38 examples\USBSerial_test2\MXBluePillF103C8\obj\halmx_2\system\Middlewares\ST\STM32_USB_Device_Library\Class\CDC\Src\usbd_cdc.o
                0x20000044                USBD_CDC
 .data.USBD_CDC_DeviceQualifierDesc
                0x2000007c        0xc examples\USBSerial_test2\MXBluePillF103C8\obj\halmx_2\system\Middlewares\ST\STM32_USB_Device_Library\Class\CDC\Src\usbd_cdc.o
 .data.USBD_CDC_OtherSpeedCfgDesc
                0x20000088       0x44 examples\USBSerial_test2\MXBluePillF103C8\obj\halmx_2\system\Middlewares\ST\STM32_USB_Device_Library\Class\CDC\Src\usbd_cdc.o
                0x20000088                USBD_CDC_OtherSpeedCfgDesc
 .data.USBD_CDC_CfgHSDesc
                0x200000cc       0x44 examples\USBSerial_test2\MXBluePillF103C8\obj\halmx_2\system\Middlewares\ST\STM32_USB_Device_Library\Class\CDC\Src\usbd_cdc.o
                0x200000cc                USBD_CDC_CfgHSDesc
 .data.g_analog_config
                0x20000110      0x780 examples\USBSerial_test2\MXBluePillF103C8\obj\halmx_2\variants\STM32F103C-BluePill\source\analog.o
                0x20000110                g_analog_config
 .data.gpio_irq_conf
                0x20000890      0x140 examples\USBSerial_test2\MXBluePillF103C8\obj\halmx_2\variants\STM32F103C-BluePill\source\interrupt.o
 .data.SystemCoreClock
                0x200009d0        0x4 examples\USBSerial_test2\MXBluePillF103C8\obj\halmx_2\variants\STM32F103C-BluePill\source\system_stm32f1xx.o
                0x200009d0                SystemCoreClock
 .data.g_timer_config
                0x200009d4       0xd0 examples\USBSerial_test2\MXBluePillF103C8\obj\halmx_2\variants\STM32F103C-BluePill\source\timer.o
 .data.g_i2c_init_info
                0x20000aa4       0xc0 examples\USBSerial_test2\MXBluePillF103C8\obj\halmx_2\variants\STM32F103C-BluePill\source\twi.o
 .data.g_uart_config
                0x20000b64      0x1a0 examples\USBSerial_test2\MXBluePillF103C8\obj\halmx_2\variants\STM32F103C-BluePill\source\uart.o
 .data.USBD_Interface_fops_FS
                0x20000d04       0x10 examples\USBSerial_test2\MXBluePillF103C8\obj\halmx_2\variants\STM32F103C-BluePill\source\usbd_cdc_if.o
                0x20000d04                USBD_Interface_fops_FS
 .data.FS_Desc  0x20000d14       0x1c examples\USBSerial_test2\MXBluePillF103C8\obj\halmx_2\variants\STM32F103C-BluePill\source\usbd_desc.o
                0x20000d14                FS_Desc
 .data.USBD_LangIDDesc
                0x20000d30        0x4 examples\USBSerial_test2\MXBluePillF103C8\obj\halmx_2\variants\STM32F103C-BluePill\source\usbd_desc.o
                0x20000d30                USBD_LangIDDesc
 .data.USBD_FS_DeviceDesc
                0x20000d34       0x14 examples\USBSerial_test2\MXBluePillF103C8\obj\halmx_2\variants\STM32F103C-BluePill\source\usbd_desc.o
                0x20000d34                USBD_FS_DeviceDesc
                0x20000d48                . = ALIGN (0x4)
                0x20000d48                _edata = .

.jcr            0x20000d48        0x0 load address 0x08005174
 .jcr           0x20000d48        0x0 d:/electronics/gcc-arm-none-eabi-4_8-2014q3-20140805-win32/bin/../lib/gcc/arm-none-eabi/4.8.4/armv7-m/crtbegin.o

.igot.plt       0x20000d48        0x0 load address 0x08005174
 .igot.plt      0x00000000        0x0 d:/electronics/gcc-arm-none-eabi-4_8-2014q3-20140805-win32/bin/../lib/gcc/arm-none-eabi/4.8.4/armv7-m/crtbegin.o
                0x20000d48                . = ALIGN (0x4)

.bss            0x20000d48     0x13b0 load address 0x08005174
                0x20000d48                _sbss = .
                0x20000d48                __bss_start__ = _sbss
 *(.bss)
 .bss           0x20000d48       0x1c d:/electronics/gcc-arm-none-eabi-4_8-2014q3-20140805-win32/bin/../lib/gcc/arm-none-eabi/4.8.4/armv7-m/crtbegin.o
 *(.bss*)
 .bss._ZL11INADDR_NONE
                0x20000d64        0x8 examples\USBSerial_test2\MXBluePillF103C8\obj\halmx_2\cores\arduino\IPAddress.o
 .bss.uwTick    0x20000d6c        0x4 examples\USBSerial_test2\MXBluePillF103C8\obj\halmx_2\system\Drivers\STM32F1xx_HAL_Driver\Src\stm32f1xx_hal.o
 .bss.ifalt.7852
                0x20000d70        0x1 examples\USBSerial_test2\MXBluePillF103C8\obj\halmx_2\system\Middlewares\ST\STM32_USB_Device_Library\Class\CDC\Src\usbd_cdc.o
 .bss.cfgidx.7857
                0x20000d71        0x1 examples\USBSerial_test2\MXBluePillF103C8\obj\halmx_2\system\Middlewares\ST\STM32_USB_Device_Library\Core\Src\usbd_ctlreq.o
 *fill*         0x20000d72        0x2 
 .bss.g_TimerHandle
                0x20000d74       0xf0 examples\USBSerial_test2\MXBluePillF103C8\obj\halmx_2\variants\STM32F103C-BluePill\source\timer.o
 .bss.g_UartHandle
                0x20000e64       0x80 examples\USBSerial_test2\MXBluePillF103C8\obj\halmx_2\variants\STM32F103C-BluePill\source\uart.o
 .bss.dtr_pin   0x20000ee4        0x1 examples\USBSerial_test2\MXBluePillF103C8\obj\halmx_2\variants\STM32F103C-BluePill\source\usbd_cdc_if.o
                0x20000ee4                dtr_pin
 *fill*         0x20000ee5        0x3 
 .bss.mem.7922  0x20000ee8      0x220 examples\USBSerial_test2\MXBluePillF103C8\obj\halmx_2\variants\STM32F103C-BluePill\source\usbd_conf.o
 .bss.Serial    0x20001108       0xa4 examples\USBSerial_test2\MXBluePillF103C8\obj\halmx_2\variants\STM32F103C-BluePill\variant.o
                0x20001108                Serial
 .bss.Serial1   0x200011ac       0x14 examples\USBSerial_test2\MXBluePillF103C8\obj\halmx_2\variants\STM32F103C-BluePill\variant.o
                0x200011ac                Serial1
 .bss.Serial2   0x200011c0       0x14 examples\USBSerial_test2\MXBluePillF103C8\obj\halmx_2\variants\STM32F103C-BluePill\variant.o
                0x200011c0                Serial2
 *(COMMON)
 COMMON         0x200011d4      0x334 examples\USBSerial_test2\MXBluePillF103C8\obj\halmx_2\cores\arduino\wiring_analog.o
                0x200011d4                g_anOutputPinConfigured
                0x2000147c                g_anInputPinConfigured
 COMMON         0x20001508      0x2a8 examples\USBSerial_test2\MXBluePillF103C8\obj\halmx_2\cores\arduino\wiring_digital.o
                0x20001508                g_digPinConfigured
 COMMON         0x200017b0        0x1 examples\USBSerial_test2\MXBluePillF103C8\obj\halmx_2\variants\STM32F103C-BluePill\source\uart.o
                0x200017b0                g_rx_data
 *fill*         0x200017b1        0x3 
 COMMON         0x200017b4      0x224 examples\USBSerial_test2\MXBluePillF103C8\obj\halmx_2\variants\STM32F103C-BluePill\source\usb_device.o
                0x200017b4                hUsbDeviceFS
 COMMON         0x200019d8      0x100 examples\USBSerial_test2\MXBluePillF103C8\obj\halmx_2\variants\STM32F103C-BluePill\source\usbd_cdc_if.o
                0x200019d8                UserRxBufferFS
                0x20001a58                UserTxBufferFS
 COMMON         0x20001ad8      0x420 examples\USBSerial_test2\MXBluePillF103C8\obj\halmx_2\variants\STM32F103C-BluePill\source\usbd_conf.o
                0x20001ad8                hpcd_USB_FS
 COMMON         0x20001ef8      0x200 examples\USBSerial_test2\MXBluePillF103C8\obj\halmx_2\variants\STM32F103C-BluePill\source\usbd_desc.o
                0x20001ef8                USBD_StrDesc
                0x200020f8                . = ALIGN (0x4)
                0x200020f8                _ebss = .
                0x200020f8                __bss_end__ = _ebss

._user_heap_stack
                0x200020f8      0x600 load address 0x08005174
                0x200020f8                . = ALIGN (0x4)
                0x200020f8                PROVIDE (end, .)
                0x200020f8                PROVIDE (_end, .)
                0x200022f8                . = (. + _Min_Heap_Size)
 *fill*         0x200020f8      0x200 
                0x200026f8                . = (. + _Min_Stack_Size)
 *fill*         0x200022f8      0x400 
                0x200026f8                . = ALIGN (0x4)

/DISCARD/
 libc.a(*)
 libm.a(*)
 libgcc.a(*)

.ARM.attributes
                0x00000000       0x29
 *(.ARM.attributes)
 .ARM.attributes
                0x00000000       0x1d d:/electronics/gcc-arm-none-eabi-4_8-2014q3-20140805-win32/bin/../lib/gcc/arm-none-eabi/4.8.4/armv7-m/crti.o
 .ARM.attributes
                0x0000001d       0x2d d:/electronics/gcc-arm-none-eabi-4_8-2014q3-20140805-win32/bin/../lib/gcc/arm-none-eabi/4.8.4/armv7-m/crtbegin.o
 .ARM.attributes
                0x0000004a       0x33 examples\USBSerial_test2\MXBluePillF103C8\obj\examples\USBSerial_test\USBSerial_test.o
 .ARM.attributes
                0x0000007d       0x33 examples\USBSerial_test2\MXBluePillF103C8\obj\halmx_2\cores\arduino\hooks.o
 .ARM.attributes
                0x000000b0       0x33 examples\USBSerial_test2\MXBluePillF103C8\obj\halmx_2\cores\arduino\IPAddress.o
 .ARM.attributes
                0x000000e3       0x33 examples\USBSerial_test2\MXBluePillF103C8\obj\halmx_2\cores\arduino\main.o
 .ARM.attributes
                0x00000116       0x33 examples\USBSerial_test2\MXBluePillF103C8\obj\halmx_2\cores\arduino\Print.o
 .ARM.attributes
                0x00000149       0x33 examples\USBSerial_test2\MXBluePillF103C8\obj\halmx_2\cores\arduino\UARTClass.o
 .ARM.attributes
                0x0000017c       0x33 examples\USBSerial_test2\MXBluePillF103C8\obj\halmx_2\cores\arduino\USARTClass.o
 .ARM.attributes
                0x000001af       0x33 examples\USBSerial_test2\MXBluePillF103C8\obj\halmx_2\cores\arduino\USBSerial.o
 .ARM.attributes
                0x000001e2       0x33 examples\USBSerial_test2\MXBluePillF103C8\obj\halmx_2\cores\arduino\wiring.o
 .ARM.attributes
                0x00000215       0x33 examples\USBSerial_test2\MXBluePillF103C8\obj\halmx_2\cores\arduino\wiring_analog.o
 .ARM.attributes
                0x00000248       0x33 examples\USBSerial_test2\MXBluePillF103C8\obj\halmx_2\cores\arduino\wiring_digital.o
 .ARM.attributes
                0x0000027b       0x21 examples\USBSerial_test2\MXBluePillF103C8\obj\halmx_2\system\Drivers\CMSIS\Device\ST\STM32F1xx\Source\Templates\gcc\startup_stm32f103xb.o
 .ARM.attributes
                0x0000029c       0x33 examples\USBSerial_test2\MXBluePillF103C8\obj\halmx_2\system\Drivers\STM32F1xx_HAL_Driver\Src\stm32f1xx_hal.o
 .ARM.attributes
                0x000002cf       0x33 examples\USBSerial_test2\MXBluePillF103C8\obj\halmx_2\system\Drivers\STM32F1xx_HAL_Driver\Src\stm32f1xx_hal_cortex.o
 .ARM.attributes
                0x00000302       0x33 examples\USBSerial_test2\MXBluePillF103C8\obj\halmx_2\system\Drivers\STM32F1xx_HAL_Driver\Src\stm32f1xx_hal_gpio.o
 .ARM.attributes
                0x00000335       0x33 examples\USBSerial_test2\MXBluePillF103C8\obj\halmx_2\system\Drivers\STM32F1xx_HAL_Driver\Src\stm32f1xx_hal_i2c.o
 .ARM.attributes
                0x00000368       0x33 examples\USBSerial_test2\MXBluePillF103C8\obj\halmx_2\system\Drivers\STM32F1xx_HAL_Driver\Src\stm32f1xx_hal_msp_template.o
 .ARM.attributes
                0x0000039b       0x33 examples\USBSerial_test2\MXBluePillF103C8\obj\halmx_2\system\Drivers\STM32F1xx_HAL_Driver\Src\stm32f1xx_hal_pcd.o
 .ARM.attributes
                0x000003ce       0x33 examples\USBSerial_test2\MXBluePillF103C8\obj\halmx_2\system\Drivers\STM32F1xx_HAL_Driver\Src\stm32f1xx_hal_rcc.o
 .ARM.attributes
                0x00000401       0x33 examples\USBSerial_test2\MXBluePillF103C8\obj\halmx_2\system\Drivers\STM32F1xx_HAL_Driver\Src\stm32f1xx_hal_tim.o
 .ARM.attributes
                0x00000434       0x33 examples\USBSerial_test2\MXBluePillF103C8\obj\halmx_2\system\Drivers\STM32F1xx_HAL_Driver\Src\stm32f1xx_hal_tim_ex.o
 .ARM.attributes
                0x00000467       0x33 examples\USBSerial_test2\MXBluePillF103C8\obj\halmx_2\system\Drivers\STM32F1xx_HAL_Driver\Src\stm32f1xx_hal_uart.o
 .ARM.attributes
                0x0000049a       0x33 examples\USBSerial_test2\MXBluePillF103C8\obj\halmx_2\system\Drivers\STM32F1xx_HAL_Driver\Src\stm32f1xx_ll_usb.o
 .ARM.attributes
                0x000004cd       0x33 examples\USBSerial_test2\MXBluePillF103C8\obj\halmx_2\system\Middlewares\ST\STM32_USB_Device_Library\Class\CDC\Src\usbd_cdc.o
 .ARM.attributes
                0x00000500       0x33 examples\USBSerial_test2\MXBluePillF103C8\obj\halmx_2\system\Middlewares\ST\STM32_USB_Device_Library\Core\Src\usbd_conf_template.o
 .ARM.attributes
                0x00000533       0x33 examples\USBSerial_test2\MXBluePillF103C8\obj\halmx_2\system\Middlewares\ST\STM32_USB_Device_Library\Core\Src\usbd_core.o
 .ARM.attributes
                0x00000566       0x33 examples\USBSerial_test2\MXBluePillF103C8\obj\halmx_2\system\Middlewares\ST\STM32_USB_Device_Library\Core\Src\usbd_ctlreq.o
 .ARM.attributes
                0x00000599       0x33 examples\USBSerial_test2\MXBluePillF103C8\obj\halmx_2\system\Middlewares\ST\STM32_USB_Device_Library\Core\Src\usbd_ioreq.o
 .ARM.attributes
                0x000005cc       0x33 examples\USBSerial_test2\MXBluePillF103C8\obj\halmx_2\variants\STM32F103C-BluePill\source\analog.o
 .ARM.attributes
                0x000005ff       0x33 examples\USBSerial_test2\MXBluePillF103C8\obj\halmx_2\variants\STM32F103C-BluePill\source\clock.o
 .ARM.attributes
                0x00000632       0x33 examples\USBSerial_test2\MXBluePillF103C8\obj\halmx_2\variants\STM32F103C-BluePill\source\digital_io.o
 .ARM.attributes
                0x00000665       0x33 examples\USBSerial_test2\MXBluePillF103C8\obj\halmx_2\variants\STM32F103C-BluePill\source\hw_config.o
 .ARM.attributes
                0x00000698       0x33 examples\USBSerial_test2\MXBluePillF103C8\obj\halmx_2\variants\STM32F103C-BluePill\source\interrupt.o
 .ARM.attributes
                0x000006cb       0x33 examples\USBSerial_test2\MXBluePillF103C8\obj\halmx_2\variants\STM32F103C-BluePill\source\system_stm32f1xx.o
 .ARM.attributes
                0x000006fe       0x33 examples\USBSerial_test2\MXBluePillF103C8\obj\halmx_2\variants\STM32F103C-BluePill\source\timer.o
 .ARM.attributes
                0x00000731       0x33 examples\USBSerial_test2\MXBluePillF103C8\obj\halmx_2\variants\STM32F103C-BluePill\source\twi.o
 .ARM.attributes
                0x00000764       0x33 examples\USBSerial_test2\MXBluePillF103C8\obj\halmx_2\variants\STM32F103C-BluePill\source\uart.o
 .ARM.attributes
                0x00000797       0x33 examples\USBSerial_test2\MXBluePillF103C8\obj\halmx_2\variants\STM32F103C-BluePill\source\usb_device.o
 .ARM.attributes
                0x000007ca       0x33 examples\USBSerial_test2\MXBluePillF103C8\obj\halmx_2\variants\STM32F103C-BluePill\source\usbd_cdc_if.o
 .ARM.attributes
                0x000007fd       0x33 examples\USBSerial_test2\MXBluePillF103C8\obj\halmx_2\variants\STM32F103C-BluePill\source\usbd_conf.o
 .ARM.attributes
                0x00000830       0x33 examples\USBSerial_test2\MXBluePillF103C8\obj\halmx_2\variants\STM32F103C-BluePill\source\usbd_desc.o
 .ARM.attributes
                0x00000863       0x33 examples\USBSerial_test2\MXBluePillF103C8\obj\halmx_2\variants\STM32F103C-BluePill\variant.o
 .ARM.attributes
                0x00000896       0x2d d:/electronics/gcc-arm-none-eabi-4_8-2014q3-20140805-win32/bin/../lib/gcc/arm-none-eabi/4.8.4/../../../../arm-none-eabi/lib/armv7-m\libc_s.a(lib_a-init.o)
 .ARM.attributes
                0x000008c3       0x2d d:/electronics/gcc-arm-none-eabi-4_8-2014q3-20140805-win32/bin/../lib/gcc/arm-none-eabi/4.8.4/../../../../arm-none-eabi/lib/armv7-m\libc_s.a(lib_a-strlen.o)
 .ARM.attributes
                0x000008f0       0x1d d:/electronics/gcc-arm-none-eabi-4_8-2014q3-20140805-win32/bin/../lib/gcc/arm-none-eabi/4.8.4/armv7-m/crtn.o
OUTPUT(examples\USBSerial_test2\MXBluePillF103C8\USBSerial.sys elf32-littlearm)

.comment        0x00000000       0x70
 .comment       0x00000000       0x70 examples\USBSerial_test2\MXBluePillF103C8\obj\examples\USBSerial_test\USBSerial_test.o
                                 0x71 (size before relaxing)
 .comment       0x00000000       0x71 examples\USBSerial_test2\MXBluePillF103C8\obj\halmx_2\cores\arduino\hooks.o
 .comment       0x00000000       0x71 examples\USBSerial_test2\MXBluePillF103C8\obj\halmx_2\cores\arduino\IPAddress.o
 .comment       0x00000000       0x71 examples\USBSerial_test2\MXBluePillF103C8\obj\halmx_2\cores\arduino\main.o
 .comment       0x00000000       0x71 examples\USBSerial_test2\MXBluePillF103C8\obj\halmx_2\cores\arduino\Print.o
 .comment       0x00000000       0x71 examples\USBSerial_test2\MXBluePillF103C8\obj\halmx_2\cores\arduino\UARTClass.o
 .comment       0x00000000       0x71 examples\USBSerial_test2\MXBluePillF103C8\obj\halmx_2\cores\arduino\USARTClass.o
 .comment       0x00000000       0x71 examples\USBSerial_test2\MXBluePillF103C8\obj\halmx_2\cores\arduino\USBSerial.o
 .comment       0x00000000       0x71 examples\USBSerial_test2\MXBluePillF103C8\obj\halmx_2\cores\arduino\wiring.o
 .comment       0x00000000       0x71 examples\USBSerial_test2\MXBluePillF103C8\obj\halmx_2\cores\arduino\wiring_analog.o
 .comment       0x00000000       0x71 examples\USBSerial_test2\MXBluePillF103C8\obj\halmx_2\cores\arduino\wiring_digital.o
 .comment       0x00000000       0x71 examples\USBSerial_test2\MXBluePillF103C8\obj\halmx_2\system\Drivers\STM32F1xx_HAL_Driver\Src\stm32f1xx_hal.o
 .comment       0x00000000       0x71 examples\USBSerial_test2\MXBluePillF103C8\obj\halmx_2\system\Drivers\STM32F1xx_HAL_Driver\Src\stm32f1xx_hal_cortex.o
 .comment       0x00000000       0x71 examples\USBSerial_test2\MXBluePillF103C8\obj\halmx_2\system\Drivers\STM32F1xx_HAL_Driver\Src\stm32f1xx_hal_gpio.o